../Core/Src/stub/uart_functions.c:16:6:setHandler	16	static
../Core/Src/stub/uart_functions.c:23:9:checkRTR	8	static
../Core/Src/stub/uart_functions.c:27:6:UART_TransmitIT	16	static
../Core/Src/stub/uart_functions.c:35:6:setRTR	8	static
../Core/Src/stub/uart_functions.c:39:6:resetRTR	8	static
../Core/Src/stub/uart_functions.c:43:6:UART_ReceiveIT	16	static
../Core/Src/stub/uart_functions.c:52:9:hasReceived	4	static
../Core/Src/stub/uart_functions.c:56:6:UART_ReceiveAck	8	static
../Core/Src/stub/uart_functions.c:61:9:UART_CheckAck	4	static
../Core/Src/stub/uart_functions.c:65:6:UART_SendAck	8	static
../Core/Src/stub/uart_functions.c:69:6:UART_SendNack	8	static
../Core/Src/stub/uart_functions.c:73:6:HAL_UART_RxCpltCallback	16	static
