Archive member included to satisfy reference by file (symbol)

C:/ST/STM32CubeIDE_1.18.0/STM32CubeIDE/plugins/com.st.stm32cube.ide.mcu.externaltools.gnu-tools-for-stm32.13.3.rel1.win32_1.0.0.202411081344/tools/bin/../lib/gcc/arm-none-eabi/13.3.1/../../../../arm-none-eabi/lib/thumb/v7e-m+fp/hard\libc_nano.a(libc_a-exit.o)
                              C:/ST/STM32CubeIDE_1.18.0/STM32CubeIDE/plugins/com.st.stm32cube.ide.mcu.externaltools.gnu-tools-for-stm32.13.3.rel1.win32_1.0.0.202411081344/tools/bin/../lib/gcc/arm-none-eabi/13.3.1/../../../../arm-none-eabi/lib/thumb/v7e-m+fp/hard/crt0.o (exit)
C:/ST/STM32CubeIDE_1.18.0/STM32CubeIDE/plugins/com.st.stm32cube.ide.mcu.externaltools.gnu-tools-for-stm32.13.3.rel1.win32_1.0.0.202411081344/tools/bin/../lib/gcc/arm-none-eabi/13.3.1/../../../../arm-none-eabi/lib/thumb/v7e-m+fp/hard\libc_nano.a(libc_a-findfp.o)
                              C:/ST/STM32CubeIDE_1.18.0/STM32CubeIDE/plugins/com.st.stm32cube.ide.mcu.externaltools.gnu-tools-for-stm32.13.3.rel1.win32_1.0.0.202411081344/tools/bin/../lib/gcc/arm-none-eabi/13.3.1/../../../../arm-none-eabi/lib/thumb/v7e-m+fp/hard\libc_nano.a(libc_a-exit.o) (__stdio_exit_handler)
C:/ST/STM32CubeIDE_1.18.0/STM32CubeIDE/plugins/com.st.stm32cube.ide.mcu.externaltools.gnu-tools-for-stm32.13.3.rel1.win32_1.0.0.202411081344/tools/bin/../lib/gcc/arm-none-eabi/13.3.1/../../../../arm-none-eabi/lib/thumb/v7e-m+fp/hard\libc_nano.a(libc_a-fwalk.o)
                              C:/ST/STM32CubeIDE_1.18.0/STM32CubeIDE/plugins/com.st.stm32cube.ide.mcu.externaltools.gnu-tools-for-stm32.13.3.rel1.win32_1.0.0.202411081344/tools/bin/../lib/gcc/arm-none-eabi/13.3.1/../../../../arm-none-eabi/lib/thumb/v7e-m+fp/hard\libc_nano.a(libc_a-findfp.o) (_fwalk_sglue)
C:/ST/STM32CubeIDE_1.18.0/STM32CubeIDE/plugins/com.st.stm32cube.ide.mcu.externaltools.gnu-tools-for-stm32.13.3.rel1.win32_1.0.0.202411081344/tools/bin/../lib/gcc/arm-none-eabi/13.3.1/../../../../arm-none-eabi/lib/thumb/v7e-m+fp/hard\libc_nano.a(libc_a-snprintf.o)
                              ./Core/Src/test/print.o (snprintf)
C:/ST/STM32CubeIDE_1.18.0/STM32CubeIDE/plugins/com.st.stm32cube.ide.mcu.externaltools.gnu-tools-for-stm32.13.3.rel1.win32_1.0.0.202411081344/tools/bin/../lib/gcc/arm-none-eabi/13.3.1/../../../../arm-none-eabi/lib/thumb/v7e-m+fp/hard\libc_nano.a(libc_a-sprintf.o)
                              ./Core/Src/test/gyroscope_test.o (sprintf)
C:/ST/STM32CubeIDE_1.18.0/STM32CubeIDE/plugins/com.st.stm32cube.ide.mcu.externaltools.gnu-tools-for-stm32.13.3.rel1.win32_1.0.0.202411081344/tools/bin/../lib/gcc/arm-none-eabi/13.3.1/../../../../arm-none-eabi/lib/thumb/v7e-m+fp/hard\libc_nano.a(libc_a-stdio.o)
                              C:/ST/STM32CubeIDE_1.18.0/STM32CubeIDE/plugins/com.st.stm32cube.ide.mcu.externaltools.gnu-tools-for-stm32.13.3.rel1.win32_1.0.0.202411081344/tools/bin/../lib/gcc/arm-none-eabi/13.3.1/../../../../arm-none-eabi/lib/thumb/v7e-m+fp/hard\libc_nano.a(libc_a-findfp.o) (__sread)
C:/ST/STM32CubeIDE_1.18.0/STM32CubeIDE/plugins/com.st.stm32cube.ide.mcu.externaltools.gnu-tools-for-stm32.13.3.rel1.win32_1.0.0.202411081344/tools/bin/../lib/gcc/arm-none-eabi/13.3.1/../../../../arm-none-eabi/lib/thumb/v7e-m+fp/hard\libc_nano.a(libc_a-memset.o)
                              C:/ST/STM32CubeIDE_1.18.0/STM32CubeIDE/plugins/com.st.stm32cube.ide.mcu.externaltools.gnu-tools-for-stm32.13.3.rel1.win32_1.0.0.202411081344/tools/bin/../lib/gcc/arm-none-eabi/13.3.1/../../../../arm-none-eabi/lib/thumb/v7e-m+fp/hard/crt0.o (memset)
C:/ST/STM32CubeIDE_1.18.0/STM32CubeIDE/plugins/com.st.stm32cube.ide.mcu.externaltools.gnu-tools-for-stm32.13.3.rel1.win32_1.0.0.202411081344/tools/bin/../lib/gcc/arm-none-eabi/13.3.1/../../../../arm-none-eabi/lib/thumb/v7e-m+fp/hard\libc_nano.a(libc_a-closer.o)
                              C:/ST/STM32CubeIDE_1.18.0/STM32CubeIDE/plugins/com.st.stm32cube.ide.mcu.externaltools.gnu-tools-for-stm32.13.3.rel1.win32_1.0.0.202411081344/tools/bin/../lib/gcc/arm-none-eabi/13.3.1/../../../../arm-none-eabi/lib/thumb/v7e-m+fp/hard\libc_nano.a(libc_a-stdio.o) (_close_r)
C:/ST/STM32CubeIDE_1.18.0/STM32CubeIDE/plugins/com.st.stm32cube.ide.mcu.externaltools.gnu-tools-for-stm32.13.3.rel1.win32_1.0.0.202411081344/tools/bin/../lib/gcc/arm-none-eabi/13.3.1/../../../../arm-none-eabi/lib/thumb/v7e-m+fp/hard\libc_nano.a(libc_a-reent.o)
                              C:/ST/STM32CubeIDE_1.18.0/STM32CubeIDE/plugins/com.st.stm32cube.ide.mcu.externaltools.gnu-tools-for-stm32.13.3.rel1.win32_1.0.0.202411081344/tools/bin/../lib/gcc/arm-none-eabi/13.3.1/../../../../arm-none-eabi/lib/thumb/v7e-m+fp/hard\libc_nano.a(libc_a-closer.o) (errno)
C:/ST/STM32CubeIDE_1.18.0/STM32CubeIDE/plugins/com.st.stm32cube.ide.mcu.externaltools.gnu-tools-for-stm32.13.3.rel1.win32_1.0.0.202411081344/tools/bin/../lib/gcc/arm-none-eabi/13.3.1/../../../../arm-none-eabi/lib/thumb/v7e-m+fp/hard\libc_nano.a(libc_a-impure.o)
[...]
Memory Configuration

Name             Origin             Length             Attributes
RAM              0x20000000         0x00020000         xrw
FLASH            0x08000000         0x00080000         xr
*default*        0x00000000         0xffffffff

Linker script and memory map

LOAD C:/ST/STM32CubeIDE_1.18.0/STM32CubeIDE/plugins/com.st.stm32cube.ide.mcu.externaltools.gnu-tools-for-stm32.13.3.rel1.win32_1.0.0.202411081344/tools/bin/../lib/gcc/arm-none-eabi/13.3.1/thumb/v7e-m+fp/hard/crti.o
LOAD C:/ST/STM32CubeIDE_1.18.0/STM32CubeIDE/plugins/com.st.stm32cube.ide.mcu.externaltools.gnu-tools-for-stm32.13.3.rel1.win32_1.0.0.202411081344/tools/bin/../lib/gcc/arm-none-eabi/13.3.1/thumb/v7e-m+fp/hard/crtbegin.o
LOAD C:/ST/STM32CubeIDE_1.18.0/STM32CubeIDE/plugins/com.st.stm32cube.ide.mcu.externaltools.gnu-tools-for-stm32.13.3.rel1.win32_1.0.0.202411081344/tools/bin/../lib/gcc/arm-none-eabi/13.3.1/../../../../arm-none-eabi/lib/thumb/v7e-m+fp/hard/crt0.o
LOAD ./Core/Src/actions/ActionsModel.o
LOAD ./Core/Src/board2/Board2.o
LOAD ./Core/Src/bus/deserialize.o
LOAD ./Core/Src/bus/serialize.o
LOAD ./Core/Src/crc.o
LOAD ./Core/Src/gpio.o
LOAD ./Core/Src/i2c.o
LOAD ./Core/Src/main.o
LOAD ./Core/Src/rt_nonfinite.o
LOAD ./Core/Src/stm32g4xx_hal_msp.o
LOAD ./Core/Src/stm32g4xx_it.o
LOAD ./Core/Src/syscalls.o
LOAD ./Core/Src/sysmem.o
LOAD ./Core/Src/system_stm32g4xx.o
LOAD ./Core/Src/tim.o
LOAD ./Core/Src/usart.o
LOAD ./Core/Src/driver/HCSR04.o
LOAD ./Core/Src/driver/motor_control.o
LOAD ./Core/Src/driver/mpu6050.o
LOAD ./Core/Src/driver/pad_receiver.o
LOAD ./Core/Src/driver_init/gyroscope_init.o
LOAD ./Core/Src/driver_init/motors_init.o
LOAD ./Core/Src/driver_init/sonar_init.o
LOAD ./Core/Src/stub/crc_functions.o
LOAD ./Core/Src/stub/uart_functions.o
LOAD ./Core/Src/test/gyroscope_test.o
LOAD ./Core/Src/test/joystick_test.o
LOAD ./Core/Src/test/print.o
LOAD ./Core/Src/test/sonar_test.o
LOAD ./Core/Src/wcet_estimation/DWT.o
LOAD ./Core/Startup/startup_stm32g474retx.o
LOAD ./Drivers/STM32G4xx_HAL_Driver/Src/stm32g4xx_hal.o
LOAD ./Drivers/STM32G4xx_HAL_Driver/Src/stm32g4xx_hal_cortex.o
LOAD ./Drivers/STM32G4xx_HAL_Driver/Src/stm32g4xx_hal_crc.o
LOAD ./Drivers/STM32G4xx_HAL_Driver/Src/stm32g4xx_hal_crc_ex.o
LOAD ./Drivers/STM32G4xx_HAL_Driver/Src/stm32g4xx_hal_dma.o
LOAD ./Drivers/STM32G4xx_HAL_Driver/Src/stm32g4xx_hal_dma_ex.o
LOAD ./Drivers/STM32G4xx_HAL_Driver/Src/stm32g4xx_hal_exti.o
LOAD ./Drivers/STM32G4xx_HAL_Driver/Src/stm32g4xx_hal_flash.o
LOAD ./Drivers/STM32G4xx_HAL_Driver/Src/stm32g4xx_hal_flash_ex.o
LOAD ./Drivers/STM32G4xx_HAL_Driver/Src/stm32g4xx_hal_flash_ramfunc.o
LOAD ./Drivers/STM32G4xx_HAL_Driver/Src/stm32g4xx_hal_gpio.o
LOAD ./Drivers/STM32G4xx_HAL_Driver/Src/stm32g4xx_hal_i2c.o
LOAD ./Drivers/STM32G4xx_HAL_Driver/Src/stm32g4xx_hal_i2c_ex.o
LOAD ./Drivers/STM32G4xx_HAL_Driver/Src/stm32g4xx_hal_pwr.o
LOAD ./Drivers/STM32G4xx_HAL_Driver/Src/stm32g4xx_hal_pwr_ex.o
LOAD ./Drivers/STM32G4xx_HAL_Driver/Src/stm32g4xx_hal_rcc.o
LOAD ./Drivers/STM32G4xx_HAL_Driver/Src/stm32g4xx_hal_rcc_ex.o
LOAD ./Drivers/STM32G4xx_HAL_Driver/Src/stm32g4xx_hal_tim.o
LOAD ./Drivers/STM32G4xx_HAL_Driver/Src/stm32g4xx_hal_tim_ex.o
LOAD ./Drivers/STM32G4xx_HAL_Driver/Src/stm32g4xx_hal_uart.o
LOAD ./Drivers/STM32G4xx_HAL_Driver/Src/stm32g4xx_hal_uart_ex.o
START GROUP
LOAD C:/ST/STM32CubeIDE_1.18.0/STM32CubeIDE/plugins/com.st.stm32cube.ide.mcu.externaltools.gnu-tools-for-stm32.13.3.rel1.win32_1.0.0.202411081344/tools/bin/../lib/gcc/arm-none-eabi/13.3.1/../../../../arm-none-eabi/lib/thumb/v7e-m+fp/hard\libc_nano.a
LOAD C:/ST/STM32CubeIDE_1.18.0/STM32CubeIDE/plugins/com.st.stm32cube.ide.mcu.externaltools.gnu-tools-for-stm32.13.3.rel1.win32_1.0.0.202411081344/tools/bin/../lib/gcc/arm-none-eabi/13.3.1/../../../../arm-none-eabi/lib/thumb/v7e-m+fp/hard\libm.a
END GROUP
START GROUP
LOAD C:/ST/STM32CubeIDE_1.18.0/STM32CubeIDE/plugins/com.st.stm32cube.ide.mcu.externaltools.gnu-tools-for-stm32.13.3.rel1.win32_1.0.0.202411081344/tools/bin/../lib/gcc/arm-none-eabi/13.3.1/thumb/v7e-m+fp/hard\libgcc.a
LOAD C:/ST/STM32CubeIDE_1.18.0/STM32CubeIDE/plugins/com.st.stm32cube.ide.mcu.externaltools.gnu-tools-for-stm32.13.3.rel1.win32_1.0.0.202411081344/tools/bin/../lib/gcc/arm-none-eabi/13.3.1/../../../../arm-none-eabi/lib/thumb/v7e-m+fp/hard\libc_nano.a
END GROUP
START GROUP
LOAD C:/ST/STM32CubeIDE_1.18.0/STM32CubeIDE/plugins/com.st.stm32cube.ide.mcu.externaltools.gnu-tools-for-stm32.13.3.rel1.win32_1.0.0.202411081344/tools/bin/../lib/gcc/arm-none-eabi/13.3.1/thumb/v7e-m+fp/hard\libgcc.a
LOAD C:/ST/STM32CubeIDE_1.18.0/STM32CubeIDE/plugins/com.st.stm32cube.ide.mcu.externaltools.gnu-tools-for-stm32.13.3.rel1.win32_1.0.0.202411081344/tools/bin/../lib/gcc/arm-none-eabi/13.3.1/../../../../arm-none-eabi/lib/thumb/v7e-m+fp/hard\libc_nano.a
LOAD C:/ST/STM32CubeIDE_1.18.0/STM32CubeIDE/plugins/com.st.stm32cube.ide.mcu.externaltools.gnu-tools-for-stm32.13.3.rel1.win32_1.0.0.202411081344/tools/bin/../lib/gcc/arm-none-eabi/13.3.1/../../../../arm-none-eabi/lib/thumb/v7e-m+fp/hard\libnosys.a
END GROUP
START GROUP
LOAD C:/ST/STM32CubeIDE_1.18.0/STM32CubeIDE/plugins/com.st.stm32cube.ide.mcu.externaltools.gnu-tools-for-stm32.13.3.rel1.win32_1.0.0.202411081344/tools/bin/../lib/gcc/arm-none-eabi/13.3.1/thumb/v7e-m+fp/hard\libgcc.a
LOAD C:/ST/STM32CubeIDE_1.18.0/STM32CubeIDE/plugins/com.st.stm32cube.ide.mcu.externaltools.gnu-tools-for-stm32.13.3.rel1.win32_1.0.0.202411081344/tools/bin/../lib/gcc/arm-none-eabi/13.3.1/../../../../arm-none-eabi/lib/thumb/v7e-m+fp/hard\libc_nano.a
LOAD C:/ST/STM32CubeIDE_1.18.0/STM32CubeIDE/plugins/com.st.stm32cube.ide.mcu.externaltools.gnu-tools-for-stm32.13.3.rel1.win32_1.0.0.202411081344/tools/bin/../lib/gcc/arm-none-eabi/13.3.1/../../../../arm-none-eabi/lib/thumb/v7e-m+fp/hard\libnosys.a
END GROUP
LOAD C:/ST/STM32CubeIDE_1.18.0/STM32CubeIDE/plugins/com.st.stm32cube.ide.mcu.externaltools.gnu-tools-for-stm32.13.3.rel1.win32_1.0.0.202411081344/tools/bin/../lib/gcc/arm-none-eabi/13.3.1/thumb/v7e-m+fp/hard/crtend.o
LOAD C:/ST/STM32CubeIDE_1.18.0/STM32CubeIDE/plugins/com.st.stm32cube.ide.mcu.externaltools.gnu-tools-for-stm32.13.3.rel1.win32_1.0.0.202411081344/tools/bin/../lib/gcc/arm-none-eabi/13.3.1/thumb/v7e-m+fp/hard/crtn.o
                0x20020000                        _estack = (ORIGIN (RAM) + LENGTH (RAM))
                0x00000200                        _Min_Heap_Size = 0x200
                0x00000400                        _Min_Stack_Size = 0x400

.isr_vector     0x08000000      0x1d8
                0x08000000                        . = ALIGN (0x4)
 *(.isr_vector)
 .isr_vector    0x08000000      0x1d8 ./Core/Startup/startup_stm32g474retx.o
                0x08000000                g_pfnVectors
                0x080001d8                        . = ALIGN (0x4)

.text           0x080001e0    0x100ac
                0x080001e0                        . = ALIGN (0x4)
 *(.text)
 .text          0x080001e0       0x40 C:/ST/STM32CubeIDE_1.18.0/STM32CubeIDE/plugins/com.st.stm32cube.ide.mcu.externaltools.gnu-tools-for-stm32.13.3.rel1.win32_1.0.0.202411081344/tools/bin/../lib/gcc/arm-none-eabi/13.3.1/thumb/v7e-m+fp/hard/crtbegin.o
 .text          0x08000220       0x10 C:/ST/STM32CubeIDE_1.18.0/STM32CubeIDE/plugins/com.st.stm32cube.ide.mcu.externaltools.gnu-tools-for-stm32.13.3.rel1.win32_1.0.0.202411081344/tools/bin/../lib/gcc/arm-none-eabi/13.3.1/../../../../arm-none-eabi/lib/thumb/v7e-m+fp/hard\libc_nano.a(libc_a-strlen.o)
                0x08000220                strlen
 .text          0x08000230       0xa0 C:/ST/STM32CubeIDE_1.18.0/STM32CubeIDE/plugins/com.st.stm32cube.ide.mcu.externaltools.gnu-tools-for-stm32.13.3.rel1.win32_1.0.0.202411081344/tools/bin/../lib/gcc/arm-none-eabi/13.3.1/../../../../arm-none-eabi/lib/thumb/v7e-m+fp/hard\libc_nano.a(libc_a-memchr.o)
                0x08000230                memchr
 .text          0x080002d0      0x378 C:/ST/STM32CubeIDE_1.18.0/STM32CubeIDE/plugins/com.st.stm32cube.ide.mcu.externaltools.gnu-tools-for-stm32.13.3.rel1.win32_1.0.0.202411081344/tools/bin/../lib/gcc/arm-none-eabi/13.3.1/thumb/v7e-m+fp/hard\libgcc.a(_arm_addsubdf3.o)
                0x080002d0                __aeabi_drsub
                0x080002d8                __aeabi_dsub
                0x080002d8                __subdf3
                0x080002dc                __aeabi_dadd
                0x080002dc                __adddf3
                0x08000554                __floatunsidf
                0x08000554                __aeabi_ui2d
                0x08000574                __floatsidf
                0x08000574                __aeabi_i2d
                0x08000598                __aeabi_f2d
                0x08000598                __extendsfdf2
                0x080005dc                __floatundidf
                0x080005dc                __aeabi_ul2d
                0x080005ec                __floatdidf
                0x080005ec                __aeabi_l2d
 .text          0x08000648      0x424 C:/ST/STM32CubeIDE_1.18.0/STM32CubeIDE/plugins/com.st.stm32cube.ide.mcu.externaltools.gnu-tools-for-stm32.13.3.rel1.win32_1.0.0.202411081344/tools/bin/../lib/gcc/arm-none-eabi/13.3.1/thumb/v7e-m+fp/hard\libgcc.a(_arm_muldivdf3.o)
                0x08000648                __aeabi_dmul
                0x08000648                __muldf3
                0x0800089c                __divdf3
                0x0800089c                __aeabi_ddiv
 .text          0x08000a6c      0x110 C:/ST/STM32CubeIDE_1.18.0/STM32CubeIDE/plugins/com.st.stm32cube.ide.mcu.externaltools.gnu-tools-for-stm32.13.3.rel1.win32_1.0.0.202411081344/tools/bin/../lib/gcc/arm-none-eabi/13.3.1/thumb/v7e-m+fp/hard\libgcc.a(_arm_cmpdf2.o)
                0x08000a6c                __gtdf2
                0x08000a6c                __gedf2
                0x08000a74                __ltdf2
                0x08000a74                __ledf2
                0x08000a7c                __nedf2
                0x08000a7c                __eqdf2
                0x08000a7c                __cmpdf2
                0x08000af8                __aeabi_cdrcmple
                0x08000b08                __aeabi_cdcmpeq
                0x08000b08                __aeabi_cdcmple
                0x08000b18                __aeabi_dcmpeq
                0x08000b2c                __aeabi_dcmplt
                0x08000b40                __aeabi_dcmple
                0x08000b54                __aeabi_dcmpge
                0x08000b68                __aeabi_dcmpgt
 .text          0x08000b7c       0x40 C:/ST/STM32CubeIDE_1.18.0/STM32CubeIDE/plugins/com.st.stm32cube.ide.mcu.externaltools.gnu-tools-for-stm32.13.3.rel1.win32_1.0.0.202411081344/tools/bin/../lib/gcc/arm-none-eabi/13.3.1/thumb/v7e-m+fp/hard\libgcc.a(_arm_fixunsdfsi.o)
                0x08000b7c                __aeabi_d2uiz
                0x08000b7c                __fixunsdfsi
 .text          0x08000bbc       0xa0 C:/ST/STM32CubeIDE_1.18.0/STM32CubeIDE/plugins/com.st.stm32cube.ide.mcu.externaltools.gnu-tools-for-stm32.13.3.rel1.win32_1.0.0.202411081344/tools/bin/../lib/gcc/arm-none-eabi/13.3.1/thumb/v7e-m+fp/hard\libgcc.a(_arm_truncdfsf2.o)
                0x08000bbc                __truncdfsf2
                0x08000bbc                __aeabi_d2f
 .text          0x08000c5c       0x30 C:/ST/STM32CubeIDE_1.18.0/STM32CubeIDE/plugins/com.st.stm32cube.ide.mcu.externaltools.gnu-tools-for-stm32.13.3.rel1.win32_1.0.0.202411081344/tools/bin/../lib/gcc/arm-none-eabi/13.3.1/thumb/v7e-m+fp/hard\libgcc.a(_aeabi_uldivmod.o)
                0x08000c5c                __aeabi_uldivmod
 .text          0x08000c8c      0x2f8 C:/ST/STM32CubeIDE_1.18.0/STM32CubeIDE/plugins/com.st.stm32cube.ide.mcu.externaltools.gnu-tools-for-stm32.13.3.rel1.win32_1.0.0.202411081344/tools/bin/../lib/gcc/arm-none-eabi/13.3.1/thumb/v7e-m+fp/hard\libgcc.a(_udivmoddi4.o)
                0x08000c8c                __udivmoddi4
 .text          0x08000f84        0x4 C:/ST/STM32CubeIDE_1.18.0/STM32CubeIDE/plugins/com.st.stm32cube.ide.mcu.externaltools.gnu-tools-for-stm32.13.3.rel1.win32_1.0.0.202411081344/tools/bin/../lib/gcc/arm-none-eabi/13.3.1/thumb/v7e-m+fp/hard\libgcc.a(_dvmd_tls.o)
                0x08000f84                __aeabi_idiv0
                0x08000f84                __aeabi_ldiv0
 *(.text*)
 .text.ActionsMod_MovingObstacles_Init
                0x08000f88       0x22 ./Core/Src/actions/ActionsModel.o
                0x08000f88                ActionsMod_MovingObstacles_Init
 *fill*         0x08000faa        0x2 
 .text.ActionsModel_MovingObstacles
                0x08000fac      0x1dc ./Core/Src/actions/ActionsModel.o
                0x08000fac                ActionsModel_MovingObstacles
 .text.ActionsMo_checkSafetyFromRotate
                0x08001188       0x26 ./Core/Src/actions/ActionsModel.o
 .text.ActionsM_checkSafetyFromForward
                0x080011ae       0x5a ./Core/Src/actions/ActionsModel.o
 .text.ActionsModel_areAllSpeedsZero
                0x08001208       0x86 ./Core/Src/actions/ActionsModel.o
 *fill*         0x0800128e        0x2 
 .text.Acti_trackGyroAngleChangeRobust
                0x08001290      0x120 ./Core/Src/actions/ActionsModel.o
 .text.enter_internal_BW_FW_SafeAction
                0x080013b0       0xd4 ./Core/Src/actions/ActionsModel.o
 .text.ActionsModel_BW_Forward
                0x08001484      0x470 ./Core/Src/actions/ActionsModel.o
 .text.ActionsModel_BW_RotateLeft
                0x080018f4      0x2a4 ./Core/Src/actions/ActionsModel.o
 .text.Ac_enter_internal_FW_SafeAction
                0x08001b98       0xd4 ./Core/Src/actions/ActionsModel.o
 .text.ActionsModel_Backward
                0x08001c6c      0x778 ./Core/Src/actions/ActionsModel.o
 .text.ActionsModel_Forward
                0x080023e4      0x628 ./Core/Src/actions/ActionsModel.o
 .text.ActionsModel_RotateLeft
                0x08002a0c      0x4d8 ./Core/Src/actions/ActionsModel.o
 .text.ActionsModel_RotateRight
                0x08002ee4      0x4d8 ./Core/Src/actions/ActionsModel.o
 .text.ActionsModel_Init
                0x080033bc       0x48 ./Core/Src/actions/ActionsModel.o
                0x080033bc                ActionsModel_Init
 .text.ActionsModel_ComputeRoverAction
                0x08003404      0x624 ./Core/Src/actions/ActionsModel.o
                0x08003404                ActionsModel_ComputeRoverAction
 .text.ActionsModel_initialize
                0x08003a28       0x24 ./Core/Src/actions/ActionsModel.o
                0x08003a28                ActionsModel_initialize
 .text.Board2_ExchangeLocalState
                0x08003a4c      0x308 ./Core/Src/board2/Board2.o
 .text.Board2_evaluateLed
                0x08003d54       0x5a ./Core/Src/board2/Board2.o
 .text.Board2_computeUserAction
                0x08003dae       0x8c ./Core/Src/board2/Board2.o
 .text.Board2_continueBraking
                0x08003e3a       0x3e ./Core/Src/board2/Board2.o
 .text.Board2_actuatorSelection
                0x08003e78       0x4e ./Core/Src/board2/Board2.o
 *fill*         0x08003ec6        0x2 
 .text.Board2_ExchangeGlobalState
                0x08003ec8      0x2f8 ./Core/Src/board2/Board2.o
 .text.Board2_step
                0x080041c0      0x670 ./Core/Src/board2/Board2.o
                0x080041c0                Board2_step
 .text.Board2_initialize
                0x08004830       0x2c ./Core/Src/board2/Board2.o
                0x08004830                Board2_initialize
 .text.deserializeLocalStateB1
                0x0800485c       0x76 ./Core/Src/bus/deserialize.o
                0x0800485c                deserializeLocalStateB1
 .text.deserializeLocalStateB2
                0x080048d2       0x7c ./Core/Src/bus/deserialize.o
                0x080048d2                deserializeLocalStateB2
 .text.deserializeGlobalState
                0x0800494e       0x78 ./Core/Src/bus/deserialize.o
                0x0800494e                deserializeGlobalState
 .text.unpackLedsByte
                0x080049c6       0x70 ./Core/Src/bus/deserialize.o
 .text.deserializeDecision
                0x08004a36       0xc0 ./Core/Src/bus/deserialize.o
                0x08004a36                deserializeDecision
 .text.serializeLocalStateB1
                0x08004af6       0x66 ./Core/Src/bus/serialize.o
                0x08004af6                serializeLocalStateB1
 .text.serializeLocalStateB2
                0x08004b5c       0x6a ./Core/Src/bus/serialize.o
                0x08004b5c                serializeLocalStateB2
 .text.serializeGlobalState
                0x08004bc6       0x5a ./Core/Src/bus/serialize.o
                0x08004bc6                serializeGlobalState
 .text.packLedsByte
                0x08004c20       0x7e ./Core/Src/bus/serialize.o
 .text.serializeDecision
                0x08004c9e       0xa2 ./Core/Src/bus/serialize.o
                0x08004c9e                serializeDecision
 .text.MX_CRC_Init
                0x08004d40       0x44 ./Core/Src/crc.o
                0x08004d40                MX_CRC_Init
 .text.HAL_CRC_MspInit
                0x08004d84       0x40 ./Core/Src/crc.o
                0x08004d84                HAL_CRC_MspInit
 .text.MX_GPIO_Init
                0x08004dc4      0x110 ./Core/Src/gpio.o
                0x08004dc4                MX_GPIO_Init
 .text.MX_I2C1_Init
                0x08004ed4       0x80 ./Core/Src/i2c.o
                0x08004ed4                MX_I2C1_Init
 .text.MX_I2C3_Init
                0x08004f54       0x80 ./Core/Src/i2c.o
                0x08004f54                MX_I2C3_Init
 .text.HAL_I2C_MspInit
                0x08004fd4      0x178 ./Core/Src/i2c.o
                0x08004fd4                HAL_I2C_MspInit
 .text.HAL_I2C_MemRxCpltCallback
                0x0800514c       0x30 ./Core/Src/main.o
                0x0800514c                HAL_I2C_MemRxCpltCallback
 .text.main     0x0800517c      0x37c ./Core/Src/main.o
                0x0800517c                main
 .text.SystemClock_Config
                0x080054f8       0x80 ./Core/Src/main.o
                0x080054f8                SystemClock_Config
 .text.Error_Handler
                0x08005578        0xc ./Core/Src/main.o
                0x08005578                Error_Handler
 .text.rtIsInfF
                0x08005584       0x4c ./Core/Src/rt_nonfinite.o
                0x08005584                rtIsInfF
 .text.rtIsNaNF
                0x080055d0       0x2e ./Core/Src/rt_nonfinite.o
                0x080055d0                rtIsNaNF
 *fill*         0x080055fe        0x2 
 .text.HAL_MspInit
                0x08005600       0x48 ./Core/Src/stm32g4xx_hal_msp.o
                0x08005600                HAL_MspInit
 .text.NMI_Handler
                0x08005648        0x8 ./Core/Src/stm32g4xx_it.o
                0x08005648                NMI_Handler
 .text.HardFault_Handler
                0x08005650        0x8 ./Core/Src/stm32g4xx_it.o
                0x08005650                HardFault_Handler
 .text.MemManage_Handler
                0x08005658        0x8 ./Core/Src/stm32g4xx_it.o
                0x08005658                MemManage_Handler
 .text.BusFault_Handler
                0x08005660        0x8 ./Core/Src/stm32g4xx_it.o
                0x08005660                BusFault_Handler
 .text.UsageFault_Handler
                0x08005668        0x8 ./Core/Src/stm32g4xx_it.o
                0x08005668                UsageFault_Handler
 .text.SVC_Handler
                0x08005670        0xe ./Core/Src/stm32g4xx_it.o
                0x08005670                SVC_Handler
 .text.DebugMon_Handler
                0x0800567e        0xe ./Core/Src/stm32g4xx_it.o
                0x0800567e                DebugMon_Handler
 .text.PendSV_Handler
                0x0800568c        0xe ./Core/Src/stm32g4xx_it.o
                0x0800568c                PendSV_Handler
 .text.SysTick_Handler
                0x0800569a        0xc ./Core/Src/stm32g4xx_it.o
                0x0800569a                SysTick_Handler
 *fill*         0x080056a6        0x2 
 .text.TIM2_IRQHandler
                0x080056a8       0x14 ./Core/Src/stm32g4xx_it.o
                0x080056a8                TIM2_IRQHandler
 .text.I2C1_EV_IRQHandler
                0x080056bc       0x14 ./Core/Src/stm32g4xx_it.o
                0x080056bc                I2C1_EV_IRQHandler
 .text.I2C1_ER_IRQHandler
                0x080056d0       0x14 ./Core/Src/stm32g4xx_it.o
                0x080056d0                I2C1_ER_IRQHandler
 .text.USART2_IRQHandler
                0x080056e4       0x14 ./Core/Src/stm32g4xx_it.o
                0x080056e4                USART2_IRQHandler
 .text.TIM7_DAC_IRQHandler
                0x080056f8       0x14 ./Core/Src/stm32g4xx_it.o
                0x080056f8                TIM7_DAC_IRQHandler
 .text.LPUART1_IRQHandler
                0x0800570c       0x14 ./Core/Src/stm32g4xx_it.o
                0x0800570c                LPUART1_IRQHandler
 .text.I2C3_EV_IRQHandler
                0x08005720       0x14 ./Core/Src/stm32g4xx_it.o
                0x08005720                I2C3_EV_IRQHandler
 .text.I2C3_ER_IRQHandler
                0x08005734       0x14 ./Core/Src/stm32g4xx_it.o
                0x08005734                I2C3_ER_IRQHandler
 .text._sbrk    0x08005748       0x6c ./Core/Src/sysmem.o
                0x08005748                _sbrk
 .text.SystemInit
                0x080057b4       0x24 ./Core/Src/system_stm32g4xx.o
                0x080057b4                SystemInit
 .text.MX_TIM1_Init
                0x080057d8      0x170 ./Core/Src/tim.o
                0x080057d8                MX_TIM1_Init
 .text.MX_TIM2_Init
                0x08005948       0xd4 ./Core/Src/tim.o
                0x08005948                MX_TIM2_Init
 .text.MX_TIM7_Init
                0x08005a1c       0x70 ./Core/Src/tim.o
                0x08005a1c                MX_TIM7_Init
 .text.HAL_TIM_PWM_MspInit
                0x08005a8c       0x40 ./Core/Src/tim.o
                0x08005a8c                HAL_TIM_PWM_MspInit
 .text.HAL_TIM_IC_MspInit
                0x08005acc       0x94 ./Core/Src/tim.o
                0x08005acc                HAL_TIM_IC_MspInit
 .text.HAL_TIM_Base_MspInit
                0x08005b60       0x4c ./Core/Src/tim.o
                0x08005b60                HAL_TIM_Base_MspInit
 .text.HAL_TIM_MspPostInit
                0x08005bac       0xac ./Core/Src/tim.o
                0x08005bac                HAL_TIM_MspPostInit
 .text.MX_LPUART1_UART_Init
                0x08005c58       0x94 ./Core/Src/usart.o
                0x08005c58                MX_LPUART1_UART_Init
 .text.MX_USART2_UART_Init
                0x08005cec       0x98 ./Core/Src/usart.o
                0x08005cec                MX_USART2_UART_Init
 .text.HAL_UART_MspInit
                0x08005d84      0x170 ./Core/Src/usart.o
                0x08005d84                HAL_UART_MspInit
 .text.channel_to_it
                0x08005ef4       0x68 ./Core/Src/driver/HCSR04.o
 .text.delay_ticks
                0x08005f5c       0x32 ./Core/Src/driver/HCSR04.o
 .text.hcsr04_init
                0x08005f8e      0x168 ./Core/Src/driver/HCSR04.o
                0x08005f8e                hcsr04_init
 .text.hcsr04_trigger
                0x080060f6      0x154 ./Core/Src/driver/HCSR04.o
                0x080060f6                hcsr04_trigger
 *fill*         0x0800624a        0x6 
 .text.MPU6050_Init
                0x08006250      0x160 ./Core/Src/driver/mpu6050.o
                0x08006250                MPU6050_Init
 .text.MPU6050_Read_Yaw_IT
                0x080063b0       0x34 ./Core/Src/driver/mpu6050.o
                0x080063b0                MPU6050_Read_Yaw_IT
 *fill*         0x080063e4        0x4 
 .text.MPU6050_Yaw_RxCpltCallback
                0x080063e8      0x178 ./Core/Src/driver/mpu6050.o
                0x080063e8                MPU6050_Yaw_RxCpltCallback
 .text.HAL_I2C_MasterRxCpltCallback
                0x08006560       0x44 ./Core/Src/driver/pad_receiver.o
                0x08006560                HAL_I2C_MasterRxCpltCallback
 .text.HAL_I2C_ErrorCallback
                0x080065a4       0x2c ./Core/Src/driver/pad_receiver.o
                0x080065a4                HAL_I2C_ErrorCallback
 .text.PadReceiver_Request
                0x080065d0       0x48 ./Core/Src/driver/pad_receiver.o
                0x080065d0                PadReceiver_Request
 .text.PadReceiver_IsDone
                0x08006618       0x24 ./Core/Src/driver/pad_receiver.o
                0x08006618                PadReceiver_IsDone
 .text.PadReceiver_Read
                0x0800663c       0x34 ./Core/Src/driver/pad_receiver.o
                0x0800663c                PadReceiver_Read
 .text.Sonar_InitAll
                0x08006670       0x78 ./Core/Src/driver_init/sonar_init.o
                0x08006670                Sonar_InitAll
 .text.StartSonarTimer
                0x080066e8       0x50 ./Core/Src/driver_init/sonar_init.o
                0x080066e8                StartSonarTimer
 .text.computeCRC
                0x08006738       0x30 ./Core/Src/stub/crc_functions.o
                0x08006738                computeCRC
 .text.compareCRC
                0x08006768       0x3c ./Core/Src/stub/crc_functions.o
                0x08006768                compareCRC
 .text.setComunicationHandler
                0x080067a4       0x20 ./Core/Src/stub/uart_functions.o
                0x080067a4                setComunicationHandler
 .text.checkRTR
                0x080067c4       0x18 ./Core/Src/stub/uart_functions.o
                0x080067c4                checkRTR
 .text.UART_TransmitIT
                0x080067dc       0x28 ./Core/Src/stub/uart_functions.o
                0x080067dc                UART_TransmitIT
 .text.setRTR   0x08006804       0x18 ./Core/Src/stub/uart_functions.o
                0x08006804                setRTR
 .text.resetRTR
                0x0800681c       0x18 ./Core/Src/stub/uart_functions.o
                0x0800681c                resetRTR
 .text.UART_ReceiveIT
                0x08006834       0x44 ./Core/Src/stub/uart_functions.o
                0x08006834                UART_ReceiveIT
 .text.hasReceived
                0x08006878       0x18 ./Core/Src/stub/uart_functions.o
                0x08006878                hasReceived
 .text.UART_ReceiveAck
                0x08006890       0x1c ./Core/Src/stub/uart_functions.o
                0x08006890                UART_ReceiveAck
 .text.UART_CheckAck
                0x080068ac       0x18 ./Core/Src/stub/uart_functions.o
                0x080068ac                UART_CheckAck
 .text.UART_SendAck
                0x080068c4       0x14 ./Core/Src/stub/uart_functions.o
                0x080068c4                UART_SendAck
 .text.UART_SendNack
                0x080068d8       0x14 ./Core/Src/stub/uart_functions.o
                0x080068d8                UART_SendNack
 .text.GyroscopeTest
                0x080068ec       0xb4 ./Core/Src/test/gyroscope_test.o
                0x080068ec                GyroscopeTest
 .text.setPrinterHandler
                0x080069a0       0x24 ./Core/Src/test/print.o
                0x080069a0                setPrinterHandler
 .text.getPrinterHandler
                0x080069c4       0x18 ./Core/Src/test/print.o
                0x080069c4                getPrinterHandler
 .text.prv_tx_str
                0x080069dc       0x44 ./Core/Src/test/print.o
 .text.uartPrint
                0x08006a20       0x16 ./Core/Src/test/print.o
                0x08006a20                uartPrint
 .text.printMsg_impl
                0x08006a36       0x16 ./Core/Src/test/print.o
                0x08006a36                printMsg_impl
 .text.clearScreen
                0x08006a4c       0x14 ./Core/Src/test/print.o
                0x08006a4c                clearScreen
 .text.printHeader
                0x08006a60       0x20 ./Core/Src/test/print.o
                0x08006a60                printHeader
 .text.printLabel
                0x08006a80       0x2c ./Core/Src/test/print.o
                0x08006a80                printLabel
 .text.printNewLine
                0x08006aac       0x14 ./Core/Src/test/print.o
                0x08006aac                printNewLine
 .text.printMotorSpeeds
                0x08006ac0       0x78 ./Core/Src/test/print.o
                0x08006ac0                printMotorSpeeds
 .text.printTemperature
                0x08006b38       0x3c ./Core/Src/test/print.o
                0x08006b38                printTemperature
 .text.printBattery
                0x08006b74       0x3c ./Core/Src/test/print.o
                0x08006b74                printBattery
 .text.printLocalStateB1
                0x08006bb0       0x48 ./Core/Src/test/print.o
                0x08006bb0                printLocalStateB1
 .text.printSonar
                0x08006bf8       0x40 ./Core/Src/test/print.o
                0x08006bf8                printSonar
 .text.printGyroscope
                0x08006c38       0x3c ./Core/Src/test/print.o
                0x08006c38                printGyroscope
 .text.printRemoteController
                0x08006c74       0x44 ./Core/Src/test/print.o
                0x08006c74                printRemoteController
 .text.printLocalStateB2
                0x08006cb8       0x44 ./Core/Src/test/print.o
                0x08006cb8                printLocalStateB2
 .text.printGlobalState
                0x08006cfc       0x34 ./Core/Src/test/print.o
                0x08006cfc                printGlobalState
 .text.printSetPoint
                0x08006d30       0x68 ./Core/Src/test/print.o
                0x08006d30                printSetPoint
 .text.getStatusWhiteLedName
                0x08006d98       0x38 ./Core/Src/test/print.o
 .text.getStatusRedLedName
                0x08006dd0       0x48 ./Core/Src/test/print.o
 .text.printLeds
                0x08006e18       0x90 ./Core/Src/test/print.o
                0x08006e18                printLeds
 .text.getActuatorName
                0x08006ea8       0x38 ./Core/Src/test/print.o
 .text.getUserActionName
                0x08006ee0       0x80 ./Core/Src/test/print.o
 .text.getRoverActionName
                0x08006f60       0x78 ./Core/Src/test/print.o
 .text.getSafeActionName
                0x08006fd8       0x68 ./Core/Src/test/print.o
 .text.printEnumLineStr
                0x08007040       0x22 ./Core/Src/test/print.o
 *fill*         0x08007062        0x2 
 .text.printDecision
                0x08007064       0x98 ./Core/Src/test/print.o
                0x08007064                printDecision
 .text.Reset_Handler
                0x080070fc       0x50 ./Core/Startup/startup_stm32g474retx.o
                0x080070fc                Reset_Handler
 .text.Default_Handler
                0x0800714c        0x2 ./Core/Startup/startup_stm32g474retx.o
                0x0800714c                RTC_Alarm_IRQHandler
                0x0800714c                EXTI2_IRQHandler
                0x0800714c                TIM8_TRG_COM_IRQHandler
                0x0800714c                TIM8_CC_IRQHandler
                0x0800714c                HRTIM1_Master_IRQHandler
                0x0800714c                SPI4_IRQHandler
                0x0800714c                FDCAN3_IT0_IRQHandler
                0x0800714c                TIM1_CC_IRQHandler
                0x0800714c                HRTIM1_FLT_IRQHandler
                0x0800714c                HRTIM1_TIMF_IRQHandler
                0x0800714c                USB_HP_IRQHandler
                0x0800714c                CORDIC_IRQHandler
                0x0800714c                HRTIM1_TIMD_IRQHandler
                0x0800714c                DMA2_Channel8_IRQHandler
                0x0800714c                EXTI3_IRQHandler
                0x0800714c                EXTI0_IRQHandler
                0x0800714c                I2C2_EV_IRQHandler
                0x0800714c                FPU_IRQHandler
                0x0800714c                FDCAN1_IT1_IRQHandler
                0x0800714c                TIM1_UP_TIM16_IRQHandler
                0x0800714c                ADC1_2_IRQHandler
                0x0800714c                HRTIM1_TIME_IRQHandler
                0x0800714c                SPI1_IRQHandler
                0x0800714c                TIM6_DAC_IRQHandler
                0x0800714c                HRTIM1_TIMC_IRQHandler
                0x0800714c                TIM8_UP_IRQHandler
                0x0800714c                DMA2_Channel2_IRQHandler
                0x0800714c                DMA1_Channel4_IRQHandler
                0x0800714c                TIM20_TRG_COM_IRQHandler
                0x0800714c                USART3_IRQHandler
                0x0800714c                DMA1_Channel7_IRQHandler
                0x0800714c                UART5_IRQHandler
                0x0800714c                ADC3_IRQHandler
                0x0800714c                TIM4_IRQHandler
                0x0800714c                DMA2_Channel1_IRQHandler
                0x0800714c                QUADSPI_IRQHandler
                0x0800714c                DMA1_Channel6_IRQHandler
                0x0800714c                UART4_IRQHandler
                0x0800714c                DMA2_Channel4_IRQHandler
                0x0800714c                TIM3_IRQHandler
                0x0800714c                RCC_IRQHandler
                0x0800714c                TIM20_UP_IRQHandler
                0x0800714c                DMA1_Channel1_IRQHandler
                0x0800714c                Default_Handler
                0x0800714c                DMA2_Channel7_IRQHandler
                0x0800714c                RTC_TAMP_LSECSS_IRQHandler
                0x0800714c                FMAC_IRQHandler
                0x0800714c                EXTI15_10_IRQHandler
                0x0800714c                DMA1_Channel8_IRQHandler
                0x0800714c                HRTIM1_TIMA_IRQHandler
                0x0800714c                FDCAN3_IT1_IRQHandler
                0x0800714c                TIM5_IRQHandler
                0x0800714c                UCPD1_IRQHandler
                0x0800714c                EXTI9_5_IRQHandler
                0x0800714c                RTC_WKUP_IRQHandler
                0x0800714c                PVD_PVM_IRQHandler
                0x0800714c                SPI2_IRQHandler
                0x0800714c                ADC5_IRQHandler
                0x0800714c                DMA2_Channel5_IRQHandler
                0x0800714c                CRS_IRQHandler
                0x0800714c                DMA1_Channel5_IRQHandler
                0x0800714c                USB_LP_IRQHandler
                0x0800714c                EXTI4_IRQHandler
                0x0800714c                RNG_IRQHandler
                0x0800714c                HRTIM1_TIMB_IRQHandler
                0x0800714c                TIM1_TRG_COM_TIM17_IRQHandler
                0x0800714c                FDCAN2_IT1_IRQHandler
                0x0800714c                DMA1_Channel3_IRQHandler
                0x0800714c                ADC4_IRQHandler
                0x0800714c                WWDG_IRQHandler
                0x0800714c                I2C4_EV_IRQHandler
                0x0800714c                FDCAN2_IT0_IRQHandler
                0x0800714c                DMA2_Channel6_IRQHandler
                0x0800714c                FDCAN1_IT0_IRQHandler
                0x0800714c                COMP7_IRQHandler
                0x0800714c                COMP1_2_3_IRQHandler
                0x0800714c                EXTI1_IRQHandler
                0x0800714c                COMP4_5_6_IRQHandler
                0x0800714c                TIM20_BRK_IRQHandler
                0x0800714c                I2C2_ER_IRQHandler
                0x0800714c                DMA1_Channel2_IRQHandler
                0x0800714c                TIM8_BRK_IRQHandler
                0x0800714c                FLASH_IRQHandler
                0x0800714c                TIM20_CC_IRQHandler
                0x0800714c                USART1_IRQHandler
                0x0800714c                SPI3_IRQHandler
                0x0800714c                FMC_IRQHandler
                0x0800714c                LPTIM1_IRQHandler
                0x0800714c                DMAMUX_OVR_IRQHandler
                0x0800714c                I2C4_ER_IRQHandler
                0x0800714c                USBWakeUp_IRQHandler
                0x0800714c                SAI1_IRQHandler
                0x0800714c                DMA2_Channel3_IRQHandler
                0x0800714c                TIM1_BRK_TIM15_IRQHandler
 .text.HAL_Init
                0x0800714e       0x30 ./Drivers/STM32G4xx_HAL_Driver/Src/stm32g4xx_hal.o
                0x0800714e                HAL_Init
 *fill*         0x0800717e        0x2 
 .text.HAL_InitTick
                0x08007180       0x74 ./Drivers/STM32G4xx_HAL_Driver/Src/stm32g4xx_hal.o
                0x08007180                HAL_InitTick
 .text.HAL_IncTick
                0x080071f4       0x24 ./Drivers/STM32G4xx_HAL_Driver/Src/stm32g4xx_hal.o
                0x080071f4                HAL_IncTick
 .text.HAL_GetTick
                0x08007218       0x18 ./Drivers/STM32G4xx_HAL_Driver/Src/stm32g4xx_hal.o
                0x08007218                HAL_GetTick
 .text.HAL_Delay
                0x08007230       0x44 ./Drivers/STM32G4xx_HAL_Driver/Src/stm32g4xx_hal.o
                0x08007230                HAL_Delay
 .text.__NVIC_SetPriorityGrouping
                0x08007274       0x48 ./Drivers/STM32G4xx_HAL_Driver/Src/stm32g4xx_hal_cortex.o
 .text.__NVIC_GetPriorityGrouping
                0x080072bc       0x1c ./Drivers/STM32G4xx_HAL_Driver/Src/stm32g4xx_hal_cortex.o
 .text.__NVIC_EnableIRQ
                0x080072d8       0x3c ./Drivers/STM32G4xx_HAL_Driver/Src/stm32g4xx_hal_cortex.o
 .text.__NVIC_SetPriority
                0x08007314       0x54 ./Drivers/STM32G4xx_HAL_Driver/Src/stm32g4xx_hal_cortex.o
 .text.NVIC_EncodePriority
                0x08007368       0x66 ./Drivers/STM32G4xx_HAL_Driver/Src/stm32g4xx_hal_cortex.o
 *fill*         0x080073ce        0x2 
 .text.SysTick_Config
                0x080073d0       0x44 ./Drivers/STM32G4xx_HAL_Driver/Src/stm32g4xx_hal_cortex.o
 .text.HAL_NVIC_SetPriorityGrouping
                0x08007414       0x16 ./Drivers/STM32G4xx_HAL_Driver/Src/stm32g4xx_hal_cortex.o
                0x08007414                HAL_NVIC_SetPriorityGrouping
 .text.HAL_NVIC_SetPriority
                0x0800742a       0x34 ./Drivers/STM32G4xx_HAL_Driver/Src/stm32g4xx_hal_cortex.o
                0x0800742a                HAL_NVIC_SetPriority
 .text.HAL_NVIC_EnableIRQ
                0x0800745e       0x1c ./Drivers/STM32G4xx_HAL_Driver/Src/stm32g4xx_hal_cortex.o
                0x0800745e                HAL_NVIC_EnableIRQ
 .text.HAL_SYSTICK_Config
                0x0800747a       0x18 ./Drivers/STM32G4xx_HAL_Driver/Src/stm32g4xx_hal_cortex.o
                0x0800747a                HAL_SYSTICK_Config
 *fill*         0x08007492        0x2 
 .text.HAL_CRC_Init
                0x08007494       0xc8 ./Drivers/STM32G4xx_HAL_Driver/Src/stm32g4xx_hal_crc.o
                0x08007494                HAL_CRC_Init
 .text.HAL_CRC_Calculate
                0x0800755c       0x98 ./Drivers/STM32G4xx_HAL_Driver/Src/stm32g4xx_hal_crc.o
                0x0800755c                HAL_CRC_Calculate
 .text.CRC_Handle_8
                0x080075f4      0x120 ./Drivers/STM32G4xx_HAL_Driver/Src/stm32g4xx_hal_crc.o
 .text.CRC_Handle_16
                0x08007714       0x74 ./Drivers/STM32G4xx_HAL_Driver/Src/stm32g4xx_hal_crc.o
 .text.HAL_CRCEx_Polynomial_Set
                0x08007788      0x11c ./Drivers/STM32G4xx_HAL_Driver/Src/stm32g4xx_hal_crc_ex.o
                0x08007788                HAL_CRCEx_Polynomial_Set
 .text.HAL_DMA_Abort
                0x080078a4       0xb2 ./Drivers/STM32G4xx_HAL_Driver/Src/stm32g4xx_hal_dma.o
                0x080078a4                HAL_DMA_Abort
 .text.HAL_DMA_Abort_IT
                0x08007956       0xce ./Drivers/STM32G4xx_HAL_Driver/Src/stm32g4xx_hal_dma.o
                0x08007956                HAL_DMA_Abort_IT
 .text.HAL_DMA_GetState
                0x08007a24       0x1c ./Drivers/STM32G4xx_HAL_Driver/Src/stm32g4xx_hal_dma.o
                0x08007a24                HAL_DMA_GetState
 .text.HAL_GPIO_Init
                0x08007a40      0x304 ./Drivers/STM32G4xx_HAL_Driver/Src/stm32g4xx_hal_gpio.o
                0x08007a40                HAL_GPIO_Init
 .text.HAL_GPIO_ReadPin
                0x08007d44       0x30 ./Drivers/STM32G4xx_HAL_Driver/Src/stm32g4xx_hal_gpio.o
                0x08007d44                HAL_GPIO_ReadPin
 .text.HAL_GPIO_WritePin
                0x08007d74       0x30 ./Drivers/STM32G4xx_HAL_Driver/Src/stm32g4xx_hal_gpio.o
                0x08007d74                HAL_GPIO_WritePin
 .text.HAL_I2C_Init
                0x08007da4      0x136 ./Drivers/STM32G4xx_HAL_Driver/Src/stm32g4xx_hal_i2c.o
                0x08007da4                HAL_I2C_Init
 *fill*         0x08007eda        0x2 
 .text.HAL_I2C_Master_Receive_IT
                0x08007edc       0xe0 ./Drivers/STM32G4xx_HAL_Driver/Src/stm32g4xx_hal_i2c.o
                0x08007edc                HAL_I2C_Master_Receive_IT
 .text.HAL_I2C_Mem_Write
                0x08007fbc      0x228 ./Drivers/STM32G4xx_HAL_Driver/Src/stm32g4xx_hal_i2c.o
                0x08007fbc                HAL_I2C_Mem_Write
 .text.HAL_I2C_Mem_Read
                0x080081e4      0x234 ./Drivers/STM32G4xx_HAL_Driver/Src/stm32g4xx_hal_i2c.o
                0x080081e4                HAL_I2C_Mem_Read
 .text.HAL_I2C_Mem_Read_IT
                0x08008418      0x10c ./Drivers/STM32G4xx_HAL_Driver/Src/stm32g4xx_hal_i2c.o
                0x08008418                HAL_I2C_Mem_Read_IT
 .text.HAL_I2C_EV_IRQHandler
                0x08008524       0x34 ./Drivers/STM32G4xx_HAL_Driver/Src/stm32g4xx_hal_i2c.o
                0x08008524                HAL_I2C_EV_IRQHandler
 .text.HAL_I2C_ER_IRQHandler
                0x08008558       0xc2 ./Drivers/STM32G4xx_HAL_Driver/Src/stm32g4xx_hal_i2c.o
                0x08008558                HAL_I2C_ER_IRQHandler
 .text.HAL_I2C_MasterTxCpltCallback
                0x0800861a       0x14 ./Drivers/STM32G4xx_HAL_Driver/Src/stm32g4xx_hal_i2c.o
                0x0800861a                HAL_I2C_MasterTxCpltCallback
 .text.HAL_I2C_SlaveTxCpltCallback
                0x0800862e       0x14 ./Drivers/STM32G4xx_HAL_Driver/Src/stm32g4xx_hal_i2c.o
                0x0800862e                HAL_I2C_SlaveTxCpltCallback
 .text.HAL_I2C_SlaveRxCpltCallback
                0x08008642       0x14 ./Drivers/STM32G4xx_HAL_Driver/Src/stm32g4xx_hal_i2c.o
                0x08008642                HAL_I2C_SlaveRxCpltCallback
 .text.HAL_I2C_AddrCallback
                0x08008656       0x1c ./Drivers/STM32G4xx_HAL_Driver/Src/stm32g4xx_hal_i2c.o
                0x08008656                HAL_I2C_AddrCallback
 .text.HAL_I2C_ListenCpltCallback
                0x08008672       0x14 ./Drivers/STM32G4xx_HAL_Driver/Src/stm32g4xx_hal_i2c.o
                0x08008672                HAL_I2C_ListenCpltCallback
 .text.HAL_I2C_MemTxCpltCallback
                0x08008686       0x14 ./Drivers/STM32G4xx_HAL_Driver/Src/stm32g4xx_hal_i2c.o
                0x08008686                HAL_I2C_MemTxCpltCallback
 .text.HAL_I2C_AbortCpltCallback
                0x0800869a       0x14 ./Drivers/STM32G4xx_HAL_Driver/Src/stm32g4xx_hal_i2c.o
                0x0800869a                HAL_I2C_AbortCpltCallback
 .text.HAL_I2C_GetState
                0x080086ae       0x1c ./Drivers/STM32G4xx_HAL_Driver/Src/stm32g4xx_hal_i2c.o
                0x080086ae                HAL_I2C_GetState
 .text.I2C_Master_ISR_IT
                0x080086ca      0x268 ./Drivers/STM32G4xx_HAL_Driver/Src/stm32g4xx_hal_i2c.o
 *fill*         0x08008932        0x2 
 .text.I2C_Mem_ISR_IT
                0x08008934      0x264 ./Drivers/STM32G4xx_HAL_Driver/Src/stm32g4xx_hal_i2c.o
 .text.I2C_Slave_ISR_IT
                0x08008b98      0x208 ./Drivers/STM32G4xx_HAL_Driver/Src/stm32g4xx_hal_i2c.o
 .text.I2C_Master_ISR_DMA
                0x08008da0      0x1e6 ./Drivers/STM32G4xx_HAL_Driver/Src/stm32g4xx_hal_i2c.o
 *fill*         0x08008f86        0x2 
 .text.I2C_Mem_ISR_DMA
                0x08008f88      0x260 ./Drivers/STM32G4xx_HAL_Driver/Src/stm32g4xx_hal_i2c.o
 .text.I2C_Slave_ISR_DMA
                0x080091e8      0x1c2 ./Drivers/STM32G4xx_HAL_Driver/Src/stm32g4xx_hal_i2c.o
 *fill*         0x080093aa        0x2 
 .text.I2C_RequestMemoryWrite
                0x080093ac       0xa8 ./Drivers/STM32G4xx_HAL_Driver/Src/stm32g4xx_hal_i2c.o
 .text.I2C_RequestMemoryRead
                0x08009454       0xa8 ./Drivers/STM32G4xx_HAL_Driver/Src/stm32g4xx_hal_i2c.o
 .text.I2C_ITAddrCplt
                0x080094fc      0x108 ./Drivers/STM32G4xx_HAL_Driver/Src/stm32g4xx_hal_i2c.o
 .text.I2C_ITMasterSeqCplt
                0x08009604       0x7a ./Drivers/STM32G4xx_HAL_Driver/Src/stm32g4xx_hal_i2c.o
 .text.I2C_ITSlaveSeqCplt
                0x0800967e       0xbc ./Drivers/STM32G4xx_HAL_Driver/Src/stm32g4xx_hal_i2c.o
 *fill*         0x0800973a        0x2 
 .text.I2C_ITMasterCplt
                0x0800973c      0x194 ./Drivers/STM32G4xx_HAL_Driver/Src/stm32g4xx_hal_i2c.o
 .text.I2C_ITSlaveCplt
                0x080098d0      0x2d4 ./Drivers/STM32G4xx_HAL_Driver/Src/stm32g4xx_hal_i2c.o
 .text.I2C_ITListenCplt
                0x08009ba4       0xac ./Drivers/STM32G4xx_HAL_Driver/Src/stm32g4xx_hal_i2c.o
 .text.I2C_ITError
                0x08009c50      0x1e0 ./Drivers/STM32G4xx_HAL_Driver/Src/stm32g4xx_hal_i2c.o
 .text.I2C_TreatErrorCallback
                0x08009e30       0x4e ./Drivers/STM32G4xx_HAL_Driver/Src/stm32g4xx_hal_i2c.o
 .text.I2C_Flush_TXDR
                0x08009e7e       0x48 ./Drivers/STM32G4xx_HAL_Driver/Src/stm32g4xx_hal_i2c.o
 .text.I2C_DMAAbort
                0x08009ec6       0x3c ./Drivers/STM32G4xx_HAL_Driver/Src/stm32g4xx_hal_i2c.o
 .text.I2C_WaitOnFlagUntilTimeout
                0x08009f02       0xb2 ./Drivers/STM32G4xx_HAL_Driver/Src/stm32g4xx_hal_i2c.o
 .text.I2C_WaitOnTXISFlagUntilTimeout
                0x08009fb4       0x8e ./Drivers/STM32G4xx_HAL_Driver/Src/stm32g4xx_hal_i2c.o
 .text.I2C_WaitOnSTOPFlagUntilTimeout
                0x0800a042       0x86 ./Drivers/STM32G4xx_HAL_Driver/Src/stm32g4xx_hal_i2c.o
 .text.I2C_IsErrorOccurred
                0x0800a0c8      0x1c0 ./Drivers/STM32G4xx_HAL_Driver/Src/stm32g4xx_hal_i2c.o
 .text.I2C_TransferConfig
                0x0800a288       0x64 ./Drivers/STM32G4xx_HAL_Driver/Src/stm32g4xx_hal_i2c.o
 .text.I2C_Enable_IRQ
                0x0800a2ec      0x108 ./Drivers/STM32G4xx_HAL_Driver/Src/stm32g4xx_hal_i2c.o
 .text.I2C_Disable_IRQ
                0x0800a3f4       0xbc ./Drivers/STM32G4xx_HAL_Driver/Src/stm32g4xx_hal_i2c.o
 .text.HAL_I2CEx_ConfigAnalogFilter
                0x0800a4b0       0x96 ./Drivers/STM32G4xx_HAL_Driver/Src/stm32g4xx_hal_i2c_ex.o
                0x0800a4b0                HAL_I2CEx_ConfigAnalogFilter
 .text.HAL_I2CEx_ConfigDigitalFilter
                0x0800a546       0x98 ./Drivers/STM32G4xx_HAL_Driver/Src/stm32g4xx_hal_i2c_ex.o
                0x0800a546                HAL_I2CEx_ConfigDigitalFilter
 *fill*         0x0800a5de        0x2 
 .text.HAL_PWREx_ControlVoltageScaling
                0x0800a5e0      0x148 ./Drivers/STM32G4xx_HAL_Driver/Src/stm32g4xx_hal_pwr_ex.o
                0x0800a5e0                HAL_PWREx_ControlVoltageScaling
 .text.HAL_PWREx_DisableUCPDDeadBattery
                0x0800a728       0x20 ./Drivers/STM32G4xx_HAL_Driver/Src/stm32g4xx_hal_pwr_ex.o
                0x0800a728                HAL_PWREx_DisableUCPDDeadBattery
 .text.HAL_RCC_OscConfig
                0x0800a748      0x624 ./Drivers/STM32G4xx_HAL_Driver/Src/stm32g4xx_hal_rcc.o
                0x0800a748                HAL_RCC_OscConfig
 .text.HAL_RCC_ClockConfig
                0x0800ad6c      0x278 ./Drivers/STM32G4xx_HAL_Driver/Src/stm32g4xx_hal_rcc.o
                0x0800ad6c                HAL_RCC_ClockConfig
 .text.HAL_RCC_GetSysClockFreq
                0x0800afe4       0xc4 ./Drivers/STM32G4xx_HAL_Driver/Src/stm32g4xx_hal_rcc.o
                0x0800afe4                HAL_RCC_GetSysClockFreq
 .text.HAL_RCC_GetHCLKFreq
                0x0800b0a8       0x18 ./Drivers/STM32G4xx_HAL_Driver/Src/stm32g4xx_hal_rcc.o
                0x0800b0a8                HAL_RCC_GetHCLKFreq
 .text.HAL_RCC_GetPCLK1Freq
                0x0800b0c0       0x2c ./Drivers/STM32G4xx_HAL_Driver/Src/stm32g4xx_hal_rcc.o
                0x0800b0c0                HAL_RCC_GetPCLK1Freq
 .text.HAL_RCC_GetPCLK2Freq
                0x0800b0ec       0x2c ./Drivers/STM32G4xx_HAL_Driver/Src/stm32g4xx_hal_rcc.o
                0x0800b0ec                HAL_RCC_GetPCLK2Freq
 .text.RCC_GetSysClockFreqFromPLLSource
                0x0800b118       0x8c ./Drivers/STM32G4xx_HAL_Driver/Src/stm32g4xx_hal_rcc.o
 .text.HAL_RCCEx_PeriphCLKConfig
                0x0800b1a4      0x49c ./Drivers/STM32G4xx_HAL_Driver/Src/stm32g4xx_hal_rcc_ex.o
                0x0800b1a4                HAL_RCCEx_PeriphCLKConfig
 .text.HAL_TIM_Base_Init
                0x0800b640       0xae ./Drivers/STM32G4xx_HAL_Driver/Src/stm32g4xx_hal_tim.o
                0x0800b640                HAL_TIM_Base_Init
 *fill*         0x0800b6ee        0x2 
 .text.HAL_TIM_Base_Start
                0x0800b6f0       0xe0 ./Drivers/STM32G4xx_HAL_Driver/Src/stm32g4xx_hal_tim.o
                0x0800b6f0                HAL_TIM_Base_Start
 .text.HAL_TIM_Base_Start_IT
                0x0800b7d0       0xf0 ./Drivers/STM32G4xx_HAL_Driver/Src/stm32g4xx_hal_tim.o
                0x0800b7d0                HAL_TIM_Base_Start_IT
 .text.HAL_TIM_Base_Stop_IT
                0x0800b8c0       0x5e ./Drivers/STM32G4xx_HAL_Driver/Src/stm32g4xx_hal_tim.o
                0x0800b8c0                HAL_TIM_Base_Stop_IT
 .text.HAL_TIM_PWM_Init
                0x0800b91e       0xae ./Drivers/STM32G4xx_HAL_Driver/Src/stm32g4xx_hal_tim.o
                0x0800b91e                HAL_TIM_PWM_Init
 .text.HAL_TIM_IC_Init
                0x0800b9cc       0xae ./Drivers/STM32G4xx_HAL_Driver/Src/stm32g4xx_hal_tim.o
                0x0800b9cc                HAL_TIM_IC_Init
 *fill*         0x0800ba7a        0x2 
 .text.HAL_TIM_IC_Start
                0x0800ba7c      0x208 ./Drivers/STM32G4xx_HAL_Driver/Src/stm32g4xx_hal_tim.o
                0x0800ba7c                HAL_TIM_IC_Start
 .text.HAL_TIM_IRQHandler
                0x0800bc84      0x29e ./Drivers/STM32G4xx_HAL_Driver/Src/stm32g4xx_hal_tim.o
                0x0800bc84                HAL_TIM_IRQHandler
 .text.HAL_TIM_IC_ConfigChannel
                0x0800bf22      0x138 ./Drivers/STM32G4xx_HAL_Driver/Src/stm32g4xx_hal_tim.o
                0x0800bf22                HAL_TIM_IC_ConfigChannel
 *fill*         0x0800c05a        0x2 
 .text.HAL_TIM_PWM_ConfigChannel
                0x0800c05c      0x228 ./Drivers/STM32G4xx_HAL_Driver/Src/stm32g4xx_hal_tim.o
                0x0800c05c                HAL_TIM_PWM_ConfigChannel
 .text.HAL_TIM_PeriodElapsedCallback
                0x0800c284       0x14 ./Drivers/STM32G4xx_HAL_Driver/Src/stm32g4xx_hal_tim.o
                0x0800c284                HAL_TIM_PeriodElapsedCallback
 .text.HAL_TIM_OC_DelayElapsedCallback
                0x0800c298       0x14 ./Drivers/STM32G4xx_HAL_Driver/Src/stm32g4xx_hal_tim.o
                0x0800c298                HAL_TIM_OC_DelayElapsedCallback
 .text.HAL_TIM_IC_CaptureCallback
                0x0800c2ac       0x14 ./Drivers/STM32G4xx_HAL_Driver/Src/stm32g4xx_hal_tim.o
                0x0800c2ac                HAL_TIM_IC_CaptureCallback
 .text.HAL_TIM_PWM_PulseFinishedCallback
                0x0800c2c0       0x14 ./Drivers/STM32G4xx_HAL_Driver/Src/stm32g4xx_hal_tim.o
                0x0800c2c0                HAL_TIM_PWM_PulseFinishedCallback
 .text.HAL_TIM_TriggerCallback
                0x0800c2d4       0x14 ./Drivers/STM32G4xx_HAL_Driver/Src/stm32g4xx_hal_tim.o
                0x0800c2d4                HAL_TIM_TriggerCallback
 .text.TIM_Base_SetConfig
                0x0800c2e8      0x168 ./Drivers/STM32G4xx_HAL_Driver/Src/stm32g4xx_hal_tim.o
                0x0800c2e8                TIM_Base_SetConfig
 .text.TIM_OC1_SetConfig
                0x0800c450      0x134 ./Drivers/STM32G4xx_HAL_Driver/Src/stm32g4xx_hal_tim.o
 .text.TIM_OC2_SetConfig
                0x0800c584      0x128 ./Drivers/STM32G4xx_HAL_Driver/Src/stm32g4xx_hal_tim.o
                0x0800c584                TIM_OC2_SetConfig
 .text.TIM_OC3_SetConfig
                0x0800c6ac      0x124 ./Drivers/STM32G4xx_HAL_Driver/Src/stm32g4xx_hal_tim.o
 .text.TIM_OC4_SetConfig
                0x0800c7d0      0x128 ./Drivers/STM32G4xx_HAL_Driver/Src/stm32g4xx_hal_tim.o
 .text.TIM_OC5_SetConfig
                0x0800c8f8       0xd4 ./Drivers/STM32G4xx_HAL_Driver/Src/stm32g4xx_hal_tim.o
 .text.TIM_OC6_SetConfig
                0x0800c9cc       0xd8 ./Drivers/STM32G4xx_HAL_Driver/Src/stm32g4xx_hal_tim.o
 .text.TIM_TI1_SetConfig
                0x0800caa4       0xe8 ./Drivers/STM32G4xx_HAL_Driver/Src/stm32g4xx_hal_tim.o
                0x0800caa4                TIM_TI1_SetConfig
 .text.TIM_TI2_SetConfig
                0x0800cb8c       0x7a ./Drivers/STM32G4xx_HAL_Driver/Src/stm32g4xx_hal_tim.o
 .text.TIM_TI3_SetConfig
                0x0800cc06       0x78 ./Drivers/STM32G4xx_HAL_Driver/Src/stm32g4xx_hal_tim.o
 .text.TIM_TI4_SetConfig
                0x0800cc7e       0x7a ./Drivers/STM32G4xx_HAL_Driver/Src/stm32g4xx_hal_tim.o
 .text.TIM_CCxChannelCmd
                0x0800ccf8       0x4a ./Drivers/STM32G4xx_HAL_Driver/Src/stm32g4xx_hal_tim.o
                0x0800ccf8                TIM_CCxChannelCmd
 *fill*         0x0800cd42        0x2 
 .text.HAL_TIMEx_MasterConfigSynchronization
                0x0800cd44      0x12c ./Drivers/STM32G4xx_HAL_Driver/Src/stm32g4xx_hal_tim_ex.o
                0x0800cd44                HAL_TIMEx_MasterConfigSynchronization
 .text.HAL_TIMEx_ConfigBreakDeadTime
                0x0800ce70      0x128 ./Drivers/STM32G4xx_HAL_Driver/Src/stm32g4xx_hal_tim_ex.o
                0x0800ce70                HAL_TIMEx_ConfigBreakDeadTime
 .text.HAL_TIMEx_CommutCallback
                0x0800cf98       0x14 ./Drivers/STM32G4xx_HAL_Driver/Src/stm32g4xx_hal_tim_ex.o
                0x0800cf98                HAL_TIMEx_CommutCallback
 .text.HAL_TIMEx_BreakCallback
                0x0800cfac       0x14 ./Drivers/STM32G4xx_HAL_Driver/Src/stm32g4xx_hal_tim_ex.o
                0x0800cfac                HAL_TIMEx_BreakCallback
 .text.HAL_TIMEx_Break2Callback
                0x0800cfc0       0x14 ./Drivers/STM32G4xx_HAL_Driver/Src/stm32g4xx_hal_tim_ex.o
                0x0800cfc0                HAL_TIMEx_Break2Callback
 .text.HAL_TIMEx_EncoderIndexCallback
                0x0800cfd4       0x14 ./Drivers/STM32G4xx_HAL_Driver/Src/stm32g4xx_hal_tim_ex.o
                0x0800cfd4                HAL_TIMEx_EncoderIndexCallback
 .text.HAL_TIMEx_DirectionChangeCallback
                0x0800cfe8       0x14 ./Drivers/STM32G4xx_HAL_Driver/Src/stm32g4xx_hal_tim_ex.o
                0x0800cfe8                HAL_TIMEx_DirectionChangeCallback
 .text.HAL_TIMEx_IndexErrorCallback
                0x0800cffc       0x14 ./Drivers/STM32G4xx_HAL_Driver/Src/stm32g4xx_hal_tim_ex.o
                0x0800cffc                HAL_TIMEx_IndexErrorCallback
 .text.HAL_TIMEx_TransitionErrorCallback
                0x0800d010       0x14 ./Drivers/STM32G4xx_HAL_Driver/Src/stm32g4xx_hal_tim_ex.o
                0x0800d010                HAL_TIMEx_TransitionErrorCallback
 .text.HAL_UART_Init
                0x0800d024       0xa0 ./Drivers/STM32G4xx_HAL_Driver/Src/stm32g4xx_hal_uart.o
                0x0800d024                HAL_UART_Init
 .text.HAL_UART_Transmit
                0x0800d0c4      0x11c ./Drivers/STM32G4xx_HAL_Driver/Src/stm32g4xx_hal_uart.o
                0x0800d0c4                HAL_UART_Transmit
 .text.HAL_UART_Receive
                0x0800d1e0      0x190 ./Drivers/STM32G4xx_HAL_Driver/Src/stm32g4xx_hal_uart.o
                0x0800d1e0                HAL_UART_Receive
 .text.HAL_UART_Transmit_IT
                0x0800d370      0x128 ./Drivers/STM32G4xx_HAL_Driver/Src/stm32g4xx_hal_uart.o
                0x0800d370                HAL_UART_Transmit_IT
 .text.HAL_UART_Receive_IT
                0x0800d498       0x98 ./Drivers/STM32G4xx_HAL_Driver/Src/stm32g4xx_hal_uart.o
                0x0800d498                HAL_UART_Receive_IT
 .text.HAL_UART_IRQHandler
                0x0800d530      0x684 ./Drivers/STM32G4xx_HAL_Driver/Src/stm32g4xx_hal_uart.o
                0x0800d530                HAL_UART_IRQHandler
 .text.HAL_UART_TxCpltCallback
                0x0800dbb4       0x14 ./Drivers/STM32G4xx_HAL_Driver/Src/stm32g4xx_hal_uart.o
                0x0800dbb4                HAL_UART_TxCpltCallback
 .text.HAL_UART_RxCpltCallback
                0x0800dbc8       0x14 ./Drivers/STM32G4xx_HAL_Driver/Src/stm32g4xx_hal_uart.o
                0x0800dbc8                HAL_UART_RxCpltCallback
 .text.HAL_UART_ErrorCallback
                0x0800dbdc       0x14 ./Drivers/STM32G4xx_HAL_Driver/Src/stm32g4xx_hal_uart.o
                0x0800dbdc                HAL_UART_ErrorCallback
 .text.HAL_UARTEx_RxEventCallback
                0x0800dbf0       0x18 ./Drivers/STM32G4xx_HAL_Driver/Src/stm32g4xx_hal_uart.o
                0x0800dbf0                HAL_UARTEx_RxEventCallback
 .text.UART_SetConfig
                0x0800dc08      0x5f8 ./Drivers/STM32G4xx_HAL_Driver/Src/stm32g4xx_hal_uart.o
                0x0800dc08                UART_SetConfig
 .text.UART_AdvFeatureConfig
                0x0800e200      0x144 ./Drivers/STM32G4xx_HAL_Driver/Src/stm32g4xx_hal_uart.o
                0x0800e200                UART_AdvFeatureConfig
 .text.UART_CheckIdleState
                0x0800e344      0x154 ./Drivers/STM32G4xx_HAL_Driver/Src/stm32g4xx_hal_uart.o
                0x0800e344                UART_CheckIdleState
 .text.UART_WaitOnFlagUntilTimeout
                0x0800e498       0xda ./Drivers/STM32G4xx_HAL_Driver/Src/stm32g4xx_hal_uart.o
                0x0800e498                UART_WaitOnFlagUntilTimeout
 *fill*         0x0800e572        0x2 
 .text.UART_Start_Receive_IT
                0x0800e574      0x244 ./Drivers/STM32G4xx_HAL_Driver/Src/stm32g4xx_hal_uart.o
                0x0800e574                UART_Start_Receive_IT
 .text.UART_EndRxTransfer
                0x0800e7b8       0xcc ./Drivers/STM32G4xx_HAL_Driver/Src/stm32g4xx_hal_uart.o
 .text.UART_DMAAbortOnError
                0x0800e884       0x24 ./Drivers/STM32G4xx_HAL_Driver/Src/stm32g4xx_hal_uart.o
 .text.UART_TxISR_8BIT
                0x0800e8a8       0xb8 ./Drivers/STM32G4xx_HAL_Driver/Src/stm32g4xx_hal_uart.o
 .text.UART_TxISR_16BIT
                0x0800e960       0xc2 ./Drivers/STM32G4xx_HAL_Driver/Src/stm32g4xx_hal_uart.o
 .text.UART_TxISR_8BIT_FIFOEN
                0x0800ea22       0xe0 ./Drivers/STM32G4xx_HAL_Driver/Src/stm32g4xx_hal_uart.o
 .text.UART_TxISR_16BIT_FIFOEN
                0x0800eb02       0xea ./Drivers/STM32G4xx_HAL_Driver/Src/stm32g4xx_hal_uart.o
 .text.UART_EndTransmit_IT
                0x0800ebec       0x56 ./Drivers/STM32G4xx_HAL_Driver/Src/stm32g4xx_hal_uart.o
 *fill*         0x0800ec42        0x2 
 .text.UART_RxISR_8BIT
                0x0800ec44      0x1b8 ./Drivers/STM32G4xx_HAL_Driver/Src/stm32g4xx_hal_uart.o
 .text.UART_RxISR_16BIT
                0x0800edfc      0x1b8 ./Drivers/STM32G4xx_HAL_Driver/Src/stm32g4xx_hal_uart.o
 .text.UART_RxISR_8BIT_FIFOEN
                0x0800efb4      0x364 ./Drivers/STM32G4xx_HAL_Driver/Src/stm32g4xx_hal_uart.o
 .text.UART_RxISR_16BIT_FIFOEN
                0x0800f318      0x36c ./Drivers/STM32G4xx_HAL_Driver/Src/stm32g4xx_hal_uart.o
 .text.HAL_UARTEx_WakeupCallback
                0x0800f684       0x14 ./Drivers/STM32G4xx_HAL_Driver/Src/stm32g4xx_hal_uart_ex.o
                0x0800f684                HAL_UARTEx_WakeupCallback
 .text.HAL_UARTEx_RxFifoFullCallback
                0x0800f698       0x14 ./Drivers/STM32G4xx_HAL_Driver/Src/stm32g4xx_hal_uart_ex.o
                0x0800f698                HAL_UARTEx_RxFifoFullCallback
 .text.HAL_UARTEx_TxFifoEmptyCallback
                0x0800f6ac       0x14 ./Drivers/STM32G4xx_HAL_Driver/Src/stm32g4xx_hal_uart_ex.o
                0x0800f6ac                HAL_UARTEx_TxFifoEmptyCallback
 .text.HAL_UARTEx_DisableFifoMode
                0x0800f6c0       0x72 ./Drivers/STM32G4xx_HAL_Driver/Src/stm32g4xx_hal_uart_ex.o
                0x0800f6c0                HAL_UARTEx_DisableFifoMode
 .text.HAL_UARTEx_SetTxFifoThreshold
                0x0800f732       0x7c ./Drivers/STM32G4xx_HAL_Driver/Src/stm32g4xx_hal_uart_ex.o
                0x0800f732                HAL_UARTEx_SetTxFifoThreshold
 .text.HAL_UARTEx_SetRxFifoThreshold
                0x0800f7ae       0x7c ./Drivers/STM32G4xx_HAL_Driver/Src/stm32g4xx_hal_uart_ex.o
                0x0800f7ae                HAL_UARTEx_SetRxFifoThreshold
 *fill*         0x0800f82a        0x2 
 .text.UARTEx_SetNbDataToProcess
                0x0800f82c       0x9c ./Drivers/STM32G4xx_HAL_Driver/Src/stm32g4xx_hal_uart_ex.o
 .text.snprintf
                0x0800f8c8       0x6c C:/ST/STM32CubeIDE_1.18.0/STM32CubeIDE/plugins/com.st.stm32cube.ide.mcu.externaltools.gnu-tools-for-stm32.13.3.rel1.win32_1.0.0.202411081344/tools/bin/../lib/gcc/arm-none-eabi/13.3.1/../../../../arm-none-eabi/lib/thumb/v7e-m+fp/hard\libc_nano.a(libc_a-snprintf.o)
                0x0800f8c8                sniprintf
                0x0800f8c8                snprintf
 .text.sprintf  0x0800f934       0x44 C:/ST/STM32CubeIDE_1.18.0/STM32CubeIDE/plugins/com.st.stm32cube.ide.mcu.externaltools.gnu-tools-for-stm32.13.3.rel1.win32_1.0.0.202411081344/tools/bin/../lib/gcc/arm-none-eabi/13.3.1/../../../../arm-none-eabi/lib/thumb/v7e-m+fp/hard\libc_nano.a(libc_a-sprintf.o)
                0x0800f934                siprintf
                0x0800f934                sprintf
 .text.memset   0x0800f978       0x10 C:/ST/STM32CubeIDE_1.18.0/STM32CubeIDE/plugins/com.st.stm32cube.ide.mcu.externaltools.gnu-tools-for-stm32.13.3.rel1.win32_1.0.0.202411081344/tools/bin/../lib/gcc/arm-none-eabi/13.3.1/../../../../arm-none-eabi/lib/thumb/v7e-m+fp/hard\libc_nano.a(libc_a-memset.o)
                0x0800f978                memset
 .text.__errno  0x0800f988        0xc C:/ST/STM32CubeIDE_1.18.0/STM32CubeIDE/plugins/com.st.stm32cube.ide.mcu.externaltools.gnu-tools-for-stm32.13.3.rel1.win32_1.0.0.202411081344/tools/bin/../lib/gcc/arm-none-eabi/13.3.1/../../../../arm-none-eabi/lib/thumb/v7e-m+fp/hard\libc_nano.a(libc_a-errno.o)
                0x0800f988                __errno
 .text.__libc_init_array
                0x0800f994       0x48 C:/ST/STM32CubeIDE_1.18.0/STM32CubeIDE/plugins/com.st.stm32cube.ide.mcu.externaltools.gnu-tools-for-stm32.13.3.rel1.win32_1.0.0.202411081344/tools/bin/../lib/gcc/arm-none-eabi/13.3.1/../../../../arm-none-eabi/lib/thumb/v7e-m+fp/hard\libc_nano.a(libc_a-init.o)
                0x0800f994                __libc_init_array
 .text.__retarget_lock_acquire_recursive
                0x0800f9dc        0x2 C:/ST/STM32CubeIDE_1.18.0/STM32CubeIDE/plugins/com.st.stm32cube.ide.mcu.externaltools.gnu-tools-for-stm32.13.3.rel1.win32_1.0.0.202411081344/tools/bin/../lib/gcc/arm-none-eabi/13.3.1/../../../../arm-none-eabi/lib/thumb/v7e-m+fp/hard\libc_nano.a(libc_a-lock.o)
                0x0800f9dc                __retarget_lock_acquire_recursive
 .text.__retarget_lock_release_recursive
                0x0800f9de        0x2 C:/ST/STM32CubeIDE_1.18.0/STM32CubeIDE/plugins/com.st.stm32cube.ide.mcu.externaltools.gnu-tools-for-stm32.13.3.rel1.win32_1.0.0.202411081344/tools/bin/../lib/gcc/arm-none-eabi/13.3.1/../../../../arm-none-eabi/lib/thumb/v7e-m+fp/hard\libc_nano.a(libc_a-lock.o)
                0x0800f9de                __retarget_lock_release_recursive
 .text.memcpy   0x0800f9e0       0x1c C:/ST/STM32CubeIDE_1.18.0/STM32CubeIDE/plugins/com.st.stm32cube.ide.mcu.externaltools.gnu-tools-for-stm32.13.3.rel1.win32_1.0.0.202411081344/tools/bin/../lib/gcc/arm-none-eabi/13.3.1/../../../../arm-none-eabi/lib/thumb/v7e-m+fp/hard\libc_nano.a(libc_a-memcpy-stub.o)
                0x0800f9e0                memcpy
 .text._free_r  0x0800f9fc       0x94 C:/ST/STM32CubeIDE_1.18.0/STM32CubeIDE/plugins/com.st.stm32cube.ide.mcu.externaltools.gnu-tools-for-stm32.13.3.rel1.win32_1.0.0.202411081344/tools/bin/../lib/gcc/arm-none-eabi/13.3.1/../../../../arm-none-eabi/lib/thumb/v7e-m+fp/hard\libc_nano.a(libc_a-freer.o)
                0x0800f9fc                _free_r
 .text.sbrk_aligned
                0x0800fa90       0x44 C:/ST/STM32CubeIDE_1.18.0/STM32CubeIDE/plugins/com.st.stm32cube.ide.mcu.externaltools.gnu-tools-for-stm32.13.3.rel1.win32_1.0.0.202411081344/tools/bin/../lib/gcc/arm-none-eabi/13.3.1/../../../../arm-none-eabi/lib/thumb/v7e-m+fp/hard\libc_nano.a(libc_a-mallocr.o)
 .text._malloc_r
                0x0800fad4      0x100 C:/ST/STM32CubeIDE_1.18.0/STM32CubeIDE/plugins/com.st.stm32cube.ide.mcu.externaltools.gnu-tools-for-stm32.13.3.rel1.win32_1.0.0.202411081344/tools/bin/../lib/gcc/arm-none-eabi/13.3.1/../../../../arm-none-eabi/lib/thumb/v7e-m+fp/hard\libc_nano.a(libc_a-mallocr.o)
                0x0800fad4                _malloc_r
 .text.__malloc_lock
                0x0800fbd4        0xc C:/ST/STM32CubeIDE_1.18.0/STM32CubeIDE/plugins/com.st.stm32cube.ide.mcu.externaltools.gnu-tools-for-stm32.13.3.rel1.win32_1.0.0.202411081344/tools/bin/../lib/gcc/arm-none-eabi/13.3.1/../../../../arm-none-eabi/lib/thumb/v7e-m+fp/hard\libc_nano.a(libc_a-mlock.o)
                0x0800fbd4                __malloc_lock
 .text.__malloc_unlock
                0x0800fbe0        0xc C:/ST/STM32CubeIDE_1.18.0/STM32CubeIDE/plugins/com.st.stm32cube.ide.mcu.externaltools.gnu-tools-for-stm32.13.3.rel1.win32_1.0.0.202411081344/tools/bin/../lib/gcc/arm-none-eabi/13.3.1/../../../../arm-none-eabi/lib/thumb/v7e-m+fp/hard\libc_nano.a(libc_a-mlock.o)
                0x0800fbe0                __malloc_unlock
 .text.__ssputs_r
                0x0800fbec       0xb6 C:/ST/STM32CubeIDE_1.18.0/STM32CubeIDE/plugins/com.st.stm32cube.ide.mcu.externaltools.gnu-tools-for-stm32.13.3.rel1.win32_1.0.0.202411081344/tools/bin/../lib/gcc/arm-none-eabi/13.3.1/../../../../arm-none-eabi/lib/thumb/v7e-m+fp/hard\libc_nano.a(libc_a-nano-svfprintf.o)
                0x0800fbec                __ssputs_r
 *fill*         0x0800fca2        0x2 
 .text._svfprintf_r
                0x0800fca4      0x1f8 C:/ST/STM32CubeIDE_1.18.0/STM32CubeIDE/plugins/com.st.stm32cube.ide.mcu.externaltools.gnu-tools-for-stm32.13.3.rel1.win32_1.0.0.202411081344/tools/bin/../lib/gcc/arm-none-eabi/13.3.1/../../../../arm-none-eabi/lib/thumb/v7e-m+fp/hard\libc_nano.a(libc_a-nano-svfprintf.o)
                0x0800fca4                _svfiprintf_r
                0x0800fca4                _svfprintf_r
 .text._printf_common
                0x0800fe9c       0xda C:/ST/STM32CubeIDE_1.18.0/STM32CubeIDE/plugins/com.st.stm32cube.ide.mcu.externaltools.gnu-tools-for-stm32.13.3.rel1.win32_1.0.0.202411081344/tools/bin/../lib/gcc/arm-none-eabi/13.3.1/../../../../arm-none-eabi/lib/thumb/v7e-m+fp/hard\libc_nano.a(libc_a-nano-vfprintf_i.o)
                0x0800fe9c                _printf_common
 *fill*         0x0800ff76        0x2 
 .text._printf_i
                0x0800ff78      0x23c C:/ST/STM32CubeIDE_1.18.0/STM32CubeIDE/plugins/com.st.stm32cube.ide.mcu.externaltools.gnu-tools-for-stm32.13.3.rel1.win32_1.0.0.202411081344/tools/bin/../lib/gcc/arm-none-eabi/13.3.1/../../../../arm-none-eabi/lib/thumb/v7e-m+fp/hard\libc_nano.a(libc_a-nano-vfprintf_i.o)
                0x0800ff78                _printf_i
 .text.memmove  0x080101b4       0x34 C:/ST/STM32CubeIDE_1.18.0/STM32CubeIDE/plugins/com.st.stm32cube.ide.mcu.externaltools.gnu-tools-for-stm32.13.3.rel1.win32_1.0.0.202411081344/tools/bin/../lib/gcc/arm-none-eabi/13.3.1/../../../../arm-none-eabi/lib/thumb/v7e-m+fp/hard\libc_nano.a(libc_a-memmove.o)
                0x080101b4                memmove
 .text._sbrk_r  0x080101e8       0x20 C:/ST/STM32CubeIDE_1.18.0/STM32CubeIDE/plugins/com.st.stm32cube.ide.mcu.externaltools.gnu-tools-for-stm32.13.3.rel1.win32_1.0.0.202411081344/tools/bin/../lib/gcc/arm-none-eabi/13.3.1/../../../../arm-none-eabi/lib/thumb/v7e-m+fp/hard\libc_nano.a(libc_a-sbrkr.o)
                0x080101e8                _sbrk_r
 .text._realloc_r
                0x08010208       0x5c C:/ST/STM32CubeIDE_1.18.0/STM32CubeIDE/plugins/com.st.stm32cube.ide.mcu.externaltools.gnu-tools-for-stm32.13.3.rel1.win32_1.0.0.202411081344/tools/bin/../lib/gcc/arm-none-eabi/13.3.1/../../../../arm-none-eabi/lib/thumb/v7e-m+fp/hard\libc_nano.a(libc_a-reallocr.o)
                0x08010208                _realloc_r
 .text._malloc_usable_size_r
                0x08010264       0x10 C:/ST/STM32CubeIDE_1.18.0/STM32CubeIDE/plugins/com.st.stm32cube.ide.mcu.externaltools.gnu-tools-for-stm32.13.3.rel1.win32_1.0.0.202411081344/tools/bin/../lib/gcc/arm-none-eabi/13.3.1/../../../../arm-none-eabi/lib/thumb/v7e-m+fp/hard\libc_nano.a(libc_a-msizer.o)
                0x08010264                _malloc_usable_size_r
 *(.glue_7)
 .glue_7        0x08010274        0x0 linker stubs
 *(.glue_7t)
 .glue_7t       0x08010274        0x0 linker stubs
 *(.eh_frame)
 .eh_frame      0x08010274        0x0 C:/ST/STM32CubeIDE_1.18.0/STM32CubeIDE/plugins/com.st.stm32cube.ide.mcu.externaltools.gnu-tools-for-stm32.13.3.rel1.win32_1.0.0.202411081344/tools/bin/../lib/gcc/arm-none-eabi/13.3.1/thumb/v7e-m+fp/hard/crtbegin.o
 *(.init)
 .init          0x08010274        0x4 C:/ST/STM32CubeIDE_1.18.0/STM32CubeIDE/plugins/com.st.stm32cube.ide.mcu.externaltools.gnu-tools-for-stm32.13.3.rel1.win32_1.0.0.202411081344/tools/bin/../lib/gcc/arm-none-eabi/13.3.1/thumb/v7e-m+fp/hard/crti.o
                0x08010274                _init
 .init          0x08010278        0x8 C:/ST/STM32CubeIDE_1.18.0/STM32CubeIDE/plugins/com.st.stm32cube.ide.mcu.externaltools.gnu-tools-for-stm32.13.3.rel1.win32_1.0.0.202411081344/tools/bin/../lib/gcc/arm-none-eabi/13.3.1/thumb/v7e-m+fp/hard/crtn.o
 *(.fini)
 .fini          0x08010280        0x4 C:/ST/STM32CubeIDE_1.18.0/STM32CubeIDE/plugins/com.st.stm32cube.ide.mcu.externaltools.gnu-tools-for-stm32.13.3.rel1.win32_1.0.0.202411081344/tools/bin/../lib/gcc/arm-none-eabi/13.3.1/thumb/v7e-m+fp/hard/crti.o
                0x08010280                _fini
 .fini          0x08010284        0x8 C:/ST/STM32CubeIDE_1.18.0/STM32CubeIDE/plugins/com.st.stm32cube.ide.mcu.externaltools.gnu-tools-for-stm32.13.3.rel1.win32_1.0.0.202411081344/tools/bin/../lib/gcc/arm-none-eabi/13.3.1/thumb/v7e-m+fp/hard/crtn.o
                0x0801028c                        . = ALIGN (0x4)
                0x0801028c                        _etext = .

.vfp11_veneer   0x0801028c        0x0
 .vfp11_veneer  0x0801028c        0x0 linker stubs

.v4_bx          0x0801028c        0x0
 .v4_bx         0x0801028c        0x0 linker stubs

.iplt           0x0801028c        0x0
 .iplt          0x0801028c        0x0 C:/ST/STM32CubeIDE_1.18.0/STM32CubeIDE/plugins/com.st.stm32cube.ide.mcu.externaltools.gnu-tools-for-stm32.13.3.rel1.win32_1.0.0.202411081344/tools/bin/../lib/gcc/arm-none-eabi/13.3.1/thumb/v7e-m+fp/hard/crtbegin.o

.rodata         0x0801028c      0x5b0
                0x0801028c                        . = ALIGN (0x4)
 *(.rodata)
 .rodata        0x0801028c       0x8a ./Core/Src/main.o
 *fill*         0x08010316        0x2 
 .rodata        0x08010318       0x7d ./Core/Src/test/gyroscope_test.o
 *fill*         0x08010395        0x3 
 .rodata        0x08010398      0x42b ./Core/Src/test/print.o
 *(.rodata*)
 *fill*         0x080107c3        0x1 
 .rodata.AHBPrescTable
                0x080107c4       0x10 ./Core/Src/system_stm32g4xx.o
                0x080107c4                AHBPrescTable
 .rodata.APBPrescTable
                0x080107d4        0x8 ./Core/Src/system_stm32g4xx.o
                0x080107d4                APBPrescTable
 .rodata.ack    0x080107dc        0x1 ./Core/Src/stub/uart_functions.o
 .rodata.nack   0x080107dd        0x1 ./Core/Src/stub/uart_functions.o
 *fill*         0x080107de        0x2 
 .rodata.UARTPrescTable
                0x080107e0       0x18 ./Drivers/STM32G4xx_HAL_Driver/Src/stm32g4xx_hal_uart.o
                0x080107e0                UARTPrescTable
 .rodata.numerator.1
                0x080107f8        0x8 ./Drivers/STM32G4xx_HAL_Driver/Src/stm32g4xx_hal_uart_ex.o
 .rodata.denominator.0
                0x08010800        0x8 ./Drivers/STM32G4xx_HAL_Driver/Src/stm32g4xx_hal_uart_ex.o
 .rodata._svfprintf_r.str1.1
                0x08010808       0x33 C:/ST/STM32CubeIDE_1.18.0/STM32CubeIDE/plugins/com.st.stm32cube.ide.mcu.externaltools.gnu-tools-for-stm32.13.3.rel1.win32_1.0.0.202411081344/tools/bin/../lib/gcc/arm-none-eabi/13.3.1/../../../../arm-none-eabi/lib/thumb/v7e-m+fp/hard\libc_nano.a(libc_a-nano-svfprintf.o)
                                 0x11 (size before relaxing)
 .rodata._printf_i.str1.1
                0x0801083b       0x22 C:/ST/STM32CubeIDE_1.18.0/STM32CubeIDE/plugins/com.st.stm32cube.ide.mcu.externaltools.gnu-tools-for-stm32.13.3.rel1.win32_1.0.0.202411081344/tools/bin/../lib/gcc/arm-none-eabi/13.3.1/../../../../arm-none-eabi/lib/thumb/v7e-m+fp/hard\libc_nano.a(libc_a-nano-vfprintf_i.o)
                0x08010860                        . = ALIGN (0x4)
 *fill*         0x0801083b        0x1 

.ARM.extab      0x0801083c        0x0
                0x0801083c                        . = ALIGN (0x4)
 *(.ARM.extab* .gnu.linkonce.armextab.*)
                0x0801083c                        . = ALIGN (0x4)

.ARM            0x0801083c        0x8
                0x0801083c                        . = ALIGN (0x4)
                0x0801083c                        __exidx_start = .
 *(.ARM.exidx*)
 .ARM.exidx     0x0801083c        0x8 C:/ST/STM32CubeIDE_1.18.0/STM32CubeIDE/plugins/com.st.stm32cube.ide.mcu.externaltools.gnu-tools-for-stm32.13.3.rel1.win32_1.0.0.202411081344/tools/bin/../lib/gcc/arm-none-eabi/13.3.1/../../../../arm-none-eabi/lib/thumb/v7e-m+fp/hard\libc_nano.a(libc_a-strlen.o)
 .ARM.exidx     0x08010844        0x0 C:/ST/STM32CubeIDE_1.18.0/STM32CubeIDE/plugins/com.st.stm32cube.ide.mcu.externaltools.gnu-tools-for-stm32.13.3.rel1.win32_1.0.0.202411081344/tools/bin/../lib/gcc/arm-none-eabi/13.3.1/../../../../arm-none-eabi/lib/thumb/v7e-m+fp/hard\libc_nano.a(libc_a-memchr.o)
                                  0x8 (size before relaxing)
 .ARM.exidx     0x08010844        0x0 C:/ST/STM32CubeIDE_1.18.0/STM32CubeIDE/plugins/com.st.stm32cube.ide.mcu.externaltools.gnu-tools-for-stm32.13.3.rel1.win32_1.0.0.202411081344/tools/bin/../lib/gcc/arm-none-eabi/13.3.1/thumb/v7e-m+fp/hard\libgcc.a(_udivmoddi4.o)
                                  0x8 (size before relaxing)
                0x08010844                        __exidx_end = .
                0x08010844                        . = ALIGN (0x4)

.preinit_array  0x08010844        0x0
                0x08010844                        . = ALIGN (0x4)
                0x08010844                        PROVIDE (__preinit_array_start = .)
 *(.preinit_array*)
                0x08010844                        PROVIDE (__preinit_array_end = .)
                0x08010844                        . = ALIGN (0x4)

.init_array     0x08010844        0x4
                0x08010844                        . = ALIGN (0x4)
                0x08010844                        PROVIDE (__init_array_start = .)
 *(SORT_BY_NAME(.init_array.*))
 *(.init_array*)
 .init_array    0x08010844        0x4 C:/ST/STM32CubeIDE_1.18.0/STM32CubeIDE/plugins/com.st.stm32cube.ide.mcu.externaltools.gnu-tools-for-stm32.13.3.rel1.win32_1.0.0.202411081344/tools/bin/../lib/gcc/arm-none-eabi/13.3.1/thumb/v7e-m+fp/hard/crtbegin.o
                0x08010848                        PROVIDE (__init_array_end = .)
                0x08010848                        . = ALIGN (0x4)

.fini_array     0x08010848        0x4
                0x08010848                        . = ALIGN (0x4)
                [!provide]                        PROVIDE (__fini_array_start = .)
 *(SORT_BY_NAME(.fini_array.*))
 *(.fini_array*)
 .fini_array    0x08010848        0x4 C:/ST/STM32CubeIDE_1.18.0/STM32CubeIDE/plugins/com.st.stm32cube.ide.mcu.externaltools.gnu-tools-for-stm32.13.3.rel1.win32_1.0.0.202411081344/tools/bin/../lib/gcc/arm-none-eabi/13.3.1/thumb/v7e-m+fp/hard/crtbegin.o
                [!provide]                        PROVIDE (__fini_array_end = .)
                0x0801084c                        . = ALIGN (0x4)
                0x0801084c                        _sidata = LOADADDR (.data)

.rel.dyn        0x0801084c        0x0
 .rel.iplt      0x0801084c        0x0 C:/ST/STM32CubeIDE_1.18.0/STM32CubeIDE/plugins/com.st.stm32cube.ide.mcu.externaltools.gnu-tools-for-stm32.13.3.rel1.win32_1.0.0.202411081344/tools/bin/../lib/gcc/arm-none-eabi/13.3.1/thumb/v7e-m+fp/hard/crtbegin.o

.data           0x20000000       0x64 load address 0x0801084c
                0x20000000                        . = ALIGN (0x4)
                0x20000000                        _sdata = .
 *(.data)
 *(.data*)
 .data.rtInfF   0x20000000        0x4 ./Core/Src/rt_nonfinite.o
                0x20000000                rtInfF
 .data.rtMinusInfF
                0x20000004        0x4 ./Core/Src/rt_nonfinite.o
                0x20000004                rtMinusInfF
 .data.SystemCoreClock
                0x20000008        0x4 ./Core/Src/system_stm32g4xx.o
                0x20000008                SystemCoreClock
 .data.uwTickPrio
                0x2000000c        0x4 ./Drivers/STM32G4xx_HAL_Driver/Src/stm32g4xx_hal.o
                0x2000000c                uwTickPrio
 .data.uwTickFreq
                0x20000010        0x4 ./Drivers/STM32G4xx_HAL_Driver/Src/stm32g4xx_hal.o
                0x20000010                uwTickFreq
 .data._impure_ptr
                0x20000014        0x4 C:/ST/STM32CubeIDE_1.18.0/STM32CubeIDE/plugins/com.st.stm32cube.ide.mcu.externaltools.gnu-tools-for-stm32.13.3.rel1.win32_1.0.0.202411081344/tools/bin/../lib/gcc/arm-none-eabi/13.3.1/../../../../arm-none-eabi/lib/thumb/v7e-m+fp/hard\libc_nano.a(libc_a-impure.o)
                0x20000014                _impure_ptr
 .data._impure_data
                0x20000018       0x4c C:/ST/STM32CubeIDE_1.18.0/STM32CubeIDE/plugins/com.st.stm32cube.ide.mcu.externaltools.gnu-tools-for-stm32.13.3.rel1.win32_1.0.0.202411081344/tools/bin/../lib/gcc/arm-none-eabi/13.3.1/../../../../arm-none-eabi/lib/thumb/v7e-m+fp/hard\libc_nano.a(libc_a-impure.o)
                0x20000018                _impure_data
 *(.RamFunc)
 *(.RamFunc*)
                0x20000064                        . = ALIGN (0x4)
                0x20000064                        _edata = .

.igot.plt       0x20000064        0x0 load address 0x080108b0
 .igot.plt      0x20000064        0x0 C:/ST/STM32CubeIDE_1.18.0/STM32CubeIDE/plugins/com.st.stm32cube.ide.mcu.externaltools.gnu-tools-for-stm32.13.3.rel1.win32_1.0.0.202411081344/tools/bin/../lib/gcc/arm-none-eabi/13.3.1/thumb/v7e-m+fp/hard/crtbegin.o
                0x20000064                        . = ALIGN (0x4)

.bss            0x20000068      0x6f8 load address 0x080108b0
                0x20000068                        _sbss = .
                0x20000068                        __bss_start__ = _sbss
 *(.bss)
 .bss           0x20000068       0x1c C:/ST/STM32CubeIDE_1.18.0/STM32CubeIDE/plugins/com.st.stm32cube.ide.mcu.externaltools.gnu-tools-for-stm32.13.3.rel1.win32_1.0.0.202411081344/tools/bin/../lib/gcc/arm-none-eabi/13.3.1/thumb/v7e-m+fp/hard/crtbegin.o
 *(.bss*)
 .bss.ActionsModel_MdlrefDW
                0x20000084        0x4 ./Core/Src/actions/ActionsModel.o
                0x20000084                ActionsModel_MdlrefDW
 .bss.ActionsModel_B
                0x20000088        0x1 ./Core/Src/actions/ActionsModel.o
                0x20000088                ActionsModel_B
 *fill*         0x20000089        0x3 
 .bss.ActionsModel_DW
                0x2000008c       0x4c ./Core/Src/actions/ActionsModel.o
                0x2000008c                ActionsModel_DW
 .bss.Board2_B  0x200000d8       0x30 ./Core/Src/board2/Board2.o
                0x200000d8                Board2_B
 .bss.Board2_DW
                0x20000108       0xd0 ./Core/Src/board2/Board2.o
                0x20000108                Board2_DW
 .bss.Board2_U  0x200001d8       0x60 ./Core/Src/board2/Board2.o
                0x200001d8                Board2_U
 .bss.Board2_Y  0x20000238       0x4c ./Core/Src/board2/Board2.o
                0x20000238                Board2_Y
 .bss.Board2_M_
                0x20000284        0x4 ./Core/Src/board2/Board2.o
 .bss.hcrc      0x20000288       0x24 ./Core/Src/crc.o
                0x20000288                hcrc
 .bss.hi2c1     0x200002ac       0x54 ./Core/Src/i2c.o
                0x200002ac                hi2c1
 .bss.hi2c3     0x20000300       0x54 ./Core/Src/i2c.o
                0x20000300                hi2c3
 .bss.sonarLeft_done
                0x20000354        0x1 ./Core/Src/main.o
                0x20000354                sonarLeft_done
 .bss.sonarFront_done
                0x20000355        0x1 ./Core/Src/main.o
                0x20000355                sonarFront_done
 .bss.sonarRight_done
                0x20000356        0x1 ./Core/Src/main.o
                0x20000356                sonarRight_done
 .bss.flow_control_flag
                0x20000357        0x1 ./Core/Src/main.o
                0x20000357                flow_control_flag
 .bss.MPU6050_Yaw
                0x20000358       0x20 ./Core/Src/main.o
                0x20000358                MPU6050_Yaw
 .bss.gyro_done
                0x20000378        0x1 ./Core/Src/main.o
                0x20000378                gyro_done
 *fill*         0x20000379        0x3 
 .bss.__sbrk_heap_end
                0x2000037c        0x4 ./Core/Src/sysmem.o
 .bss.htim1     0x20000380       0x4c ./Core/Src/tim.o
                0x20000380                htim1
 .bss.htim2     0x200003cc       0x4c ./Core/Src/tim.o
                0x200003cc                htim2
 .bss.htim7     0x20000418       0x4c ./Core/Src/tim.o
                0x20000418                htim7
 .bss.hlpuart1  0x20000464       0x94 ./Core/Src/usart.o
                0x20000464                hlpuart1
 .bss.huart2    0x200004f8       0x94 ./Core/Src/usart.o
                0x200004f8                huart2
 .bss.timer     0x2000058c        0x4 ./Core/Src/driver/mpu6050.o
                0x2000058c                timer
 .bss.gyroZ_bias
                0x20000590        0x8 ./Core/Src/driver/mpu6050.o
 .bss.yaw_buffer
                0x20000598        0x2 ./Core/Src/driver/mpu6050.o
 *fill*         0x2000059a        0x2 
 .bss.pYawStruct
                0x2000059c        0x4 ./Core/Src/driver/mpu6050.o
 .bss.rx_buffer
                0x200005a0        0x6 ./Core/Src/driver/pad_receiver.o
 *fill*         0x200005a6        0x2 
 .bss.valid_data
                0x200005a8        0x6 ./Core/Src/driver/pad_receiver.o
 .bss.rx_active
                0x200005ae        0x1 ./Core/Src/driver/pad_receiver.o
 *fill*         0x200005af        0x1 
 .bss.sonarLeft
                0x200005b0       0x1c ./Core/Src/driver_init/sonar_init.o
                0x200005b0                sonarLeft
 .bss.sonarFront
                0x200005cc       0x1c ./Core/Src/driver_init/sonar_init.o
                0x200005cc                sonarFront
 .bss.sonarRight
                0x200005e8       0x1c ./Core/Src/driver_init/sonar_init.o
                0x200005e8                sonarRight
 .bss.receivedFlag
                0x20000604        0x1 ./Core/Src/stub/uart_functions.o
                0x20000604                receivedFlag
 .bss.received_ack
                0x20000605        0x1 ./Core/Src/stub/uart_functions.o
 *fill*         0x20000606        0x2 
 .bss.current_handler
                0x20000608        0x4 ./Core/Src/stub/uart_functions.o
 .bss.dummyReceiveGyro
                0x2000060c        0x1 ./Core/Src/test/gyroscope_test.o
                0x2000060c                dummyReceiveGyro
 *fill*         0x2000060d        0x3 
 .bss.current_printer
                0x20000610        0x4 ./Core/Src/test/print.o
 .bss.uwTick    0x20000614        0x4 ./Drivers/STM32G4xx_HAL_Driver/Src/stm32g4xx_hal.o
                0x20000614                uwTick
 .bss.__sf      0x20000618      0x138 C:/ST/STM32CubeIDE_1.18.0/STM32CubeIDE/plugins/com.st.stm32cube.ide.mcu.externaltools.gnu-tools-for-stm32.13.3.rel1.win32_1.0.0.202411081344/tools/bin/../lib/gcc/arm-none-eabi/13.3.1/../../../../arm-none-eabi/lib/thumb/v7e-m+fp/hard\libc_nano.a(libc_a-findfp.o)
                0x20000618                __sf
 .bss.errno     0x20000750        0x4 C:/ST/STM32CubeIDE_1.18.0/STM32CubeIDE/plugins/com.st.stm32cube.ide.mcu.externaltools.gnu-tools-for-stm32.13.3.rel1.win32_1.0.0.202411081344/tools/bin/../lib/gcc/arm-none-eabi/13.3.1/../../../../arm-none-eabi/lib/thumb/v7e-m+fp/hard\libc_nano.a(libc_a-reent.o)
                0x20000750                errno
 .bss.__lock___malloc_recursive_mutex
                0x20000754        0x1 C:/ST/STM32CubeIDE_1.18.0/STM32CubeIDE/plugins/com.st.stm32cube.ide.mcu.externaltools.gnu-tools-for-stm32.13.3.rel1.win32_1.0.0.202411081344/tools/bin/../lib/gcc/arm-none-eabi/13.3.1/../../../../arm-none-eabi/lib/thumb/v7e-m+fp/hard\libc_nano.a(libc_a-lock.o)
                0x20000754                __lock___malloc_recursive_mutex
 *fill*         0x20000755        0x3 
 .bss.__malloc_sbrk_start
                0x20000758        0x4 C:/ST/STM32CubeIDE_1.18.0/STM32CubeIDE/plugins/com.st.stm32cube.ide.mcu.externaltools.gnu-tools-for-stm32.13.3.rel1.win32_1.0.0.202411081344/tools/bin/../lib/gcc/arm-none-eabi/13.3.1/../../../../arm-none-eabi/lib/thumb/v7e-m+fp/hard\libc_nano.a(libc_a-mallocr.o)
                0x20000758                __malloc_sbrk_start
 .bss.__malloc_free_list
                0x2000075c        0x4 C:/ST/STM32CubeIDE_1.18.0/STM32CubeIDE/plugins/com.st.stm32cube.ide.mcu.externaltools.gnu-tools-for-stm32.13.3.rel1.win32_1.0.0.202411081344/tools/bin/../lib/gcc/arm-none-eabi/13.3.1/../../../../arm-none-eabi/lib/thumb/v7e-m+fp/hard\libc_nano.a(libc_a-mallocr.o)
                0x2000075c                __malloc_free_list
 *(COMMON)
                0x20000760                        . = ALIGN (0x4)
                0x20000760                        _ebss = .
                0x20000760                        __bss_end__ = _ebss

._user_heap_stack
                0x20000760      0x600 load address 0x080108b0
                0x20000760                        . = ALIGN (0x8)
                [!provide]                        PROVIDE (end = .)
                0x20000760                        PROVIDE (_end = .)
                0x20000960                        . = (. + _Min_Heap_Size)
 *fill*         0x20000760      0x200 
                0x20000d60                        . = (. + _Min_Stack_Size)
 *fill*         0x20000960      0x400 
                0x20000d60                        . = ALIGN (0x8)

/DISCARD/
 libc.a(*)
 libm.a(*)
 libgcc.a(*)

.ARM.attributes
                0x00000000       0x30
 *(.ARM.attributes)
 .ARM.attributes
                0x00000000       0x22 C:/ST/STM32CubeIDE_1.18.0/STM32CubeIDE/plugins/com.st.stm32cube.ide.mcu.externaltools.gnu-tools-for-stm32.13.3.rel1.win32_1.0.0.202411081344/tools/bin/../lib/gcc/arm-none-eabi/13.3.1/thumb/v7e-m+fp/hard/crti.o
 .ARM.attributes
                0x00000022       0x34 C:/ST/STM32CubeIDE_1.18.0/STM32CubeIDE/plugins/com.st.stm32cube.ide.mcu.externaltools.gnu-tools-for-stm32.13.3.rel1.win32_1.0.0.202411081344/tools/bin/../lib/gcc/arm-none-eabi/13.3.1/thumb/v7e-m+fp/hard/crtbegin.o
 .ARM.attributes
                0x00000056       0x34 ./Core/Src/actions/ActionsModel.o
 .ARM.attributes
                0x0000008a       0x34 ./Core/Src/board2/Board2.o
 .ARM.attributes
                0x000000be       0x34 ./Core/Src/bus/deserialize.o
 .ARM.attributes
                0x000000f2       0x34 ./Core/Src/bus/serialize.o
 .ARM.attributes
                0x00000126       0x34 ./Core/Src/crc.o
 .ARM.attributes
                0x0000015a       0x34 ./Core/Src/gpio.o
 .ARM.attributes
                0x0000018e       0x34 ./Core/Src/i2c.o
 .ARM.attributes
                0x000001c2       0x34 ./Core/Src/main.o
 .ARM.attributes
                0x000001f6       0x34 ./Core/Src/rt_nonfinite.o
 .ARM.attributes
                0x0000022a       0x34 ./Core/Src/stm32g4xx_hal_msp.o
 .ARM.attributes
                0x0000025e       0x34 ./Core/Src/stm32g4xx_it.o
 .ARM.attributes
                0x00000292       0x34 ./Core/Src/sysmem.o
 .ARM.attributes
                0x000002c6       0x34 ./Core/Src/system_stm32g4xx.o
 .ARM.attributes
                0x000002fa       0x34 ./Core/Src/tim.o
 .ARM.attributes
                0x0000032e       0x34 ./Core/Src/usart.o
 .ARM.attributes
                0x00000362       0x34 ./Core/Src/driver/HCSR04.o
 .ARM.attributes
                0x00000396       0x34 ./Core/Src/driver/mpu6050.o
 .ARM.attributes
                0x000003ca       0x34 ./Core/Src/driver/pad_receiver.o
 .ARM.attributes
                0x000003fe       0x34 ./Core/Src/driver_init/sonar_init.o
 .ARM.attributes
                0x00000432       0x34 ./Core/Src/stub/crc_functions.o
 .ARM.attributes
                0x00000466       0x34 ./Core/Src/stub/uart_functions.o
 .ARM.attributes
                0x0000049a       0x34 ./Core/Src/test/gyroscope_test.o
 .ARM.attributes
                0x000004ce       0x34 ./Core/Src/test/print.o
 .ARM.attributes
                0x00000502       0x21 ./Core/Startup/startup_stm32g474retx.o
 .ARM.attributes
                0x00000523       0x34 ./Drivers/STM32G4xx_HAL_Driver/Src/stm32g4xx_hal.o
 .ARM.attributes
                0x00000557       0x34 ./Drivers/STM32G4xx_HAL_Driver/Src/stm32g4xx_hal_cortex.o
 .ARM.attributes
                0x0000058b       0x34 ./Drivers/STM32G4xx_HAL_Driver/Src/stm32g4xx_hal_crc.o
 .ARM.attributes
                0x000005bf       0x34 ./Drivers/STM32G4xx_HAL_Driver/Src/stm32g4xx_hal_crc_ex.o
 .ARM.attributes
                0x000005f3       0x34 ./Drivers/STM32G4xx_HAL_Driver/Src/stm32g4xx_hal_dma.o
 .ARM.attributes
                0x00000627       0x34 ./Drivers/STM32G4xx_HAL_Driver/Src/stm32g4xx_hal_gpio.o
 .ARM.attributes
                0x0000065b       0x34 ./Drivers/STM32G4xx_HAL_Driver/Src/stm32g4xx_hal_i2c.o
 .ARM.attributes
                0x0000068f       0x34 ./Drivers/STM32G4xx_HAL_Driver/Src/stm32g4xx_hal_i2c_ex.o
 .ARM.attributes
                0x000006c3       0x34 ./Drivers/STM32G4xx_HAL_Driver/Src/stm32g4xx_hal_pwr_ex.o
 .ARM.attributes
                0x000006f7       0x34 ./Drivers/STM32G4xx_HAL_Driver/Src/stm32g4xx_hal_rcc.o
 .ARM.attributes
                0x0000072b       0x34 ./Drivers/STM32G4xx_HAL_Driver/Src/stm32g4xx_hal_rcc_ex.o
 .ARM.attributes
                0x0000075f       0x34 ./Drivers/STM32G4xx_HAL_Driver/Src/stm32g4xx_hal_tim.o
 .ARM.attributes
                0x00000793       0x34 ./Drivers/STM32G4xx_HAL_Driver/Src/stm32g4xx_hal_tim_ex.o
 .ARM.attributes
                0x000007c7       0x34 ./Drivers/STM32G4xx_HAL_Driver/Src/stm32g4xx_hal_uart.o
 .ARM.attributes
                0x000007fb       0x34 ./Drivers/STM32G4xx_HAL_Driver/Src/stm32g4xx_hal_uart_ex.o
 .ARM.attributes
                0x0000082f       0x34 C:/ST/STM32CubeIDE_1.18.0/STM32CubeIDE/plugins/com.st.stm32cube.ide.mcu.externaltools.gnu-tools-for-stm32.13.3.rel1.win32_1.0.0.202411081344/tools/bin/../lib/gcc/arm-none-eabi/13.3.1/../../../../arm-none-eabi/lib/thumb/v7e-m+fp/hard\libc_nano.a(libc_a-findfp.o)
 .ARM.attributes
                0x00000863       0x34 C:/ST/STM32CubeIDE_1.18.0/STM32CubeIDE/plugins/com.st.stm32cube.ide.mcu.externaltools.gnu-tools-for-stm32.13.3.rel1.win32_1.0.0.202411081344/tools/bin/../lib/gcc/arm-none-eabi/13.3.1/../../../../arm-none-eabi/lib/thumb/v7e-m+fp/hard\libc_nano.a(libc_a-snprintf.o)
 .ARM.attributes
                0x00000897       0x34 C:/ST/STM32CubeIDE_1.18.0/STM32CubeIDE/plugins/com.st.stm32cube.ide.mcu.externaltools.gnu-tools-for-stm32.13.3.rel1.win32_1.0.0.202411081344/tools/bin/../lib/gcc/arm-none-eabi/13.3.1/../../../../arm-none-eabi/lib/thumb/v7e-m+fp/hard\libc_nano.a(libc_a-sprintf.o)
 .ARM.attributes
                0x000008cb       0x34 C:/ST/STM32CubeIDE_1.18.0/STM32CubeIDE/plugins/com.st.stm32cube.ide.mcu.externaltools.gnu-tools-for-stm32.13.3.rel1.win32_1.0.0.202411081344/tools/bin/../lib/gcc/arm-none-eabi/13.3.1/../../../../arm-none-eabi/lib/thumb/v7e-m+fp/hard\libc_nano.a(libc_a-memset.o)
 .ARM.attributes
                0x000008ff       0x34 C:/ST/STM32CubeIDE_1.18.0/STM32CubeIDE/plugins/com.st.stm32cube.ide.mcu.externaltools.gnu-tools-for-stm32.13.3.rel1.win32_1.0.0.202411081344/tools/bin/../lib/gcc/arm-none-eabi/13.3.1/../../../../arm-none-eabi/lib/thumb/v7e-m+fp/hard\libc_nano.a(libc_a-reent.o)
 .ARM.attributes
                0x00000933       0x34 C:/ST/STM32CubeIDE_1.18.0/STM32CubeIDE/plugins/com.st.stm32cube.ide.mcu.externaltools.gnu-tools-for-stm32.13.3.rel1.win32_1.0.0.202411081344/tools/bin/../lib/gcc/arm-none-eabi/13.3.1/../../../../arm-none-eabi/lib/thumb/v7e-m+fp/hard\libc_nano.a(libc_a-impure.o)
 .ARM.attributes
                0x00000967       0x34 C:/ST/STM32CubeIDE_1.18.0/STM32CubeIDE/plugins/com.st.stm32cube.ide.mcu.externaltools.gnu-tools-for-stm32.13.3.rel1.win32_1.0.0.202411081344/tools/bin/../lib/gcc/arm-none-eabi/13.3.1/../../../../arm-none-eabi/lib/thumb/v7e-m+fp/hard\libc_nano.a(libc_a-errno.o)
 .ARM.attributes
                0x0000099b       0x34 C:/ST/STM32CubeIDE_1.18.0/STM32CubeIDE/plugins/com.st.stm32cube.ide.mcu.externaltools.gnu-tools-for-stm32.13.3.rel1.win32_1.0.0.202411081344/tools/bin/../lib/gcc/arm-none-eabi/13.3.1/../../../../arm-none-eabi/lib/thumb/v7e-m+fp/hard\libc_nano.a(libc_a-init.o)
 .ARM.attributes
                0x000009cf       0x34 C:/ST/STM32CubeIDE_1.18.0/STM32CubeIDE/plugins/com.st.stm32cube.ide.mcu.externaltools.gnu-tools-for-stm32.13.3.rel1.win32_1.0.0.202411081344/tools/bin/../lib/gcc/arm-none-eabi/13.3.1/../../../../arm-none-eabi/lib/thumb/v7e-m+fp/hard\libc_nano.a(libc_a-lock.o)
 .ARM.attributes
                0x00000a03       0x34 C:/ST/STM32CubeIDE_1.18.0/STM32CubeIDE/plugins/com.st.stm32cube.ide.mcu.externaltools.gnu-tools-for-stm32.13.3.rel1.win32_1.0.0.202411081344/tools/bin/../lib/gcc/arm-none-eabi/13.3.1/../../../../arm-none-eabi/lib/thumb/v7e-m+fp/hard\libc_nano.a(libc_a-memcpy-stub.o)
 .ARM.attributes
                0x00000a37       0x17 C:/ST/STM32CubeIDE_1.18.0/STM32CubeIDE/plugins/com.st.stm32cube.ide.mcu.externaltools.gnu-tools-for-stm32.13.3.rel1.win32_1.0.0.202411081344/tools/bin/../lib/gcc/arm-none-eabi/13.3.1/../../../../arm-none-eabi/lib/thumb/v7e-m+fp/hard\libc_nano.a(libc_a-strlen.o)
 .ARM.attributes