../Core/Src/stub/uart_functions.c:28:6:setComunicationHandler	16	static
../Core/Src/stub/uart_functions.c:32:22:getComunicationHandler	4	static
../Core/Src/stub/uart_functions.c:39:9:checkRTR	8	static
../Core/Src/stub/uart_functions.c:43:6:UART_TransmitIT	16	static
../Core/Src/stub/uart_functions.c:51:6:setRTR	8	static
../Core/Src/stub/uart_functions.c:55:6:resetRTR	8	static
../Core/Src/stub/uart_functions.c:59:6:UART_ReceiveIT	16	static
../Core/Src/stub/uart_functions.c:69:9:hasReceived	4	static
../Core/Src/stub/uart_functions.c:73:6:UART_ReceiveAck	8	static
../Core/Src/stub/uart_functions.c:78:9:UART_CheckAck	4	static
../Core/Src/stub/uart_functions.c:82:6:UART_SendAck	8	static
../Core/Src/stub/uart_functions.c:86:6:UART_SendNack	8	static
