../Core/Src/test/print.c:8:6:setPrinterHandler	16	static
../Core/Src/test/print.c:15:21:getPrinterHandler	4	static
../Core/Src/test/print.c:20:13:prv_tx_str	24	static
../Core/Src/test/print.c:29:13:prv_tx_buf	16	static
../Core/Src/test/print.c:40:6:uartPrint	16	static
../Core/Src/test/print.c:45:6:printMsg_impl	16	static
../Core/Src/test/print.c:50:6:clearScreen	8	static
../Core/Src/test/print.c:58:6:printInt	40	static
../Core/Src/test/print.c:65:6:printFloat	64	static
../Core/Src/test/print.c:83:6:UART_PrintFrameSizes	88	static
../Core/Src/test/print.c:121:6:uartPrintBuffHex	120	static
../Core/Src/test/print.c:138:6:printHeader	16	static
../Core/Src/test/print.c:144:6:printLabel	16	static
../Core/Src/test/print.c:151:6:printNewLine	8	static
../Core/Src/test/print.c:157:6:printMotorSpeeds	200	static
../Core/Src/test/print.c:166:6:printTemperature	88	static
../Core/Src/test/print.c:173:6:printBattery	88	static
../Core/Src/test/print.c:180:6:printLocalStateB1	16	static
../Core/Src/test/print.c:191:6:printSonar	120	static
../Core/Src/test/print.c:199:6:printGyroscope	88	static
../Core/Src/test/print.c:206:6:printRemoteController	152	static
../Core/Src/test/print.c:215:6:printLocalStateB2	16	static
../Core/Src/test/print.c:226:6:printGlobalState	16	static
../Core/Src/test/print.c:236:6:printEnumLine	16	static
../Core/Src/test/print.c:243:6:printSetPoint	120	static
../Core/Src/test/print.c:252:20:getStatusWhiteLedName	16	static
../Core/Src/test/print.c:260:20:getStatusRedLedName	16	static
../Core/Src/test/print.c:269:6:printLeds	304	static
../Core/Src/test/print.c:281:20:getActuatorName	16	static
../Core/Src/test/print.c:289:20:getUserActionName	16	static
../Core/Src/test/print.c:302:20:getRoverActionName	16	static
../Core/Src/test/print.c:314:20:getSafeActionName	16	static
../Core/Src/test/print.c:325:13:printEnumLineStr	16	static
../Core/Src/test/print.c:332:6:printDecision	16	static
