../Core/Src/board2/Board2.c:94:13:Board2_ExchangeLocalState	16	static
../Core/Src/board2/Board2.c:249:28:Board2_evaluateLed	24	static
../Core/Src/board2/Board2.c:270:24:Board2_computeUserAction	24	static
../Core/Src/board2/Board2.c:293:24:Board2_continueBraking	24	static
../Core/Src/board2/Board2.c:314:13:Board2_actuatorSelection	24	static
../Core/Src/board2/Board2.c:331:13:Board2_ExchangeGlobalState	8	static
../Core/Src/board2/Board2.c:493:6:Board2_step	56	static
../Core/Src/board2/Board2.c:796:6:Board2_initialize	8	static
../Core/Src/board2/Board2.c:813:6:Board2_terminate	4	static
