../Core/Src/test/print.c:8:6:setPrinter	16	static
../Core/Src/test/print.c:15:21:getPrinter	4	static
../Core/Src/test/print.c:21:13:prv_tx_str	24	static
../Core/Src/test/print.c:30:13:prv_tx_buf	16	static
../Core/Src/test/print.c:41:6:uartPrint	16	static
../Core/Src/test/print.c:46:6:printMsg_impl	16	static
../Core/Src/test/print.c:51:6:clearScreen	8	static
../Core/Src/test/print.c:59:6:printInt	40	static
../Core/Src/test/print.c:66:6:printFloat	64	static
../Core/Src/test/print.c:84:6:UART_PrintFrameSizes	88	static
../Core/Src/test/print.c:122:6:uartPrintBuffHex	120	static
../Core/Src/test/print.c:139:6:printHeader	16	static
../Core/Src/test/print.c:145:6:printLabel	16	static
../Core/Src/test/print.c:152:6:printNewLine	8	static
../Core/Src/test/print.c:158:6:printMotorSpeeds	200	static
../Core/Src/test/print.c:167:6:printTemperature	88	static
../Core/Src/test/print.c:174:6:printBattery	88	static
../Core/Src/test/print.c:181:6:printLocalStateB1	16	static
../Core/Src/test/print.c:192:6:printSonar	120	static
../Core/Src/test/print.c:200:6:printGyroscope	88	static
../Core/Src/test/print.c:207:6:printRemoteController	152	static
../Core/Src/test/print.c:216:6:printLocalStateB2	16	static
../Core/Src/test/print.c:227:6:printGlobalState	16	static
../Core/Src/test/print.c:237:6:printEnumLine	16	static
../Core/Src/test/print.c:244:6:printSetPoint	120	static
../Core/Src/test/print.c:253:6:printDecision	16	static
