../Core/Src/actions/ActionsModel.c:152:6:ActionsMod_MovingObstacles_Init	16	static
../Core/Src/actions/ActionsModel.c:163:6:ActionsModel_MovingObstacles	24	static
../Core/Src/actions/ActionsModel.c:230:24:Actio_checkSafetyFromRotateLeft	24	static
../Core/Src/actions/ActionsModel.c:242:24:ActionsM_checkSafetyFromForward	24	static
../Core/Src/actions/ActionsModel.c:271:16:ActionsModel_areAllSpeedsZero	24	static
../Core/Src/actions/ActionsModel.c:279:16:ActionsMod_trackGyroAngleChange	32	static
../Core/Src/actions/ActionsModel.c:294:13:enter_internal_BW_FW_SafeAction	24	static
../Core/Src/actions/ActionsModel.c:343:13:ActionsModel_BW_Forward	24	static
../Core/Src/actions/ActionsModel.c:537:13:ActionsModel_BW_RotateLeft	24	static
../Core/Src/actions/ActionsModel.c:658:13:Ac_enter_internal_FW_SafeAction	24	static
../Core/Src/actions/ActionsModel.c:707:13:ActionsModel_Backward	48	static
../Core/Src/actions/ActionsModel.c:1126:13:ActionsModel_Forward	24	static
../Core/Src/actions/ActionsModel.c:1498:13:ActionsModel_RotateLeft	24	static
../Core/Src/actions/ActionsModel.c:1769:13:ActionsModel_RotateRight	24	static
../Core/Src/actions/ActionsModel.c:2040:6:ActionsModel_Init	24	static
../Core/Src/actions/ActionsModel.c:2071:6:ActionsModel_ComputeRoverAction	56	static
../Core/Src/actions/ActionsModel.c:2437:6:ActionsModel_initialize	24	static
