Archive member included to satisfy reference by file (symbol)

C:/ST/STM32CubeIDE_1.18.0/STM32CubeIDE/plugins/com.st.stm32cube.ide.mcu.externaltools.gnu-tools-for-stm32.13.3.rel1.win32_1.0.0.202411081344/tools/bin/../lib/gcc/arm-none-eabi/13.3.1/../../../../arm-none-eabi/lib/thumb/v7e-m+fp/hard\libc_nano.a(libc_a-exit.o)
                              C:/ST/STM32CubeIDE_1.18.0/STM32CubeIDE/plugins/com.st.stm32cube.ide.mcu.externaltools.gnu-tools-for-stm32.13.3.rel1.win32_1.0.0.202411081344/tools/bin/../lib/gcc/arm-none-eabi/13.3.1/../../../../arm-none-eabi/lib/thumb/v7e-m+fp/hard/crt0.o (exit)
C:/ST/STM32CubeIDE_1.18.0/STM32CubeIDE/plugins/com.st.stm32cube.ide.mcu.externaltools.gnu-tools-for-stm32.13.3.rel1.win32_1.0.0.202411081344/tools/bin/../lib/gcc/arm-none-eabi/13.3.1/../../../../arm-none-eabi/lib/thumb/v7e-m+fp/hard\libc_nano.a(libc_a-findfp.o)
                              C:/ST/STM32CubeIDE_1.18.0/STM32CubeIDE/plugins/com.st.stm32cube.ide.mcu.externaltools.gnu-tools-for-stm32.13.3.rel1.win32_1.0.0.202411081344/tools/bin/../lib/gcc/arm-none-eabi/13.3.1/../../../../arm-none-eabi/lib/thumb/v7e-m+fp/hard\libc_nano.a(libc_a-exit.o) (__stdio_exit_handler)
C:/ST/STM32CubeIDE_1.18.0/STM32CubeIDE/plugins/com.st.stm32cube.ide.mcu.externaltools.gnu-tools-for-stm32.13.3.rel1.win32_1.0.0.202411081344/tools/bin/../lib/gcc/arm-none-eabi/13.3.1/../../../../arm-none-eabi/lib/thumb/v7e-m+fp/hard\libc_nano.a(libc_a-fwalk.o)
                              C:/ST/STM32CubeIDE_1.18.0/STM32CubeIDE/plugins/com.st.stm32cube.ide.mcu.externaltools.gnu-tools-for-stm32.13.3.rel1.win32_1.0.0.202411081344/tools/bin/../lib/gcc/arm-none-eabi/13.3.1/../../../../arm-none-eabi/lib/thumb/v7e-m+fp/hard\libc_nano.a(libc_a-findfp.o) (_fwalk_sglue)
C:/ST/STM32CubeIDE_1.18.0/STM32CubeIDE/plugins/com.st.stm32cube.ide.mcu.externaltools.gnu-tools-for-stm32.13.3.rel1.win32_1.0.0.202411081344/tools/bin/../lib/gcc/arm-none-eabi/13.3.1/../../../../arm-none-eabi/lib/thumb/v7e-m+fp/hard\libc_nano.a(libc_a-snprintf.o)
                              ./Core/Src/test/print.o (snprintf)
C:/ST/STM32CubeIDE_1.18.0/STM32CubeIDE/plugins/com.st.stm32cube.ide.mcu.externaltools.gnu-tools-for-stm32.13.3.rel1.win32_1.0.0.202411081344/tools/bin/../lib/gcc/arm-none-eabi/13.3.1/../../../../arm-none-eabi/lib/thumb/v7e-m+fp/hard\libc_nano.a(libc_a-stdio.o)
                              C:/ST/STM32CubeIDE_1.18.0/STM32CubeIDE/plugins/com.st.stm32cube.ide.mcu.externaltools.gnu-tools-for-stm32.13.3.rel1.win32_1.0.0.202411081344/tools/bin/../lib/gcc/arm-none-eabi/13.3.1/../../../../arm-none-eabi/lib/thumb/v7e-m+fp/hard\libc_nano.a(libc_a-findfp.o) (__sread)
C:/ST/STM32CubeIDE_1.18.0/STM32CubeIDE/plugins/com.st.stm32cube.ide.mcu.externaltools.gnu-tools-for-stm32.13.3.rel1.win32_1.0.0.202411081344/tools/bin/../lib/gcc/arm-none-eabi/13.3.1/../../../../arm-none-eabi/lib/thumb/v7e-m+fp/hard\libc_nano.a(libc_a-memset.o)
                              C:/ST/STM32CubeIDE_1.18.0/STM32CubeIDE/plugins/com.st.stm32cube.ide.mcu.externaltools.gnu-tools-for-stm32.13.3.rel1.win32_1.0.0.202411081344/tools/bin/../lib/gcc/arm-none-eabi/13.3.1/../../../../arm-none-eabi/lib/thumb/v7e-m+fp/hard/crt0.o (memset)
C:/ST/STM32CubeIDE_1.18.0/STM32CubeIDE/plugins/com.st.stm32cube.ide.mcu.externaltools.gnu-tools-for-stm32.13.3.rel1.win32_1.0.0.202411081344/tools/bin/../lib/gcc/arm-none-eabi/13.3.1/../../../../arm-none-eabi/lib/thumb/v7e-m+fp/hard\libc_nano.a(libc_a-closer.o)
                              C:/ST/STM32CubeIDE_1.18.0/STM32CubeIDE/plugins/com.st.stm32cube.ide.mcu.externaltools.gnu-tools-for-stm32.13.3.rel1.win32_1.0.0.202411081344/tools/bin/../lib/gcc/arm-none-eabi/13.3.1/../../../../arm-none-eabi/lib/thumb/v7e-m+fp/hard\libc_nano.a(libc_a-stdio.o) (_close_r)
C:/ST/STM32CubeIDE_1.18.0/STM32CubeIDE/plugins/com.st.stm32cube.ide.mcu.externaltools.gnu-tools-for-stm32.13.3.rel1.win32_1.0.0.202411081344/tools/bin/../lib/gcc/arm-none-eabi/13.3.1/../../../../arm-none-eabi/lib/thumb/v7e-m+fp/hard\libc_nano.a(libc_a-reent.o)
                              C:/ST/STM32CubeIDE_1.18.0/STM32CubeIDE/plugins/com.st.stm32cube.ide.mcu.externaltools.gnu-tools-for-stm32.13.3.rel1.win32_1.0.0.202411081344/tools/bin/../lib/gcc/arm-none-eabi/13.3.1/../../../../arm-none-eabi/lib/thumb/v7e-m+fp/hard\libc_nano.a(libc_a-closer.o) (errno)
C:/ST/STM32CubeIDE_1.18.0/STM32CubeIDE/plugins/com.st.stm32cube.ide.mcu.externaltools.gnu-tools-for-stm32.13.3.rel1.win32_1.0.0.202411081344/tools/bin/../lib/gcc/arm-none-eabi/13.3.1/../../../../arm-none-eabi/lib/thumb/v7e-m+fp/hard\libc_nano.a(libc_a-impure.o)
                              C:/ST/STM32CubeIDE_1.18.0/STM32CubeIDE/plugins/com.st.stm32cube.ide.mcu.externaltools.gnu-tools-for-stm32.13.3.rel1.win32_1.0.0.202411081344/tools/bin/../lib/gcc/arm-none-eabi/13.3.1/../../../../arm-none-eabi/lib/thumb/v7e-m+fp/hard\libc_nano.a(libc_a-snprintf.o) (_impure_ptr)
[...]
Memory Configuration

Name             Origin             Length             Attributes
RAM              0x20000000         0x00020000         xrw
FLASH            0x08000000         0x00080000         xr
*default*        0x00000000         0xffffffff

Linker script and memory map

LOAD C:/ST/STM32CubeIDE_1.18.0/STM32CubeIDE/plugins/com.st.stm32cube.ide.mcu.externaltools.gnu-tools-for-stm32.13.3.rel1.win32_1.0.0.202411081344/tools/bin/../lib/gcc/arm-none-eabi/13.3.1/thumb/v7e-m+fp/hard/crti.o
LOAD C:/ST/STM32CubeIDE_1.18.0/STM32CubeIDE/plugins/com.st.stm32cube.ide.mcu.externaltools.gnu-tools-for-stm32.13.3.rel1.win32_1.0.0.202411081344/tools/bin/../lib/gcc/arm-none-eabi/13.3.1/thumb/v7e-m+fp/hard/crtbegin.o
LOAD C:/ST/STM32CubeIDE_1.18.0/STM32CubeIDE/plugins/com.st.stm32cube.ide.mcu.externaltools.gnu-tools-for-stm32.13.3.rel1.win32_1.0.0.202411081344/tools/bin/../lib/gcc/arm-none-eabi/13.3.1/../../../../arm-none-eabi/lib/thumb/v7e-m+fp/hard/crt0.o
LOAD ./Core/Src/actions/ActionsModel.o
LOAD ./Core/Src/board1/Board1.o
LOAD ./Core/Src/bus/deserialize.o
LOAD ./Core/Src/bus/serialize.o
LOAD ./Core/Src/crc.o
LOAD ./Core/Src/gpio.o
LOAD ./Core/Src/main.o
LOAD ./Core/Src/rt_nonfinite.o
LOAD ./Core/Src/stm32g4xx_hal_msp.o
LOAD ./Core/Src/stm32g4xx_it.o
LOAD ./Core/Src/syscalls.o
LOAD ./Core/Src/sysmem.o
LOAD ./Core/Src/system_stm32g4xx.o
LOAD ./Core/Src/tim.o
LOAD ./Core/Src/usart.o
LOAD ./Core/Src/driver/a4wd3_led.o
LOAD ./Core/Src/driver/encoder.o
LOAD ./Core/Src/driver/motor_control.o
LOAD ./Core/Src/driver_init/encoders_init.o
LOAD ./Core/Src/driver_init/lights_init.o
LOAD ./Core/Src/driver_init/motors_init.o
LOAD ./Core/Src/stub/crc_functions.o
LOAD ./Core/Src/stub/uart_functions.o
LOAD ./Core/Src/test/lights_test.o
LOAD ./Core/Src/test/motors_test.o
LOAD ./Core/Src/test/print.o
LOAD ./Core/Startup/startup_stm32g474retx.o
LOAD ./Drivers/STM32G4xx_HAL_Driver/Src/stm32g4xx_hal.o
LOAD ./Drivers/STM32G4xx_HAL_Driver/Src/stm32g4xx_hal_cortex.o
LOAD ./Drivers/STM32G4xx_HAL_Driver/Src/stm32g4xx_hal_crc.o
LOAD ./Drivers/STM32G4xx_HAL_Driver/Src/stm32g4xx_hal_crc_ex.o
LOAD ./Drivers/STM32G4xx_HAL_Driver/Src/stm32g4xx_hal_dma.o
LOAD ./Drivers/STM32G4xx_HAL_Driver/Src/stm32g4xx_hal_dma_ex.o
LOAD ./Drivers/STM32G4xx_HAL_Driver/Src/stm32g4xx_hal_exti.o
LOAD ./Drivers/STM32G4xx_HAL_Driver/Src/stm32g4xx_hal_flash.o
LOAD ./Drivers/STM32G4xx_HAL_Driver/Src/stm32g4xx_hal_flash_ex.o
LOAD ./Drivers/STM32G4xx_HAL_Driver/Src/stm32g4xx_hal_flash_ramfunc.o
LOAD ./Drivers/STM32G4xx_HAL_Driver/Src/stm32g4xx_hal_gpio.o
LOAD ./Drivers/STM32G4xx_HAL_Driver/Src/stm32g4xx_hal_pwr.o
LOAD ./Drivers/STM32G4xx_HAL_Driver/Src/stm32g4xx_hal_pwr_ex.o
LOAD ./Drivers/STM32G4xx_HAL_Driver/Src/stm32g4xx_hal_rcc.o
LOAD ./Drivers/STM32G4xx_HAL_Driver/Src/stm32g4xx_hal_rcc_ex.o
LOAD ./Drivers/STM32G4xx_HAL_Driver/Src/stm32g4xx_hal_tim.o
LOAD ./Drivers/STM32G4xx_HAL_Driver/Src/stm32g4xx_hal_tim_ex.o
LOAD ./Drivers/STM32G4xx_HAL_Driver/Src/stm32g4xx_hal_uart.o
LOAD ./Drivers/STM32G4xx_HAL_Driver/Src/stm32g4xx_hal_uart_ex.o
START GROUP
LOAD C:/ST/STM32CubeIDE_1.18.0/STM32CubeIDE/plugins/com.st.stm32cube.ide.mcu.externaltools.gnu-tools-for-stm32.13.3.rel1.win32_1.0.0.202411081344/tools/bin/../lib/gcc/arm-none-eabi/13.3.1/../../../../arm-none-eabi/lib/thumb/v7e-m+fp/hard\libc_nano.a
LOAD C:/ST/STM32CubeIDE_1.18.0/STM32CubeIDE/plugins/com.st.stm32cube.ide.mcu.externaltools.gnu-tools-for-stm32.13.3.rel1.win32_1.0.0.202411081344/tools/bin/../lib/gcc/arm-none-eabi/13.3.1/../../../../arm-none-eabi/lib/thumb/v7e-m+fp/hard\libm.a
END GROUP
START GROUP
LOAD C:/ST/STM32CubeIDE_1.18.0/STM32CubeIDE/plugins/com.st.stm32cube.ide.mcu.externaltools.gnu-tools-for-stm32.13.3.rel1.win32_1.0.0.202411081344/tools/bin/../lib/gcc/arm-none-eabi/13.3.1/thumb/v7e-m+fp/hard\libgcc.a
LOAD C:/ST/STM32CubeIDE_1.18.0/STM32CubeIDE/plugins/com.st.stm32cube.ide.mcu.externaltools.gnu-tools-for-stm32.13.3.rel1.win32_1.0.0.202411081344/tools/bin/../lib/gcc/arm-none-eabi/13.3.1/../../../../arm-none-eabi/lib/thumb/v7e-m+fp/hard\libc_nano.a
END GROUP
START GROUP
LOAD C:/ST/STM32CubeIDE_1.18.0/STM32CubeIDE/plugins/com.st.stm32cube.ide.mcu.externaltools.gnu-tools-for-stm32.13.3.rel1.win32_1.0.0.202411081344/tools/bin/../lib/gcc/arm-none-eabi/13.3.1/thumb/v7e-m+fp/hard\libgcc.a
LOAD C:/ST/STM32CubeIDE_1.18.0/STM32CubeIDE/plugins/com.st.stm32cube.ide.mcu.externaltools.gnu-tools-for-stm32.13.3.rel1.win32_1.0.0.202411081344/tools/bin/../lib/gcc/arm-none-eabi/13.3.1/../../../../arm-none-eabi/lib/thumb/v7e-m+fp/hard\libc_nano.a
LOAD C:/ST/STM32CubeIDE_1.18.0/STM32CubeIDE/plugins/com.st.stm32cube.ide.mcu.externaltools.gnu-tools-for-stm32.13.3.rel1.win32_1.0.0.202411081344/tools/bin/../lib/gcc/arm-none-eabi/13.3.1/../../../../arm-none-eabi/lib/thumb/v7e-m+fp/hard\libnosys.a
END GROUP
START GROUP
LOAD C:/ST/STM32CubeIDE_1.18.0/STM32CubeIDE/plugins/com.st.stm32cube.ide.mcu.externaltools.gnu-tools-for-stm32.13.3.rel1.win32_1.0.0.202411081344/tools/bin/../lib/gcc/arm-none-eabi/13.3.1/thumb/v7e-m+fp/hard\libgcc.a
LOAD C:/ST/STM32CubeIDE_1.18.0/STM32CubeIDE/plugins/com.st.stm32cube.ide.mcu.externaltools.gnu-tools-for-stm32.13.3.rel1.win32_1.0.0.202411081344/tools/bin/../lib/gcc/arm-none-eabi/13.3.1/../../../../arm-none-eabi/lib/thumb/v7e-m+fp/hard\libc_nano.a
LOAD C:/ST/STM32CubeIDE_1.18.0/STM32CubeIDE/plugins/com.st.stm32cube.ide.mcu.externaltools.gnu-tools-for-stm32.13.3.rel1.win32_1.0.0.202411081344/tools/bin/../lib/gcc/arm-none-eabi/13.3.1/../../../../arm-none-eabi/lib/thumb/v7e-m+fp/hard\libnosys.a
END GROUP
LOAD C:/ST/STM32CubeIDE_1.18.0/STM32CubeIDE/plugins/com.st.stm32cube.ide.mcu.externaltools.gnu-tools-for-stm32.13.3.rel1.win32_1.0.0.202411081344/tools/bin/../lib/gcc/arm-none-eabi/13.3.1/thumb/v7e-m+fp/hard/crtend.o
LOAD C:/ST/STM32CubeIDE_1.18.0/STM32CubeIDE/plugins/com.st.stm32cube.ide.mcu.externaltools.gnu-tools-for-stm32.13.3.rel1.win32_1.0.0.202411081344/tools/bin/../lib/gcc/arm-none-eabi/13.3.1/thumb/v7e-m+fp/hard/crtn.o
                0x20020000                        _estack = (ORIGIN (RAM) + LENGTH (RAM))
                0x00000200                        _Min_Heap_Size = 0x200
                0x00000400                        _Min_Stack_Size = 0x400

.isr_vector     0x08000000      0x1d8
                0x08000000                        . = ALIGN (0x4)
 *(.isr_vector)
 .isr_vector    0x08000000      0x1d8 ./Core/Startup/startup_stm32g474retx.o
                0x08000000                g_pfnVectors
                0x080001d8                        . = ALIGN (0x4)

.text           0x080001d8     0xbb88
                0x080001d8                        . = ALIGN (0x4)
 *(.text)
 .text          0x080001d8       0x40 C:/ST/STM32CubeIDE_1.18.0/STM32CubeIDE/plugins/com.st.stm32cube.ide.mcu.externaltools.gnu-tools-for-stm32.13.3.rel1.win32_1.0.0.202411081344/tools/bin/../lib/gcc/arm-none-eabi/13.3.1/thumb/v7e-m+fp/hard/crtbegin.o
 .text          0x08000218      0x110 C:/ST/STM32CubeIDE_1.18.0/STM32CubeIDE/plugins/com.st.stm32cube.ide.mcu.externaltools.gnu-tools-for-stm32.13.3.rel1.win32_1.0.0.202411081344/tools/bin/../lib/gcc/arm-none-eabi/13.3.1/thumb/v7e-m+fp/hard\libgcc.a(_arm_cmpdf2.o)
                0x08000218                __gtdf2
                0x08000218                __gedf2
                0x08000220                __ltdf2
                0x08000220                __ledf2
                0x08000228                __nedf2
                0x08000228                __eqdf2
                0x08000228                __cmpdf2
                0x080002a4                __aeabi_cdrcmple
                0x080002b4                __aeabi_cdcmpeq
                0x080002b4                __aeabi_cdcmple
                0x080002c4                __aeabi_dcmpeq
                0x080002d8                __aeabi_dcmplt
                0x080002ec                __aeabi_dcmple
                0x08000300                __aeabi_dcmpge
                0x08000314                __aeabi_dcmpgt
 .text          0x08000328      0x21c C:/ST/STM32CubeIDE_1.18.0/STM32CubeIDE/plugins/com.st.stm32cube.ide.mcu.externaltools.gnu-tools-for-stm32.13.3.rel1.win32_1.0.0.202411081344/tools/bin/../lib/gcc/arm-none-eabi/13.3.1/thumb/v7e-m+fp/hard\libgcc.a(_arm_addsubsf3.o)
                0x08000328                __aeabi_frsub
                0x08000330                __subsf3
                0x08000330                __aeabi_fsub
                0x08000334                __aeabi_fadd
                0x08000334                __addsf3
                0x08000494                __aeabi_ui2f
                0x08000494                __floatunsisf
                0x0800049c                __aeabi_i2f
                0x0800049c                __floatsisf
                0x080004b8                __aeabi_ul2f
                0x080004b8                __floatundisf
                0x080004c8                __aeabi_l2f
                0x080004c8                __floatdisf
 .text          0x08000544       0x30 C:/ST/STM32CubeIDE_1.18.0/STM32CubeIDE/plugins/com.st.stm32cube.ide.mcu.externaltools.gnu-tools-for-stm32.13.3.rel1.win32_1.0.0.202411081344/tools/bin/../lib/gcc/arm-none-eabi/13.3.1/thumb/v7e-m+fp/hard\libgcc.a(_aeabi_uldivmod.o)
                0x08000544                __aeabi_uldivmod
 .text          0x08000574      0x2f8 C:/ST/STM32CubeIDE_1.18.0/STM32CubeIDE/plugins/com.st.stm32cube.ide.mcu.externaltools.gnu-tools-for-stm32.13.3.rel1.win32_1.0.0.202411081344/tools/bin/../lib/gcc/arm-none-eabi/13.3.1/thumb/v7e-m+fp/hard\libgcc.a(_udivmoddi4.o)
                0x08000574                __udivmoddi4
 .text          0x0800086c        0x4 C:/ST/STM32CubeIDE_1.18.0/STM32CubeIDE/plugins/com.st.stm32cube.ide.mcu.externaltools.gnu-tools-for-stm32.13.3.rel1.win32_1.0.0.202411081344/tools/bin/../lib/gcc/arm-none-eabi/13.3.1/thumb/v7e-m+fp/hard\libgcc.a(_dvmd_tls.o)
                0x0800086c                __aeabi_idiv0
                0x0800086c                __aeabi_ldiv0
 *(.text*)
 .text.ActionsMod_MovingObstacles_Init
                0x08000870       0x22 ./Core/Src/actions/ActionsModel.o
                0x08000870                ActionsMod_MovingObstacles_Init
 *fill*         0x08000892        0x2 
 .text.ActionsModel_MovingObstacles
                0x08000894      0x1dc ./Core/Src/actions/ActionsModel.o
                0x08000894                ActionsModel_MovingObstacles
 .text.ActionsMo_checkSafetyFromRotate
                0x08000a70       0x26 ./Core/Src/actions/ActionsModel.o
 .text.ActionsM_checkSafetyFromForward
                0x08000a96       0x5a ./Core/Src/actions/ActionsModel.o
 .text.ActionsModel_areAllSpeedsZero
                0x08000af0       0x86 ./Core/Src/actions/ActionsModel.o
 *fill*         0x08000b76        0x2 
 .text.Acti_trackGyroAngleChangeRobust
                0x08000b78      0x120 ./Core/Src/actions/ActionsModel.o
 .text.enter_internal_BW_FW_SafeAction
                0x08000c98       0xd4 ./Core/Src/actions/ActionsModel.o
 .text.ActionsModel_BW_Forward
                0x08000d6c      0x470 ./Core/Src/actions/ActionsModel.o
 .text.ActionsModel_BW_RotateLeft
                0x080011dc      0x2a4 ./Core/Src/actions/ActionsModel.o
 .text.Ac_enter_internal_FW_SafeAction
                0x08001480       0xd4 ./Core/Src/actions/ActionsModel.o
 .text.ActionsModel_Backward
                0x08001554      0x778 ./Core/Src/actions/ActionsModel.o
 .text.ActionsModel_Forward
                0x08001ccc      0x628 ./Core/Src/actions/ActionsModel.o
 .text.ActionsModel_RotateLeft
                0x080022f4      0x4d8 ./Core/Src/actions/ActionsModel.o
 .text.ActionsModel_RotateRight
                0x080027cc      0x4d8 ./Core/Src/actions/ActionsModel.o
 .text.ActionsModel_Init
                0x08002ca4       0x48 ./Core/Src/actions/ActionsModel.o
                0x08002ca4                ActionsModel_Init
 .text.ActionsModel_ComputeRoverAction
                0x08002cec      0x624 ./Core/Src/actions/ActionsModel.o
                0x08002cec                ActionsModel_ComputeRoverAction
 .text.ActionsModel_initialize
                0x08003310       0x24 ./Core/Src/actions/ActionsModel.o
                0x08003310                ActionsModel_initialize
 .text.Board1_ExchangeLocalState
                0x08003334      0x304 ./Core/Src/board1/Board1.o
 .text.Board1_computeUserAction
                0x08003638       0x8c ./Core/Src/board1/Board1.o
 .text.Board1_continueBraking
                0x080036c4       0x3e ./Core/Src/board1/Board1.o
 .text.Board1_actuatorSelection
                0x08003702       0x4e ./Core/Src/board1/Board1.o
 .text.Board1_evaluateLed
                0x08003750       0x5a ./Core/Src/board1/Board1.o
 *fill*         0x080037aa        0x2 
 .text.Board1_ExchangeGlobalState
                0x080037ac      0x2fc ./Core/Src/board1/Board1.o
 .text.Board1_step
                0x08003aa8      0x668 ./Core/Src/board1/Board1.o
                0x08003aa8                Board1_step
 .text.Board1_initialize
                0x08004110       0x2c ./Core/Src/board1/Board1.o
                0x08004110                Board1_initialize
 .text.deserializeLocalStateB1
                0x0800413c       0x76 ./Core/Src/bus/deserialize.o
                0x0800413c                deserializeLocalStateB1
 .text.deserializeLocalStateB2
                0x080041b2       0x7c ./Core/Src/bus/deserialize.o
                0x080041b2                deserializeLocalStateB2
 .text.deserializeGlobalState
                0x0800422e       0x78 ./Core/Src/bus/deserialize.o
                0x0800422e                deserializeGlobalState
 .text.unpackLedsByte
                0x080042a6       0x70 ./Core/Src/bus/deserialize.o
 .text.deserializeDecision
                0x08004316       0xc0 ./Core/Src/bus/deserialize.o
                0x08004316                deserializeDecision
 .text.serializeLocalStateB1
                0x080043d6       0x66 ./Core/Src/bus/serialize.o
                0x080043d6                serializeLocalStateB1
 .text.serializeLocalStateB2
                0x0800443c       0x6a ./Core/Src/bus/serialize.o
                0x0800443c                serializeLocalStateB2
 .text.serializeGlobalState
                0x080044a6       0x5a ./Core/Src/bus/serialize.o
                0x080044a6                serializeGlobalState
 .text.packLedsByte
                0x08004500       0x7e ./Core/Src/bus/serialize.o
 .text.serializeDecision
                0x0800457e       0xa2 ./Core/Src/bus/serialize.o
                0x0800457e                serializeDecision
 .text.MX_CRC_Init
                0x08004620       0x44 ./Core/Src/crc.o
                0x08004620                MX_CRC_Init
 .text.HAL_CRC_MspInit
                0x08004664       0x40 ./Core/Src/crc.o
                0x08004664                HAL_CRC_MspInit
 .text.MX_GPIO_Init
                0x080046a4       0xec ./Core/Src/gpio.o
                0x080046a4                MX_GPIO_Init
 .text.Encoder_GetSpeedRPM
                0x08004790       0x1e ./Core/Src/main.o
 *fill*         0x080047ae        0x2 
 .text.main     0x080047b0      0x2a0 ./Core/Src/main.o
                0x080047b0                main
 .text.SystemClock_Config
                0x08004a50       0x80 ./Core/Src/main.o
                0x08004a50                SystemClock_Config
 .text.Error_Handler
                0x08004ad0        0xc ./Core/Src/main.o
                0x08004ad0                Error_Handler
 .text.rtIsInfF
                0x08004adc       0x4c ./Core/Src/rt_nonfinite.o
                0x08004adc                rtIsInfF
 .text.rtIsNaNF
                0x08004b28       0x2e ./Core/Src/rt_nonfinite.o
                0x08004b28                rtIsNaNF
 *fill*         0x08004b56        0x2 
 .text.HAL_MspInit
                0x08004b58       0x48 ./Core/Src/stm32g4xx_hal_msp.o
                0x08004b58                HAL_MspInit
 .text.NMI_Handler
                0x08004ba0        0x8 ./Core/Src/stm32g4xx_it.o
                0x08004ba0                NMI_Handler
 .text.HardFault_Handler
                0x08004ba8        0x8 ./Core/Src/stm32g4xx_it.o
                0x08004ba8                HardFault_Handler
 .text.MemManage_Handler
                0x08004bb0        0x8 ./Core/Src/stm32g4xx_it.o
                0x08004bb0                MemManage_Handler
 .text.BusFault_Handler
                0x08004bb8        0x8 ./Core/Src/stm32g4xx_it.o
                0x08004bb8                BusFault_Handler
 .text.UsageFault_Handler
                0x08004bc0        0x8 ./Core/Src/stm32g4xx_it.o
                0x08004bc0                UsageFault_Handler
 .text.SVC_Handler
                0x08004bc8        0xe ./Core/Src/stm32g4xx_it.o
                0x08004bc8                SVC_Handler
 .text.DebugMon_Handler
                0x08004bd6        0xe ./Core/Src/stm32g4xx_it.o
                0x08004bd6                DebugMon_Handler
 .text.PendSV_Handler
                0x08004be4        0xe ./Core/Src/stm32g4xx_it.o
                0x08004be4                PendSV_Handler
 .text.SysTick_Handler
                0x08004bf2        0xc ./Core/Src/stm32g4xx_it.o
                0x08004bf2                SysTick_Handler
 *fill*         0x08004bfe        0x2 
 .text.USART2_IRQHandler
                0x08004c00       0x14 ./Core/Src/stm32g4xx_it.o
                0x08004c00                USART2_IRQHandler
 .text.TIM6_DAC_IRQHandler
                0x08004c14       0x14 ./Core/Src/stm32g4xx_it.o
                0x08004c14                TIM6_DAC_IRQHandler
 .text.TIM7_DAC_IRQHandler
                0x08004c28       0x14 ./Core/Src/stm32g4xx_it.o
                0x08004c28                TIM7_DAC_IRQHandler
 .text.LPUART1_IRQHandler
                0x08004c3c       0x14 ./Core/Src/stm32g4xx_it.o
                0x08004c3c                LPUART1_IRQHandler
 .text.SystemInit
                0x08004c50       0x24 ./Core/Src/system_stm32g4xx.o
                0x08004c50                SystemInit
 .text.MX_TIM1_Init
                0x08004c74      0x170 ./Core/Src/tim.o
                0x08004c74                MX_TIM1_Init
 .text.MX_TIM2_Init
                0x08004de4       0xa8 ./Core/Src/tim.o
                0x08004de4                MX_TIM2_Init
 .text.MX_TIM3_Init
                0x08004e8c       0xac ./Core/Src/tim.o
                0x08004e8c                MX_TIM3_Init
 .text.MX_TIM4_Init
                0x08004f38       0xac ./Core/Src/tim.o
                0x08004f38                MX_TIM4_Init
 .text.MX_TIM6_Init
                0x08004fe4       0x6c ./Core/Src/tim.o
                0x08004fe4                MX_TIM6_Init
 .text.MX_TIM7_Init
                0x08005050       0x70 ./Core/Src/tim.o
                0x08005050                MX_TIM7_Init
 .text.MX_TIM8_Init
                0x080050c0       0xb4 ./Core/Src/tim.o
                0x080050c0                MX_TIM8_Init
 .text.HAL_TIM_PWM_MspInit
                0x08005174       0x40 ./Core/Src/tim.o
                0x08005174                HAL_TIM_PWM_MspInit
 .text.HAL_TIM_Encoder_MspInit
                0x080051b4      0x1ac ./Core/Src/tim.o
                0x080051b4                HAL_TIM_Encoder_MspInit
 .text.HAL_TIM_Base_MspInit
                0x08005360       0x84 ./Core/Src/tim.o
                0x08005360                HAL_TIM_Base_MspInit
 .text.HAL_TIM_MspPostInit
                0x080053e4       0xac ./Core/Src/tim.o
                0x080053e4                HAL_TIM_MspPostInit
 .text.MX_LPUART1_UART_Init
                0x08005490       0x94 ./Core/Src/usart.o
                0x08005490                MX_LPUART1_UART_Init
 .text.MX_USART2_UART_Init
                0x08005524       0x98 ./Core/Src/usart.o
                0x08005524                MX_USART2_UART_Init
 .text.HAL_UART_MspInit
                0x080055bc      0x170 ./Core/Src/usart.o
                0x080055bc                HAL_UART_MspInit
 .text.A4WD3_Init
                0x0800572c       0x60 ./Core/Src/driver/a4wd3_led.o
                0x0800572c                A4WD3_Init
 .text.A4WD3_White_Set
                0x0800578c       0x36 ./Core/Src/driver/a4wd3_led.o
                0x0800578c                A4WD3_White_Set
 .text.Encoder_Init
                0x080057c2       0x5e ./Core/Src/driver/encoder.o
                0x080057c2                Encoder_Init
 .text.Encoder_Update
                0x08005820      0x160 ./Core/Src/driver/encoder.o
                0x08005820                Encoder_Update
 .text.map_linear
                0x08005980       0x5c ./Core/Src/driver/motor_control.o
 .text.volt_to_duty_percent
                0x080059dc       0x68 ./Core/Src/driver/motor_control.o
 .text.duty_percent_to_pulse
                0x08005a44       0x5c ./Core/Src/driver/motor_control.o
 .text.MotorControl_Init
                0x08005aa0      0x114 ./Core/Src/driver/motor_control.o
                0x08005aa0                MotorControl_Init
 .text.MotorControl_SetReferenceRPM
                0x08005bb4       0x1e ./Core/Src/driver/motor_control.o
                0x08005bb4                MotorControl_SetReferenceRPM
 .text.recalibrate_pulse
                0x08005bd2       0x64 ./Core/Src/driver/motor_control.o
 .text.MotorControl_Actuate
                0x08005c36       0xe4 ./Core/Src/driver/motor_control.o
                0x08005c36                MotorControl_Actuate
 *fill*         0x08005d1a        0x2 
 .text.MotorControl_OpenLoopActuate
                0x08005d1c       0x58 ./Core/Src/driver/motor_control.o
                0x08005d1c                MotorControl_OpenLoopActuate
 .text.Encoders_InitAll
                0x08005d74       0x70 ./Core/Src/driver_init/encoders_init.o
                0x08005d74                Encoders_InitAll
 .text.Encoders_StartAll
                0x08005de4       0x40 ./Core/Src/driver_init/encoders_init.o
                0x08005de4                Encoders_StartAll
 .text.led_init
                0x08005e24       0x3c ./Core/Src/driver_init/lights_init.o
                0x08005e24                led_init
 .text.Motors_InitAll
                0x08005e60      0x110 ./Core/Src/driver_init/motors_init.o
                0x08005e60                Motors_InitAll
 .text.Motors_StartAllPwm
                0x08005f70       0x50 ./Core/Src/driver_init/motors_init.o
                0x08005f70                Motors_StartAllPwm
 .text.Motors_SetDefaultCcr
                0x08005fc0      0x12c ./Core/Src/driver_init/motors_init.o
                0x08005fc0                Motors_SetDefaultCcr
 .text.computeCRC
                0x080060ec       0x30 ./Core/Src/stub/crc_functions.o
                0x080060ec                computeCRC
 .text.compareCRC
                0x0800611c       0x3c ./Core/Src/stub/crc_functions.o
                0x0800611c                compareCRC
 .text.setComunicationHandler
                0x08006158       0x20 ./Core/Src/stub/uart_functions.o
                0x08006158                setComunicationHandler
 .text.checkRTR
                0x08006178       0x18 ./Core/Src/stub/uart_functions.o
                0x08006178                checkRTR
 .text.UART_TransmitIT
                0x08006190       0x28 ./Core/Src/stub/uart_functions.o
                0x08006190                UART_TransmitIT
 .text.setRTR   0x080061b8       0x18 ./Core/Src/stub/uart_functions.o
                0x080061b8                setRTR
 .text.resetRTR
                0x080061d0       0x18 ./Core/Src/stub/uart_functions.o
                0x080061d0                resetRTR
 .text.UART_ReceiveIT
                0x080061e8       0x44 ./Core/Src/stub/uart_functions.o
                0x080061e8                UART_ReceiveIT
 .text.hasReceived
                0x0800622c       0x18 ./Core/Src/stub/uart_functions.o
                0x0800622c                hasReceived
 .text.UART_ReceiveAck
                0x08006244       0x1c ./Core/Src/stub/uart_functions.o
                0x08006244                UART_ReceiveAck
 .text.UART_CheckAck
                0x08006260       0x18 ./Core/Src/stub/uart_functions.o
                0x08006260                UART_CheckAck
 .text.UART_SendAck
                0x08006278       0x14 ./Core/Src/stub/uart_functions.o
                0x08006278                UART_SendAck
 .text.UART_SendNack
                0x0800628c       0x14 ./Core/Src/stub/uart_functions.o
                0x0800628c                UART_SendNack
 .text.Reset_Handler
                0x080062a0       0x50 ./Core/Startup/startup_stm32g474retx.o
                0x080062a0                Reset_Handler
 .text.Default_Handler
                0x080062f0        0x2 ./Core/Startup/startup_stm32g474retx.o
                0x080062f0                RTC_Alarm_IRQHandler
                0x080062f0                EXTI2_IRQHandler
                0x080062f0                TIM8_TRG_COM_IRQHandler
                0x080062f0                TIM8_CC_IRQHandler
                0x080062f0                HRTIM1_Master_IRQHandler
                0x080062f0                SPI4_IRQHandler
                0x080062f0                FDCAN3_IT0_IRQHandler
                0x080062f0                TIM1_CC_IRQHandler
                0x080062f0                HRTIM1_FLT_IRQHandler
                0x080062f0                HRTIM1_TIMF_IRQHandler
                0x080062f0                USB_HP_IRQHandler
                0x080062f0                CORDIC_IRQHandler
                0x080062f0                HRTIM1_TIMD_IRQHandler
                0x080062f0                DMA2_Channel8_IRQHandler
                0x080062f0                EXTI3_IRQHandler
                0x080062f0                I2C3_ER_IRQHandler
                0x080062f0                EXTI0_IRQHandler
                0x080062f0                I2C2_EV_IRQHandler
                0x080062f0                FPU_IRQHandler
                0x080062f0                FDCAN1_IT1_IRQHandler
                0x080062f0                TIM1_UP_TIM16_IRQHandler
                0x080062f0                ADC1_2_IRQHandler
                0x080062f0                HRTIM1_TIME_IRQHandler
                0x080062f0                SPI1_IRQHandler
                0x080062f0                HRTIM1_TIMC_IRQHandler
                0x080062f0                TIM8_UP_IRQHandler
                0x080062f0                DMA2_Channel2_IRQHandler
                0x080062f0                DMA1_Channel4_IRQHandler
                0x080062f0                TIM20_TRG_COM_IRQHandler
                0x080062f0                USART3_IRQHandler
                0x080062f0                DMA1_Channel7_IRQHandler
                0x080062f0                UART5_IRQHandler
                0x080062f0                ADC3_IRQHandler
                0x080062f0                TIM4_IRQHandler
                0x080062f0                DMA2_Channel1_IRQHandler
                0x080062f0                QUADSPI_IRQHandler
                0x080062f0                I2C1_EV_IRQHandler
                0x080062f0                DMA1_Channel6_IRQHandler
                0x080062f0                UART4_IRQHandler
                0x080062f0                DMA2_Channel4_IRQHandler
                0x080062f0                TIM3_IRQHandler
                0x080062f0                RCC_IRQHandler
                0x080062f0                TIM20_UP_IRQHandler
                0x080062f0                DMA1_Channel1_IRQHandler
                0x080062f0                Default_Handler
                0x080062f0                DMA2_Channel7_IRQHandler
                0x080062f0                RTC_TAMP_LSECSS_IRQHandler
                0x080062f0                FMAC_IRQHandler
                0x080062f0                EXTI15_10_IRQHandler
                0x080062f0                DMA1_Channel8_IRQHandler
                0x080062f0                HRTIM1_TIMA_IRQHandler
                0x080062f0                FDCAN3_IT1_IRQHandler
                0x080062f0                TIM5_IRQHandler
                0x080062f0                UCPD1_IRQHandler
                0x080062f0                I2C3_EV_IRQHandler
                0x080062f0                EXTI9_5_IRQHandler
                0x080062f0                RTC_WKUP_IRQHandler
                0x080062f0                PVD_PVM_IRQHandler
                0x080062f0                SPI2_IRQHandler
                0x080062f0                ADC5_IRQHandler
                0x080062f0                DMA2_Channel5_IRQHandler
                0x080062f0                CRS_IRQHandler
                0x080062f0                DMA1_Channel5_IRQHandler
                0x080062f0                USB_LP_IRQHandler
                0x080062f0                EXTI4_IRQHandler
                0x080062f0                RNG_IRQHandler
                0x080062f0                HRTIM1_TIMB_IRQHandler
                0x080062f0                TIM1_TRG_COM_TIM17_IRQHandler
                0x080062f0                FDCAN2_IT1_IRQHandler
                0x080062f0                DMA1_Channel3_IRQHandler
                0x080062f0                ADC4_IRQHandler
                0x080062f0                WWDG_IRQHandler
                0x080062f0                I2C4_EV_IRQHandler
                0x080062f0                FDCAN2_IT0_IRQHandler
                0x080062f0                DMA2_Channel6_IRQHandler
                0x080062f0                FDCAN1_IT0_IRQHandler
                0x080062f0                TIM2_IRQHandler
                0x080062f0                COMP7_IRQHandler
                0x080062f0                COMP1_2_3_IRQHandler
                0x080062f0                EXTI1_IRQHandler
                0x080062f0                COMP4_5_6_IRQHandler
                0x080062f0                TIM20_BRK_IRQHandler
                0x080062f0                I2C2_ER_IRQHandler
                0x080062f0                DMA1_Channel2_IRQHandler
                0x080062f0                TIM8_BRK_IRQHandler
                0x080062f0                FLASH_IRQHandler
                0x080062f0                TIM20_CC_IRQHandler
                0x080062f0                USART1_IRQHandler
                0x080062f0                SPI3_IRQHandler
                0x080062f0                I2C1_ER_IRQHandler
                0x080062f0                FMC_IRQHandler
                0x080062f0                LPTIM1_IRQHandler
                0x080062f0                DMAMUX_OVR_IRQHandler
                0x080062f0                I2C4_ER_IRQHandler
                0x080062f0                USBWakeUp_IRQHandler
                0x080062f0                SAI1_IRQHandler
                0x080062f0                DMA2_Channel3_IRQHandler
                0x080062f0                TIM1_BRK_TIM15_IRQHandler
 .text.HAL_Init
                0x080062f2       0x30 ./Drivers/STM32G4xx_HAL_Driver/Src/stm32g4xx_hal.o
                0x080062f2                HAL_Init
 *fill*         0x08006322        0x2 
 .text.HAL_InitTick
                0x08006324       0x74 ./Drivers/STM32G4xx_HAL_Driver/Src/stm32g4xx_hal.o
                0x08006324                HAL_InitTick
 .text.HAL_IncTick
                0x08006398       0x24 ./Drivers/STM32G4xx_HAL_Driver/Src/stm32g4xx_hal.o
                0x08006398                HAL_IncTick
 .text.HAL_GetTick
                0x080063bc       0x18 ./Drivers/STM32G4xx_HAL_Driver/Src/stm32g4xx_hal.o
                0x080063bc                HAL_GetTick
 .text.__NVIC_SetPriorityGrouping
                0x080063d4       0x48 ./Drivers/STM32G4xx_HAL_Driver/Src/stm32g4xx_hal_cortex.o
 .text.__NVIC_GetPriorityGrouping
                0x0800641c       0x1c ./Drivers/STM32G4xx_HAL_Driver/Src/stm32g4xx_hal_cortex.o
 .text.__NVIC_EnableIRQ
                0x08006438       0x3c ./Drivers/STM32G4xx_HAL_Driver/Src/stm32g4xx_hal_cortex.o
 .text.__NVIC_SetPriority
                0x08006474       0x54 ./Drivers/STM32G4xx_HAL_Driver/Src/stm32g4xx_hal_cortex.o
 .text.NVIC_EncodePriority
                0x080064c8       0x66 ./Drivers/STM32G4xx_HAL_Driver/Src/stm32g4xx_hal_cortex.o
 *fill*         0x0800652e        0x2 
 .text.SysTick_Config
                0x08006530       0x44 ./Drivers/STM32G4xx_HAL_Driver/Src/stm32g4xx_hal_cortex.o
 .text.HAL_NVIC_SetPriorityGrouping
                0x08006574       0x16 ./Drivers/STM32G4xx_HAL_Driver/Src/stm32g4xx_hal_cortex.o
                0x08006574                HAL_NVIC_SetPriorityGrouping
 .text.HAL_NVIC_SetPriority
                0x0800658a       0x34 ./Drivers/STM32G4xx_HAL_Driver/Src/stm32g4xx_hal_cortex.o
                0x0800658a                HAL_NVIC_SetPriority
 .text.HAL_NVIC_EnableIRQ
                0x080065be       0x1c ./Drivers/STM32G4xx_HAL_Driver/Src/stm32g4xx_hal_cortex.o
                0x080065be                HAL_NVIC_EnableIRQ
 .text.HAL_SYSTICK_Config
                0x080065da       0x18 ./Drivers/STM32G4xx_HAL_Driver/Src/stm32g4xx_hal_cortex.o
                0x080065da                HAL_SYSTICK_Config
 *fill*         0x080065f2        0x2 
 .text.HAL_CRC_Init
                0x080065f4       0xc8 ./Drivers/STM32G4xx_HAL_Driver/Src/stm32g4xx_hal_crc.o
                0x080065f4                HAL_CRC_Init
 .text.HAL_CRC_Calculate
                0x080066bc       0x98 ./Drivers/STM32G4xx_HAL_Driver/Src/stm32g4xx_hal_crc.o
                0x080066bc                HAL_CRC_Calculate
 .text.CRC_Handle_8
                0x08006754      0x120 ./Drivers/STM32G4xx_HAL_Driver/Src/stm32g4xx_hal_crc.o
 .text.CRC_Handle_16
                0x08006874       0x74 ./Drivers/STM32G4xx_HAL_Driver/Src/stm32g4xx_hal_crc.o
 .text.HAL_CRCEx_Polynomial_Set
                0x080068e8      0x11c ./Drivers/STM32G4xx_HAL_Driver/Src/stm32g4xx_hal_crc_ex.o
                0x080068e8                HAL_CRCEx_Polynomial_Set
 .text.HAL_DMA_Abort
                0x08006a04       0xb2 ./Drivers/STM32G4xx_HAL_Driver/Src/stm32g4xx_hal_dma.o
                0x08006a04                HAL_DMA_Abort
 .text.HAL_DMA_Abort_IT
                0x08006ab6       0xce ./Drivers/STM32G4xx_HAL_Driver/Src/stm32g4xx_hal_dma.o
                0x08006ab6                HAL_DMA_Abort_IT
 .text.HAL_GPIO_Init
                0x08006b84      0x304 ./Drivers/STM32G4xx_HAL_Driver/Src/stm32g4xx_hal_gpio.o
                0x08006b84                HAL_GPIO_Init
 .text.HAL_GPIO_ReadPin
                0x08006e88       0x30 ./Drivers/STM32G4xx_HAL_Driver/Src/stm32g4xx_hal_gpio.o
                0x08006e88                HAL_GPIO_ReadPin
 .text.HAL_GPIO_WritePin
                0x08006eb8       0x30 ./Drivers/STM32G4xx_HAL_Driver/Src/stm32g4xx_hal_gpio.o
                0x08006eb8                HAL_GPIO_WritePin
 .text.HAL_PWREx_ControlVoltageScaling
                0x08006ee8      0x148 ./Drivers/STM32G4xx_HAL_Driver/Src/stm32g4xx_hal_pwr_ex.o
                0x08006ee8                HAL_PWREx_ControlVoltageScaling
 .text.HAL_PWREx_DisableUCPDDeadBattery
                0x08007030       0x20 ./Drivers/STM32G4xx_HAL_Driver/Src/stm32g4xx_hal_pwr_ex.o
                0x08007030                HAL_PWREx_DisableUCPDDeadBattery
 .text.HAL_RCC_OscConfig
                0x08007050      0x624 ./Drivers/STM32G4xx_HAL_Driver/Src/stm32g4xx_hal_rcc.o
                0x08007050                HAL_RCC_OscConfig
 .text.HAL_RCC_ClockConfig
                0x08007674      0x278 ./Drivers/STM32G4xx_HAL_Driver/Src/stm32g4xx_hal_rcc.o
                0x08007674                HAL_RCC_ClockConfig
 .text.HAL_RCC_GetSysClockFreq
                0x080078ec       0xc4 ./Drivers/STM32G4xx_HAL_Driver/Src/stm32g4xx_hal_rcc.o
                0x080078ec                HAL_RCC_GetSysClockFreq
 .text.HAL_RCC_GetHCLKFreq
                0x080079b0       0x18 ./Drivers/STM32G4xx_HAL_Driver/Src/stm32g4xx_hal_rcc.o
                0x080079b0                HAL_RCC_GetHCLKFreq
 .text.HAL_RCC_GetPCLK1Freq
                0x080079c8       0x2c ./Drivers/STM32G4xx_HAL_Driver/Src/stm32g4xx_hal_rcc.o
                0x080079c8                HAL_RCC_GetPCLK1Freq
 .text.HAL_RCC_GetPCLK2Freq
                0x080079f4       0x2c ./Drivers/STM32G4xx_HAL_Driver/Src/stm32g4xx_hal_rcc.o
                0x080079f4                HAL_RCC_GetPCLK2Freq
 .text.RCC_GetSysClockFreqFromPLLSource
                0x08007a20       0x8c ./Drivers/STM32G4xx_HAL_Driver/Src/stm32g4xx_hal_rcc.o
 .text.HAL_RCCEx_PeriphCLKConfig
                0x08007aac      0x49c ./Drivers/STM32G4xx_HAL_Driver/Src/stm32g4xx_hal_rcc_ex.o
                0x08007aac                HAL_RCCEx_PeriphCLKConfig
 .text.HAL_TIM_Base_Init
                0x08007f48       0xae ./Drivers/STM32G4xx_HAL_Driver/Src/stm32g4xx_hal_tim.o
                0x08007f48                HAL_TIM_Base_Init
 *fill*         0x08007ff6        0x2 
 .text.HAL_TIM_Base_Start_IT
                0x08007ff8       0xf0 ./Drivers/STM32G4xx_HAL_Driver/Src/stm32g4xx_hal_tim.o
                0x08007ff8                HAL_TIM_Base_Start_IT
 .text.HAL_TIM_Base_Stop_IT
                0x080080e8       0x5e ./Drivers/STM32G4xx_HAL_Driver/Src/stm32g4xx_hal_tim.o
                0x080080e8                HAL_TIM_Base_Stop_IT
 .text.HAL_TIM_PWM_Init
                0x08008146       0xae ./Drivers/STM32G4xx_HAL_Driver/Src/stm32g4xx_hal_tim.o
                0x08008146                HAL_TIM_PWM_Init
 .text.HAL_TIM_PWM_Start
                0x080081f4      0x224 ./Drivers/STM32G4xx_HAL_Driver/Src/stm32g4xx_hal_tim.o
                0x080081f4                HAL_TIM_PWM_Start
 .text.HAL_TIM_Encoder_Init
                0x08008418      0x14c ./Drivers/STM32G4xx_HAL_Driver/Src/stm32g4xx_hal_tim.o
                0x08008418                HAL_TIM_Encoder_Init
 .text.HAL_TIM_Encoder_Start
                0x08008564      0x11c ./Drivers/STM32G4xx_HAL_Driver/Src/stm32g4xx_hal_tim.o
                0x08008564                HAL_TIM_Encoder_Start
 .text.HAL_TIM_IRQHandler
                0x08008680      0x29e ./Drivers/STM32G4xx_HAL_Driver/Src/stm32g4xx_hal_tim.o
                0x08008680                HAL_TIM_IRQHandler
 *fill*         0x0800891e        0x2 
 .text.HAL_TIM_PWM_ConfigChannel
                0x08008920      0x228 ./Drivers/STM32G4xx_HAL_Driver/Src/stm32g4xx_hal_tim.o
                0x08008920                HAL_TIM_PWM_ConfigChannel
 .text.HAL_TIM_PeriodElapsedCallback
                0x08008b48       0x14 ./Drivers/STM32G4xx_HAL_Driver/Src/stm32g4xx_hal_tim.o
                0x08008b48                HAL_TIM_PeriodElapsedCallback
 .text.HAL_TIM_OC_DelayElapsedCallback
                0x08008b5c       0x14 ./Drivers/STM32G4xx_HAL_Driver/Src/stm32g4xx_hal_tim.o
                0x08008b5c                HAL_TIM_OC_DelayElapsedCallback
 .text.HAL_TIM_IC_CaptureCallback
                0x08008b70       0x14 ./Drivers/STM32G4xx_HAL_Driver/Src/stm32g4xx_hal_tim.o
                0x08008b70                HAL_TIM_IC_CaptureCallback
 .text.HAL_TIM_PWM_PulseFinishedCallback
                0x08008b84       0x14 ./Drivers/STM32G4xx_HAL_Driver/Src/stm32g4xx_hal_tim.o
                0x08008b84                HAL_TIM_PWM_PulseFinishedCallback
 .text.HAL_TIM_TriggerCallback
                0x08008b98       0x14 ./Drivers/STM32G4xx_HAL_Driver/Src/stm32g4xx_hal_tim.o
                0x08008b98                HAL_TIM_TriggerCallback
 .text.TIM_Base_SetConfig
                0x08008bac      0x168 ./Drivers/STM32G4xx_HAL_Driver/Src/stm32g4xx_hal_tim.o
                0x08008bac                TIM_Base_SetConfig
 .text.TIM_OC1_SetConfig
                0x08008d14      0x134 ./Drivers/STM32G4xx_HAL_Driver/Src/stm32g4xx_hal_tim.o
 .text.TIM_OC2_SetConfig
                0x08008e48      0x128 ./Drivers/STM32G4xx_HAL_Driver/Src/stm32g4xx_hal_tim.o
                0x08008e48                TIM_OC2_SetConfig
 .text.TIM_OC3_SetConfig
                0x08008f70      0x124 ./Drivers/STM32G4xx_HAL_Driver/Src/stm32g4xx_hal_tim.o
 .text.TIM_OC4_SetConfig
                0x08009094      0x128 ./Drivers/STM32G4xx_HAL_Driver/Src/stm32g4xx_hal_tim.o
 .text.TIM_OC5_SetConfig
                0x080091bc       0xd4 ./Drivers/STM32G4xx_HAL_Driver/Src/stm32g4xx_hal_tim.o
 .text.TIM_OC6_SetConfig
                0x08009290       0xd8 ./Drivers/STM32G4xx_HAL_Driver/Src/stm32g4xx_hal_tim.o
 .text.TIM_CCxChannelCmd
                0x08009368       0x4a ./Drivers/STM32G4xx_HAL_Driver/Src/stm32g4xx_hal_tim.o
                0x08009368                TIM_CCxChannelCmd
 *fill*         0x080093b2        0x2 
 .text.HAL_TIMEx_MasterConfigSynchronization
                0x080093b4      0x12c ./Drivers/STM32G4xx_HAL_Driver/Src/stm32g4xx_hal_tim_ex.o
                0x080093b4                HAL_TIMEx_MasterConfigSynchronization
 .text.HAL_TIMEx_ConfigBreakDeadTime
                0x080094e0      0x128 ./Drivers/STM32G4xx_HAL_Driver/Src/stm32g4xx_hal_tim_ex.o
                0x080094e0                HAL_TIMEx_ConfigBreakDeadTime
 .text.HAL_TIMEx_CommutCallback
                0x08009608       0x14 ./Drivers/STM32G4xx_HAL_Driver/Src/stm32g4xx_hal_tim_ex.o
                0x08009608                HAL_TIMEx_CommutCallback
 .text.HAL_TIMEx_BreakCallback
                0x0800961c       0x14 ./Drivers/STM32G4xx_HAL_Driver/Src/stm32g4xx_hal_tim_ex.o
                0x0800961c                HAL_TIMEx_BreakCallback
 .text.HAL_TIMEx_Break2Callback
                0x08009630       0x14 ./Drivers/STM32G4xx_HAL_Driver/Src/stm32g4xx_hal_tim_ex.o
                0x08009630                HAL_TIMEx_Break2Callback
 .text.HAL_TIMEx_EncoderIndexCallback
                0x08009644       0x14 ./Drivers/STM32G4xx_HAL_Driver/Src/stm32g4xx_hal_tim_ex.o
                0x08009644                HAL_TIMEx_EncoderIndexCallback
 .text.HAL_TIMEx_DirectionChangeCallback
                0x08009658       0x14 ./Drivers/STM32G4xx_HAL_Driver/Src/stm32g4xx_hal_tim_ex.o
                0x08009658                HAL_TIMEx_DirectionChangeCallback
 .text.HAL_TIMEx_IndexErrorCallback
                0x0800966c       0x14 ./Drivers/STM32G4xx_HAL_Driver/Src/stm32g4xx_hal_tim_ex.o
                0x0800966c                HAL_TIMEx_IndexErrorCallback
 .text.HAL_TIMEx_TransitionErrorCallback
                0x08009680       0x14 ./Drivers/STM32G4xx_HAL_Driver/Src/stm32g4xx_hal_tim_ex.o
                0x08009680                HAL_TIMEx_TransitionErrorCallback
 .text.HAL_UART_Init
                0x08009694       0xa0 ./Drivers/STM32G4xx_HAL_Driver/Src/stm32g4xx_hal_uart.o
                0x08009694                HAL_UART_Init
 .text.HAL_UART_Transmit_IT
                0x08009734      0x128 ./Drivers/STM32G4xx_HAL_Driver/Src/stm32g4xx_hal_uart.o
                0x08009734                HAL_UART_Transmit_IT
 .text.HAL_UART_Receive_IT
                0x0800985c       0x98 ./Drivers/STM32G4xx_HAL_Driver/Src/stm32g4xx_hal_uart.o
                0x0800985c                HAL_UART_Receive_IT
 .text.HAL_UART_IRQHandler
                0x080098f4      0x684 ./Drivers/STM32G4xx_HAL_Driver/Src/stm32g4xx_hal_uart.o
                0x080098f4                HAL_UART_IRQHandler
 .text.HAL_UART_TxCpltCallback
                0x08009f78       0x14 ./Drivers/STM32G4xx_HAL_Driver/Src/stm32g4xx_hal_uart.o
                0x08009f78                HAL_UART_TxCpltCallback
 .text.HAL_UART_RxCpltCallback
                0x08009f8c       0x14 ./Drivers/STM32G4xx_HAL_Driver/Src/stm32g4xx_hal_uart.o
                0x08009f8c                HAL_UART_RxCpltCallback
 .text.HAL_UART_ErrorCallback
                0x08009fa0       0x14 ./Drivers/STM32G4xx_HAL_Driver/Src/stm32g4xx_hal_uart.o
                0x08009fa0                HAL_UART_ErrorCallback
 .text.HAL_UARTEx_RxEventCallback
                0x08009fb4       0x18 ./Drivers/STM32G4xx_HAL_Driver/Src/stm32g4xx_hal_uart.o
                0x08009fb4                HAL_UARTEx_RxEventCallback
 .text.UART_SetConfig
                0x08009fcc      0x5f8 ./Drivers/STM32G4xx_HAL_Driver/Src/stm32g4xx_hal_uart.o
                0x08009fcc                UART_SetConfig
 .text.UART_AdvFeatureConfig
                0x0800a5c4      0x144 ./Drivers/STM32G4xx_HAL_Driver/Src/stm32g4xx_hal_uart.o
                0x0800a5c4                UART_AdvFeatureConfig
 .text.UART_CheckIdleState
                0x0800a708      0x154 ./Drivers/STM32G4xx_HAL_Driver/Src/stm32g4xx_hal_uart.o
                0x0800a708                UART_CheckIdleState
 .text.UART_WaitOnFlagUntilTimeout
                0x0800a85c       0xda ./Drivers/STM32G4xx_HAL_Driver/Src/stm32g4xx_hal_uart.o
                0x0800a85c                UART_WaitOnFlagUntilTimeout
 *fill*         0x0800a936        0x2 
 .text.UART_Start_Receive_IT
                0x0800a938      0x244 ./Drivers/STM32G4xx_HAL_Driver/Src/stm32g4xx_hal_uart.o
                0x0800a938                UART_Start_Receive_IT
 .text.UART_EndRxTransfer
                0x0800ab7c       0xcc ./Drivers/STM32G4xx_HAL_Driver/Src/stm32g4xx_hal_uart.o
 .text.UART_DMAAbortOnError
                0x0800ac48       0x24 ./Drivers/STM32G4xx_HAL_Driver/Src/stm32g4xx_hal_uart.o
 .text.UART_TxISR_8BIT
                0x0800ac6c       0xb8 ./Drivers/STM32G4xx_HAL_Driver/Src/stm32g4xx_hal_uart.o
 .text.UART_TxISR_16BIT
                0x0800ad24       0xc2 ./Drivers/STM32G4xx_HAL_Driver/Src/stm32g4xx_hal_uart.o
 .text.UART_TxISR_8BIT_FIFOEN
                0x0800ade6       0xe0 ./Drivers/STM32G4xx_HAL_Driver/Src/stm32g4xx_hal_uart.o
 .text.UART_TxISR_16BIT_FIFOEN
                0x0800aec6       0xea ./Drivers/STM32G4xx_HAL_Driver/Src/stm32g4xx_hal_uart.o
 .text.UART_EndTransmit_IT
                0x0800afb0       0x56 ./Drivers/STM32G4xx_HAL_Driver/Src/stm32g4xx_hal_uart.o
 *fill*         0x0800b006        0x2 
 .text.UART_RxISR_8BIT
                0x0800b008      0x1b8 ./Drivers/STM32G4xx_HAL_Driver/Src/stm32g4xx_hal_uart.o
 .text.UART_RxISR_16BIT
                0x0800b1c0      0x1b8 ./Drivers/STM32G4xx_HAL_Driver/Src/stm32g4xx_hal_uart.o
 .text.UART_RxISR_8BIT_FIFOEN
                0x0800b378      0x364 ./Drivers/STM32G4xx_HAL_Driver/Src/stm32g4xx_hal_uart.o
 .text.UART_RxISR_16BIT_FIFOEN
                0x0800b6dc      0x36c ./Drivers/STM32G4xx_HAL_Driver/Src/stm32g4xx_hal_uart.o
 .text.HAL_UARTEx_WakeupCallback
                0x0800ba48       0x14 ./Drivers/STM32G4xx_HAL_Driver/Src/stm32g4xx_hal_uart_ex.o
                0x0800ba48                HAL_UARTEx_WakeupCallback
 .text.HAL_UARTEx_RxFifoFullCallback
                0x0800ba5c       0x14 ./Drivers/STM32G4xx_HAL_Driver/Src/stm32g4xx_hal_uart_ex.o
                0x0800ba5c                HAL_UARTEx_RxFifoFullCallback
 .text.HAL_UARTEx_TxFifoEmptyCallback
                0x0800ba70       0x14 ./Drivers/STM32G4xx_HAL_Driver/Src/stm32g4xx_hal_uart_ex.o
                0x0800ba70                HAL_UARTEx_TxFifoEmptyCallback
 .text.HAL_UARTEx_DisableFifoMode
                0x0800ba84       0x72 ./Drivers/STM32G4xx_HAL_Driver/Src/stm32g4xx_hal_uart_ex.o
                0x0800ba84                HAL_UARTEx_DisableFifoMode
 .text.HAL_UARTEx_SetTxFifoThreshold
                0x0800baf6       0x7c ./Drivers/STM32G4xx_HAL_Driver/Src/stm32g4xx_hal_uart_ex.o
                0x0800baf6                HAL_UARTEx_SetTxFifoThreshold
 .text.HAL_UARTEx_SetRxFifoThreshold
                0x0800bb72       0x7c ./Drivers/STM32G4xx_HAL_Driver/Src/stm32g4xx_hal_uart_ex.o
                0x0800bb72                HAL_UARTEx_SetRxFifoThreshold
 *fill*         0x0800bbee        0x2 
 .text.UARTEx_SetNbDataToProcess
                0x0800bbf0       0x9c ./Drivers/STM32G4xx_HAL_Driver/Src/stm32g4xx_hal_uart_ex.o
 .text.memset   0x0800bc8c       0x10 C:/ST/STM32CubeIDE_1.18.0/STM32CubeIDE/plugins/com.st.stm32cube.ide.mcu.externaltools.gnu-tools-for-stm32.13.3.rel1.win32_1.0.0.202411081344/tools/bin/../lib/gcc/arm-none-eabi/13.3.1/../../../../arm-none-eabi/lib/thumb/v7e-m+fp/hard\libc_nano.a(libc_a-memset.o)
                0x0800bc8c                memset
 .text.__libc_init_array
                0x0800bc9c       0x48 C:/ST/STM32CubeIDE_1.18.0/STM32CubeIDE/plugins/com.st.stm32cube.ide.mcu.externaltools.gnu-tools-for-stm32.13.3.rel1.win32_1.0.0.202411081344/tools/bin/../lib/gcc/arm-none-eabi/13.3.1/../../../../arm-none-eabi/lib/thumb/v7e-m+fp/hard\libc_nano.a(libc_a-init.o)
                0x0800bc9c                __libc_init_array
 .text.memcpy   0x0800bce4       0x1c C:/ST/STM32CubeIDE_1.18.0/STM32CubeIDE/plugins/com.st.stm32cube.ide.mcu.externaltools.gnu-tools-for-stm32.13.3.rel1.win32_1.0.0.202411081344/tools/bin/../lib/gcc/arm-none-eabi/13.3.1/../../../../arm-none-eabi/lib/thumb/v7e-m+fp/hard\libc_nano.a(libc_a-memcpy-stub.o)
                0x0800bce4                memcpy
 .text.roundf   0x0800bd00       0x48 C:/ST/STM32CubeIDE_1.18.0/STM32CubeIDE/plugins/com.st.stm32cube.ide.mcu.externaltools.gnu-tools-for-stm32.13.3.rel1.win32_1.0.0.202411081344/tools/bin/../lib/gcc/arm-none-eabi/13.3.1/../../../../arm-none-eabi/lib/thumb/v7e-m+fp/hard\libm.a(libm_a-sf_round.o)
                0x0800bd00                roundf
 *(.glue_7)
 .glue_7        0x0800bd48        0x0 linker stubs
 *(.glue_7t)
 .glue_7t       0x0800bd48        0x0 linker stubs
 *(.eh_frame)
 .eh_frame      0x0800bd48        0x0 C:/ST/STM32CubeIDE_1.18.0/STM32CubeIDE/plugins/com.st.stm32cube.ide.mcu.externaltools.gnu-tools-for-stm32.13.3.rel1.win32_1.0.0.202411081344/tools/bin/../lib/gcc/arm-none-eabi/13.3.1/thumb/v7e-m+fp/hard/crtbegin.o
 *(.init)
 .init          0x0800bd48        0x4 C:/ST/STM32CubeIDE_1.18.0/STM32CubeIDE/plugins/com.st.stm32cube.ide.mcu.externaltools.gnu-tools-for-stm32.13.3.rel1.win32_1.0.0.202411081344/tools/bin/../lib/gcc/arm-none-eabi/13.3.1/thumb/v7e-m+fp/hard/crti.o
                0x0800bd48                _init
 .init          0x0800bd4c        0x8 C:/ST/STM32CubeIDE_1.18.0/STM32CubeIDE/plugins/com.st.stm32cube.ide.mcu.externaltools.gnu-tools-for-stm32.13.3.rel1.win32_1.0.0.202411081344/tools/bin/../lib/gcc/arm-none-eabi/13.3.1/thumb/v7e-m+fp/hard/crtn.o
 *(.fini)
 .fini          0x0800bd54        0x4 C:/ST/STM32CubeIDE_1.18.0/STM32CubeIDE/plugins/com.st.stm32cube.ide.mcu.externaltools.gnu-tools-for-stm32.13.3.rel1.win32_1.0.0.202411081344/tools/bin/../lib/gcc/arm-none-eabi/13.3.1/thumb/v7e-m+fp/hard/crti.o
                0x0800bd54                _fini
 .fini          0x0800bd58        0x8 C:/ST/STM32CubeIDE_1.18.0/STM32CubeIDE/plugins/com.st.stm32cube.ide.mcu.externaltools.gnu-tools-for-stm32.13.3.rel1.win32_1.0.0.202411081344/tools/bin/../lib/gcc/arm-none-eabi/13.3.1/thumb/v7e-m+fp/hard/crtn.o
                0x0800bd60                        . = ALIGN (0x4)
                0x0800bd60                        _etext = .

.vfp11_veneer   0x0800bd60        0x0
 .vfp11_veneer  0x0800bd60        0x0 linker stubs

.v4_bx          0x0800bd60        0x0
 .v4_bx         0x0800bd60        0x0 linker stubs

.iplt           0x0800bd60        0x0
 .iplt          0x0800bd60        0x0 C:/ST/STM32CubeIDE_1.18.0/STM32CubeIDE/plugins/com.st.stm32cube.ide.mcu.externaltools.gnu-tools-for-stm32.13.3.rel1.win32_1.0.0.202411081344/tools/bin/../lib/gcc/arm-none-eabi/13.3.1/thumb/v7e-m+fp/hard/crtbegin.o

.rodata         0x0800bd60       0x74
                0x0800bd60                        . = ALIGN (0x4)
 *(.rodata)
 .rodata        0x0800bd60       0x10 ./Core/Src/main.o
 .rodata        0x0800bd70       0x10 ./Core/Src/driver_init/encoders_init.o
 .rodata        0x0800bd80       0x10 ./Core/Src/driver_init/motors_init.o
 *(.rodata*)
 .rodata.AHBPrescTable
                0x0800bd90       0x10 ./Core/Src/system_stm32g4xx.o
                0x0800bd90                AHBPrescTable
 .rodata.APBPrescTable
                0x0800bda0        0x8 ./Core/Src/system_stm32g4xx.o
                0x0800bda0                APBPrescTable
 .rodata.ack    0x0800bda8        0x1 ./Core/Src/stub/uart_functions.o
 .rodata.nack   0x0800bda9        0x1 ./Core/Src/stub/uart_functions.o
 *fill*         0x0800bdaa        0x2 
 .rodata.UARTPrescTable
                0x0800bdac       0x18 ./Drivers/STM32G4xx_HAL_Driver/Src/stm32g4xx_hal_uart.o
                0x0800bdac                UARTPrescTable
 .rodata.numerator.1
                0x0800bdc4        0x8 ./Drivers/STM32G4xx_HAL_Driver/Src/stm32g4xx_hal_uart_ex.o
 .rodata.denominator.0
                0x0800bdcc        0x8 ./Drivers/STM32G4xx_HAL_Driver/Src/stm32g4xx_hal_uart_ex.o
                0x0800bdd4                        . = ALIGN (0x4)

.ARM.extab      0x0800bdd4        0x0
                0x0800bdd4                        . = ALIGN (0x4)
 *(.ARM.extab* .gnu.linkonce.armextab.*)
                0x0800bdd4                        . = ALIGN (0x4)

.ARM            0x0800bdd4        0x8
                0x0800bdd4                        . = ALIGN (0x4)
                0x0800bdd4                        __exidx_start = .
 *(.ARM.exidx*)
 .ARM.exidx     0x0800bdd4        0x8 C:/ST/STM32CubeIDE_1.18.0/STM32CubeIDE/plugins/com.st.stm32cube.ide.mcu.externaltools.gnu-tools-for-stm32.13.3.rel1.win32_1.0.0.202411081344/tools/bin/../lib/gcc/arm-none-eabi/13.3.1/thumb/v7e-m+fp/hard\libgcc.a(_udivmoddi4.o)
                0x0800bddc                        __exidx_end = .
                0x0800bddc                        . = ALIGN (0x4)

.preinit_array  0x0800bddc        0x0
                0x0800bddc                        . = ALIGN (0x4)
                0x0800bddc                        PROVIDE (__preinit_array_start = .)
 *(.preinit_array*)
                0x0800bddc                        PROVIDE (__preinit_array_end = .)
                0x0800bddc                        . = ALIGN (0x4)

.init_array     0x0800bddc        0x4
                0x0800bddc                        . = ALIGN (0x4)
                0x0800bddc                        PROVIDE (__init_array_start = .)
 *(SORT_BY_NAME(.init_array.*))
 *(.init_array*)
 .init_array    0x0800bddc        0x4 C:/ST/STM32CubeIDE_1.18.0/STM32CubeIDE/plugins/com.st.stm32cube.ide.mcu.externaltools.gnu-tools-for-stm32.13.3.rel1.win32_1.0.0.202411081344/tools/bin/../lib/gcc/arm-none-eabi/13.3.1/thumb/v7e-m+fp/hard/crtbegin.o
                0x0800bde0                        PROVIDE (__init_array_end = .)
                0x0800bde0                        . = ALIGN (0x4)

.fini_array     0x0800bde0        0x4
                0x0800bde0                        . = ALIGN (0x4)
                [!provide]                        PROVIDE (__fini_array_start = .)
 *(SORT_BY_NAME(.fini_array.*))
 *(.fini_array*)
 .fini_array    0x0800bde0        0x4 C:/ST/STM32CubeIDE_1.18.0/STM32CubeIDE/plugins/com.st.stm32cube.ide.mcu.externaltools.gnu-tools-for-stm32.13.3.rel1.win32_1.0.0.202411081344/tools/bin/../lib/gcc/arm-none-eabi/13.3.1/thumb/v7e-m+fp/hard/crtbegin.o
                [!provide]                        PROVIDE (__fini_array_end = .)
                0x0800bde4                        . = ALIGN (0x4)
                0x0800bde4                        _sidata = LOADADDR (.data)

.rel.dyn        0x0800bde4        0x0
 .rel.iplt      0x0800bde4        0x0 C:/ST/STM32CubeIDE_1.18.0/STM32CubeIDE/plugins/com.st.stm32cube.ide.mcu.externaltools.gnu-tools-for-stm32.13.3.rel1.win32_1.0.0.202411081344/tools/bin/../lib/gcc/arm-none-eabi/13.3.1/thumb/v7e-m+fp/hard/crtbegin.o

.data           0x20000000       0x54 load address 0x0800bde4
                0x20000000                        . = ALIGN (0x4)
                0x20000000                        _sdata = .
 *(.data)
 *(.data*)
 .data.rtInfF   0x20000000        0x4 ./Core/Src/rt_nonfinite.o
                0x20000000                rtInfF
 .data.rtMinusInfF
                0x20000004        0x4 ./Core/Src/rt_nonfinite.o
                0x20000004                rtMinusInfF
 .data.SystemCoreClock
                0x20000008        0x4 ./Core/Src/system_stm32g4xx.o
                0x20000008                SystemCoreClock
 .data.fastGains
                0x2000000c       0x20 ./Core/Src/driver_init/motors_init.o
 .data.slowGains
                0x2000002c       0x20 ./Core/Src/driver_init/motors_init.o
 .data.uwTickPrio
                0x2000004c        0x4 ./Drivers/STM32G4xx_HAL_Driver/Src/stm32g4xx_hal.o
                0x2000004c                uwTickPrio
 .data.uwTickFreq
                0x20000050        0x4 ./Drivers/STM32G4xx_HAL_Driver/Src/stm32g4xx_hal.o
                0x20000050                uwTickFreq
 *(.RamFunc)
 *(.RamFunc*)
                0x20000054                        . = ALIGN (0x4)
                0x20000054                        _edata = .

.igot.plt       0x20000054        0x0 load address 0x0800be38
 .igot.plt      0x20000054        0x0 C:/ST/STM32CubeIDE_1.18.0/STM32CubeIDE/plugins/com.st.stm32cube.ide.mcu.externaltools.gnu-tools-for-stm32.13.3.rel1.win32_1.0.0.202411081344/tools/bin/../lib/gcc/arm-none-eabi/13.3.1/thumb/v7e-m+fp/hard/crtbegin.o
                0x20000054                        . = ALIGN (0x4)

.bss            0x20000058      0x814 load address 0x0800be38
                0x20000058                        _sbss = .
                0x20000058                        __bss_start__ = _sbss
 *(.bss)
 .bss           0x20000058       0x1c C:/ST/STM32CubeIDE_1.18.0/STM32CubeIDE/plugins/com.st.stm32cube.ide.mcu.externaltools.gnu-tools-for-stm32.13.3.rel1.win32_1.0.0.202411081344/tools/bin/../lib/gcc/arm-none-eabi/13.3.1/thumb/v7e-m+fp/hard/crtbegin.o
 *(.bss*)
 .bss.ActionsModel_MdlrefDW
                0x20000074        0x4 ./Core/Src/actions/ActionsModel.o
                0x20000074                ActionsModel_MdlrefDW
 .bss.ActionsModel_B
                0x20000078        0x1 ./Core/Src/actions/ActionsModel.o
                0x20000078                ActionsModel_B
 *fill*         0x20000079        0x3 
 .bss.ActionsModel_DW
                0x2000007c       0x4c ./Core/Src/actions/ActionsModel.o
                0x2000007c                ActionsModel_DW
 .bss.Board1_B  0x200000c8       0x30 ./Core/Src/board1/Board1.o
                0x200000c8                Board1_B
 .bss.Board1_DW
                0x200000f8       0xd0 ./Core/Src/board1/Board1.o
                0x200000f8                Board1_DW
 .bss.Board1_U  0x200001c8       0x60 ./Core/Src/board1/Board1.o
                0x200001c8                Board1_U
 .bss.Board1_Y  0x20000228       0x4c ./Core/Src/board1/Board1.o
                0x20000228                Board1_Y
 .bss.Board1_M_
                0x20000274        0x4 ./Core/Src/board1/Board1.o
 .bss.hcrc      0x20000278       0x24 ./Core/Src/crc.o
                0x20000278                hcrc
 .bss.flow_control_flag
                0x2000029c        0x1 ./Core/Src/main.o
                0x2000029c                flow_control_flag
 *fill*         0x2000029d        0x3 
 .bss.htim1     0x200002a0       0x4c ./Core/Src/tim.o
                0x200002a0                htim1
 .bss.htim2     0x200002ec       0x4c ./Core/Src/tim.o
                0x200002ec                htim2
 .bss.htim3     0x20000338       0x4c ./Core/Src/tim.o
                0x20000338                htim3
 .bss.htim4     0x20000384       0x4c ./Core/Src/tim.o
                0x20000384                htim4
 .bss.htim6     0x200003d0       0x4c ./Core/Src/tim.o
                0x200003d0                htim6
 .bss.htim7     0x2000041c       0x4c ./Core/Src/tim.o
                0x2000041c                htim7
 .bss.htim8     0x20000468       0x4c ./Core/Src/tim.o
                0x20000468                htim8
 .bss.hlpuart1  0x200004b4       0x94 ./Core/Src/usart.o
                0x200004b4                hlpuart1
 .bss.huart2    0x20000548       0x94 ./Core/Src/usart.o
                0x20000548                huart2
 *fill*         0x200005dc        0x4 
 .bss.encoders  0x200005e0       0xa0 ./Core/Src/driver_init/encoders_init.o
                0x200005e0                encoders
 .bss.led_left  0x20000680       0x10 ./Core/Src/driver_init/lights_init.o
                0x20000680                led_left
 .bss.led_right
                0x20000690       0x10 ./Core/Src/driver_init/lights_init.o
                0x20000690                led_right
 .bss.motors    0x200006a0      0x1c0 ./Core/Src/driver_init/motors_init.o
                0x200006a0                motors
 .bss.receivedFlag
                0x20000860        0x1 ./Core/Src/stub/uart_functions.o
                0x20000860                receivedFlag
 .bss.received_ack
                0x20000861        0x1 ./Core/Src/stub/uart_functions.o
 *fill*         0x20000862        0x2 
 .bss.current_handler
                0x20000864        0x4 ./Core/Src/stub/uart_functions.o
 .bss.uwTick    0x20000868        0x4 ./Drivers/STM32G4xx_HAL_Driver/Src/stm32g4xx_hal.o
                0x20000868                uwTick
 *(COMMON)
                0x2000086c                        . = ALIGN (0x4)
                0x2000086c                        _ebss = .
                0x2000086c                        __bss_end__ = _ebss

._user_heap_stack
                0x2000086c      0x604 load address 0x0800be38
                0x20000870                        . = ALIGN (0x8)
 *fill*         0x2000086c        0x4 
                [!provide]                        PROVIDE (end = .)
                0x20000870                        PROVIDE (_end = .)
                0x20000a70                        . = (. + _Min_Heap_Size)
 *fill*         0x20000870      0x200 
                0x20000e70                        . = (. + _Min_Stack_Size)
 *fill*         0x20000a70      0x400 
                0x20000e70                        . = ALIGN (0x8)

/DISCARD/
 libc.a(*)
 libm.a(*)
 libgcc.a(*)

.ARM.attributes
                0x00000000       0x30
 *(.ARM.attributes)
 .ARM.attributes
                0x00000000       0x22 C:/ST/STM32CubeIDE_1.18.0/STM32CubeIDE/plugins/com.st.stm32cube.ide.mcu.externaltools.gnu-tools-for-stm32.13.3.rel1.win32_1.0.0.202411081344/tools/bin/../lib/gcc/arm-none-eabi/13.3.1/thumb/v7e-m+fp/hard/crti.o
 .ARM.attributes
                0x00000022       0x34 C:/ST/STM32CubeIDE_1.18.0/STM32CubeIDE/plugins/com.st.stm32cube.ide.mcu.externaltools.gnu-tools-for-stm32.13.3.rel1.win32_1.0.0.202411081344/tools/bin/../lib/gcc/arm-none-eabi/13.3.1/thumb/v7e-m+fp/hard/crtbegin.o
 .ARM.attributes
                0x00000056       0x34 ./Core/Src/actions/ActionsModel.o
 .ARM.attributes
                0x0000008a       0x34 ./Core/Src/board1/Board1.o
 .ARM.attributes
                0x000000be       0x34 ./Core/Src/bus/deserialize.o
 .ARM.attributes
                0x000000f2       0x34 ./Core/Src/bus/serialize.o
 .ARM.attributes
                0x00000126       0x34 ./Core/Src/crc.o
 .ARM.attributes
                0x0000015a       0x34 ./Core/Src/gpio.o
 .ARM.attributes
                0x0000018e       0x34 ./Core/Src/main.o
 .ARM.attributes
                0x000001c2       0x34 ./Core/Src/rt_nonfinite.o
 .ARM.attributes
                0x000001f6       0x34 ./Core/Src/stm32g4xx_hal_msp.o
 .ARM.attributes
                0x0000022a       0x34 ./Core/Src/stm32g4xx_it.o
 .ARM.attributes
                0x0000025e       0x34 ./Core/Src/system_stm32g4xx.o
 .ARM.attributes
                0x00000292       0x34 ./Core/Src/tim.o
 .ARM.attributes
                0x000002c6       0x34 ./Core/Src/usart.o
 .ARM.attributes
                0x000002fa       0x34 ./Core/Src/driver/a4wd3_led.o
 .ARM.attributes
                0x0000032e       0x34 ./Core/Src/driver/encoder.o
 .ARM.attributes
                0x00000362       0x34 ./Core/Src/driver/motor_control.o
 .ARM.attributes
                0x00000396       0x34 ./Core/Src/driver_init/encoders_init.o
 .ARM.attributes
                0x000003ca       0x34 ./Core/Src/driver_init/lights_init.o
 .ARM.attributes
                0x000003fe       0x34 ./Core/Src/driver_init/motors_init.o
 .ARM.attributes
                0x00000432       0x34 ./Core/Src/stub/crc_functions.o
 .ARM.attributes
                0x00000466       0x34 ./Core/Src/stub/uart_functions.o
 .ARM.attributes
                0x0000049a       0x21 ./Core/Startup/startup_stm32g474retx.o
 .ARM.attributes
                0x000004bb       0x34 ./Drivers/STM32G4xx_HAL_Driver/Src/stm32g4xx_hal.o
 .ARM.attributes
                0x000004ef       0x34 ./Drivers/STM32G4xx_HAL_Driver/Src/stm32g4xx_hal_cortex.o
 .ARM.attributes
                0x00000523       0x34 ./Drivers/STM32G4xx_HAL_Driver/Src/stm32g4xx_hal_crc.o
 .ARM.attributes
                0x00000557       0x34 ./Drivers/STM32G4xx_HAL_Driver/Src/stm32g4xx_hal_crc_ex.o
 .ARM.attributes
                0x0000058b       0x34 ./Drivers/STM32G4xx_HAL_Driver/Src/stm32g4xx_hal_dma.o
 .ARM.attributes
                0x000005bf       0x34 ./Drivers/STM32G4xx_HAL_Driver/Src/stm32g4xx_hal_gpio.o
 .ARM.attributes
                0x000005f3       0x34 ./Drivers/STM32G4xx_HAL_Driver/Src/stm32g4xx_hal_pwr_ex.o
 .ARM.attributes
                0x00000627       0x34 ./Drivers/STM32G4xx_HAL_Driver/Src/stm32g4xx_hal_rcc.o
 .ARM.attributes
                0x0000065b       0x34 ./Drivers/STM32G4xx_HAL_Driver/Src/stm32g4xx_hal_rcc_ex.o
 .ARM.attributes
                0x0000068f       0x34 ./Drivers/STM32G4xx_HAL_Driver/Src/stm32g4xx_hal_tim.o
 .ARM.attributes
                0x000006c3       0x34 ./Drivers/STM32G4xx_HAL_Driver/Src/stm32g4xx_hal_tim_ex.o
 .ARM.attributes
                0x000006f7       0x34 ./Drivers/STM32G4xx_HAL_Driver/Src/stm32g4xx_hal_uart.o
 .ARM.attributes
                0x0000072b       0x34 ./Drivers/STM32G4xx_HAL_Driver/Src/stm32g4xx_hal_uart_ex.o
 .ARM.attributes
                0x0000075f       0x34 C:/ST/STM32CubeIDE_1.18.0/STM32CubeIDE/plugins/com.st.stm32cube.ide.mcu.externaltools.gnu-tools-for-stm32.13.3.rel1.win32_1.0.0.202411081344/tools/bin/../lib/gcc/arm-none-eabi/13.3.1/../../../../arm-none-eabi/lib/thumb/v7e-m+fp/hard\libc_nano.a(libc_a-memset.o)
 .ARM.attributes
                0x00000793       0x34 C:/ST/STM32CubeIDE_1.18.0/STM32CubeIDE/plugins/com.st.stm32cube.ide.mcu.externaltools.gnu-tools-for-stm32.13.3.rel1.win32_1.0.0.202411081344/tools/bin/../lib/gcc/arm-none-eabi/13.3.1/../../../../arm-none-eabi/lib/thumb/v7e-m+fp/hard\libc_nano.a(libc_a-init.o)
 .ARM.attributes
                0x000007c7       0x34 C:/ST/STM32CubeIDE_1.18.0/STM32CubeIDE/plugins/com.st.stm32cube.ide.mcu.externaltools.gnu-tools-for-stm32.13.3.rel1.win32_1.0.0.202411081344/tools/bin/../lib/gcc/arm-none-eabi/13.3.1/../../../../arm-none-eabi/lib/thumb/v7e-m+fp/hard\libc_nano.a(libc_a-memcpy-stub.o)
 .ARM.attributes
                0x000007fb       0x34 C:/ST/STM32CubeIDE_1.18.0/STM32CubeIDE/plugins/com.st.stm32cube.ide.mcu.externaltools.gnu-tools-for-stm32.13.3.rel1.win32_1.0.0.202411081344/tools/bin/../lib/gcc/arm-none-eabi/13.3.1/../../../../arm-none-eabi/lib/thumb/v7e-m+fp/hard\libm.a(libm_a-sf_round.o)
 .ARM.attributes
                0x0000082f       0x22 C:/ST/STM32CubeIDE_1.18.0/STM32CubeIDE/plugins/com.st.stm32cube.ide.mcu.externaltools.gnu-tools-for-stm32.13.3.rel1.win32_1.0.0.202411081344/tools/bin/../lib/gcc/arm-none-eabi/13.3.1/thumb/v7e-m+fp/hard\libgcc.a(_arm_cmpdf2.o)
 .ARM.attributes
                0x00000851       0x22 C:/ST/STM32CubeIDE_1.18.0/STM32CubeIDE/plugins/com.st.stm32cube.ide.mcu.externaltools.gnu-tools-for-stm32.13.3.rel1.win32_1.0.0.202411081344/tools/bin/../lib/gcc/arm-none-eabi/13.3.1/thumb/v7e-m+fp/hard\libgcc.a(_arm_addsubsf3.o)
 .ARM.attributes
                0x00000873       0x22 C:/ST/STM32CubeIDE_1.18.0/STM32CubeIDE/plugins/com.st.stm32cube.ide.mcu.externaltools.gnu-tools-for-stm32.13.3.rel1.win32_1.0.0.202411081344/tools/bin/../lib/gcc/arm-none-eabi/13.3.1/thumb/v7e-m+fp/hard\libgcc.a(_aeabi_uldivmod.o)
 .ARM.attributes
                0x00000895       0x34 C:/ST/STM32CubeIDE_1.18.0/STM32CubeIDE/plugins/com.st.stm32cube.ide.mcu.externaltools.gnu-tools-for-stm32.13.3.rel1.win32_1.0.0.202411081344/tools/bin/../lib/gcc/arm-none-eabi/13.3.1/thumb/v7e-m+fp/hard\libgcc.a(_udivmoddi4.o)
 .ARM.attributes
                0x000008c9       0x22 C:/ST/STM32CubeIDE_1.18.0/STM32CubeIDE/plugins/com.st.stm32cube.ide.mcu.externaltools.gnu-tools-for-stm32.13.3.rel1.win32_1.0.0.202411081344/tools/bin/../lib/gcc/arm-none-eabi/13.3.1/thumb/v7e-m+fp/hard\libgcc.a(_dvmd_tls.o)
 .ARM.attributes
                0x000008eb       0x22 C:/ST/STM32CubeIDE_1.18.0/STM32CubeIDE/plugins/com.st.stm32cube.ide.mcu.externaltools.gnu-tools-for-stm32.13.3.rel1.win32_1.0.0.202411081344/tools/bin/../lib/gcc/arm-none-eabi/13.3.1/thumb/v7e-m+fp/hard/crtn.o
OUTPUT(Board1.elf elf32-littlearm)
LOAD linker stubs
LOAD C:/ST/STM32CubeIDE_1.18.0/STM32CubeIDE/plugins/com.st.stm32cube.ide.mcu.externaltools.gnu-tools-for-stm32.13.3.rel1.win32_1.0.0.202411081344/tools/bin/../lib/gcc/arm-none-eabi/13.3.1/../../../../arm-none-eabi/lib/thumb/v7e-m+fp/hard\libc.a
LOAD C:/ST/STM32CubeIDE_1.18.0/STM32CubeIDE/plugins/com.st.stm32cube.ide.mcu.externaltools.gnu-tools-for-stm32.13.3.rel1.win32_1.0.0.202411081344/tools/bin/../lib/gcc/arm-none-eabi/13.3.1/../../../../arm-none-eabi/lib/thumb/v7e-m+fp/hard\libm.a
LOAD C:/ST/STM32CubeIDE_1.18.0/STM32CubeIDE/plugins/com.st.stm32cube.ide.mcu.externaltools.gnu-tools-for-stm32.13.3.rel1.win32_1.0.0.202411081344/tools/bin/../lib/gcc/arm-none-eabi/13.3.1/thumb/v7e-m+fp/hard\libgcc.a

.debug_info     0x00000000    0x1c574
 .debug_info    0x00000000      0xdc8 ./Core/Src/actions/ActionsModel.o
 .debug_info    0x00000dc8      0xdcd ./Core/Src/board1/Board1.o
 .debug_info    0x00001b95      0x669 ./Core/Src/bus/deserialize.o
 .debug_info    0x000021fe      0x63b ./Core/Src/bus/serialize.o
 .debug_info    0x00002839      0x4f5 ./Core/Src/crc.o
 .debug_info    0x00002d2e      0x463 ./Core/Src/gpio.o
 .debug_info    0x00003191     0x1dbf ./Core/Src/main.o
 .debug_info    0x00004f50      0x1da ./Core/Src/rt_nonfinite.o
 .debug_info    0x0000512a      0x2da ./Core/Src/stm32g4xx_hal_msp.o
 .debug_info    0x00005404      0xc92 ./Core/Src/stm32g4xx_it.o
 .debug_info    0x00006096      0x58e ./Core/Src/system_stm32g4xx.o
 .debug_info    0x00006624     0x15d0 ./Core/Src/tim.o
 .debug_info    0x00007bf4     0x10f4 ./Core/Src/usart.o
 .debug_info    0x00008ce8      0x3f7 ./Core/Src/driver/a4wd3_led.o
 .debug_info    0x000090df      0x934 ./Core/Src/driver/encoder.o
 .debug_info    0x00009a13      0xd84 ./Core/Src/driver/motor_control.o
 .debug_info    0x0000a797      0xb8f ./Core/Src/driver_init/encoders_init.o
 .debug_info    0x0000b326      0x251 ./Core/Src/driver_init/lights_init.o
 .debug_info    0x0000b577      0xd4d ./Core/Src/driver_init/motors_init.o
 .debug_info    0x0000c2c4      0x300 ./Core/Src/stub/crc_functions.o
 .debug_info    0x0000c5c4      0xab1 ./Core/Src/stub/uart_functions.o
 .debug_info    0x0000d075       0x30 ./Core/Startup/startup_stm32g474retx.o
 .debug_info    0x0000d0a5      0xb95 ./Drivers/STM32G4xx_HAL_Driver/Src/stm32g4xx_hal.o
 .debug_info    0x0000dc3a      0xdf9 ./Drivers/STM32G4xx_HAL_Driver/Src/stm32g4xx_hal_cortex.o
 .debug_info    0x0000ea33      0x513 ./Drivers/STM32G4xx_HAL_Driver/Src/stm32g4xx_hal_crc.o
 .debug_info    0x0000ef46      0x326 ./Drivers/STM32G4xx_HAL_Driver/Src/stm32g4xx_hal_crc_ex.o
 .debug_info    0x0000f26c      0x85f ./Drivers/STM32G4xx_HAL_Driver/Src/stm32g4xx_hal_dma.o
 .debug_info    0x0000facb      0x763 ./Drivers/STM32G4xx_HAL_Driver/Src/stm32g4xx_hal_gpio.o
 .debug_info    0x0001022e      0x93f ./Drivers/STM32G4xx_HAL_Driver/Src/stm32g4xx_hal_pwr_ex.o
 .debug_info    0x00010b6d      0xbe0 ./Drivers/STM32G4xx_HAL_Driver/Src/stm32g4xx_hal_rcc.o
 .debug_info    0x0001174d      0xc45 ./Drivers/STM32G4xx_HAL_Driver/Src/stm32g4xx_hal_rcc_ex.o
 .debug_info    0x00012392     0x2c52 ./Drivers/STM32G4xx_HAL_Driver/Src/stm32g4xx_hal_tim.o
 .debug_info    0x00014fe4     0x1d95 ./Drivers/STM32G4xx_HAL_Driver/Src/stm32g4xx_hal_tim_ex.o
 .debug_info    0x00016d79     0x481e ./Drivers/STM32G4xx_HAL_Driver/Src/stm32g4xx_hal_uart.o
 .debug_info    0x0001b597      0xfdd ./Drivers/STM32G4xx_HAL_Driver/Src/stm32g4xx_hal_uart_ex.o

.debug_abbrev   0x00000000     0x4471
 .debug_abbrev  0x00000000      0x226 ./Core/Src/actions/ActionsModel.o
 .debug_abbrev  0x00000226      0x297 ./Core/Src/board1/Board1.o
 .debug_abbrev  0x000004bd      0x136 ./Core/Src/bus/deserialize.o
 .debug_abbrev  0x000005f3      0x138 ./Core/Src/bus/serialize.o
 .debug_abbrev  0x0000072b      0x18b ./Core/Src/crc.o
 .debug_abbrev  0x000008b6      0x152 ./Core/Src/gpio.o
 .debug_abbrev  0x00000a08      0x31d ./Core/Src/main.o
 .debug_abbrev  0x00000d25       0xc9 ./Core/Src/rt_nonfinite.o
 .debug_abbrev  0x00000dee       0xd9 ./Core/Src/stm32g4xx_hal_msp.o
 .debug_abbrev  0x00000ec7      0x1cb ./Core/Src/stm32g4xx_it.o
 .debug_abbrev  0x00001092      0x11a ./Core/Src/system_stm32g4xx.o
 .debug_abbrev  0x000011ac      0x290 ./Core/Src/tim.o
 .debug_abbrev  0x0000143c      0x219 ./Core/Src/usart.o
 .debug_abbrev  0x00001655      0x168 ./Core/Src/driver/a4wd3_led.o
 .debug_abbrev  0x000017bd      0x1e3 ./Core/Src/driver/encoder.o
 .debug_abbrev  0x000019a0      0x278 ./Core/Src/driver/motor_control.o
 .debug_abbrev  0x00001c18      0x204 ./Core/Src/driver_init/encoders_init.o
 .debug_abbrev  0x00001e1c      0x13a ./Core/Src/driver_init/lights_init.o
 .debug_abbrev  0x00001f56      0x232 ./Core/Src/driver_init/motors_init.o
 .debug_abbrev  0x00002188      0x16f ./Core/Src/stub/crc_functions.o
 .debug_abbrev  0x000022f7      0x24e ./Core/Src/stub/uart_functions.o
 .debug_abbrev  0x00002545       0x24 ./Core/Startup/startup_stm32g474retx.o
 .debug_abbrev  0x00002569      0x271 ./Drivers/STM32G4xx_HAL_Driver/Src/stm32g4xx_hal.o
 .debug_abbrev  0x000027da      0x31c ./Drivers/STM32G4xx_HAL_Driver/Src/stm32g4xx_hal_cortex.o
 .debug_abbrev  0x00002af6      0x1ee ./Drivers/STM32G4xx_HAL_Driver/Src/stm32g4xx_hal_crc.o
 .debug_abbrev  0x00002ce4      0x151 ./Drivers/STM32G4xx_HAL_Driver/Src/stm32g4xx_hal_crc_ex.o
 .debug_abbrev  0x00002e35      0x1e2 ./Drivers/STM32G4xx_HAL_Driver/Src/stm32g4xx_hal_dma.o
 .debug_abbrev  0x00003017      0x1cb ./Drivers/STM32G4xx_HAL_Driver/Src/stm32g4xx_hal_gpio.o
 .debug_abbrev  0x000031e2      0x22c ./Drivers/STM32G4xx_HAL_Driver/Src/stm32g4xx_hal_pwr_ex.o
 .debug_abbrev  0x0000340e      0x2c9 ./Drivers/STM32G4xx_HAL_Driver/Src/stm32g4xx_hal_rcc.o
 .debug_abbrev  0x000036d7      0x258 ./Drivers/STM32G4xx_HAL_Driver/Src/stm32g4xx_hal_rcc_ex.o
 .debug_abbrev  0x0000392f      0x2a7 ./Drivers/STM32G4xx_HAL_Driver/Src/stm32g4xx_hal_tim.o
 .debug_abbrev  0x00003bd6      0x2c5 ./Drivers/STM32G4xx_HAL_Driver/Src/stm32g4xx_hal_tim_ex.o
 .debug_abbrev  0x00003e9b      0x304 ./Drivers/STM32G4xx_HAL_Driver/Src/stm32g4xx_hal_uart.o
 .debug_abbrev  0x0000419f      0x2d2 ./Drivers/STM32G4xx_HAL_Driver/Src/stm32g4xx_hal_uart_ex.o

.debug_aranges  0x00000000     0x1598
 .debug_aranges
                0x00000000       0xa0 ./Core/Src/actions/ActionsModel.o
 .debug_aranges
                0x000000a0       0x60 ./Core/Src/board1/Board1.o
 .debug_aranges
                0x00000100       0x40 ./Core/Src/bus/deserialize.o
 .debug_aranges
                0x00000140       0x40 ./Core/Src/bus/serialize.o
 .debug_aranges
                0x00000180       0x30 ./Core/Src/crc.o
 .debug_aranges
                0x000001b0       0x20 ./Core/Src/gpio.o
 .debug_aranges
                0x000001d0       0x38 ./Core/Src/main.o
 .debug_aranges
                0x00000208       0x38 ./Core/Src/rt_nonfinite.o
 .debug_aranges
                0x00000240       0x20 ./Core/Src/stm32g4xx_hal_msp.o
 .debug_aranges
                0x00000260       0x80 ./Core/Src/stm32g4xx_it.o
 .debug_aranges
                0x000002e0       0x28 ./Core/Src/system_stm32g4xx.o
 .debug_aranges
                0x00000308       0x88 ./Core/Src/tim.o
 .debug_aranges
                0x00000390       0x38 ./Core/Src/usart.o
 .debug_aranges
                0x000003c8       0x70 ./Core/Src/driver/a4wd3_led.o
 .debug_aranges
                0x00000438       0x28 ./Core/Src/driver/encoder.o
 .debug_aranges
                0x00000460       0x78 ./Core/Src/driver/motor_control.o
 .debug_aranges
                0x000004d8       0x28 ./Core/Src/driver_init/encoders_init.o
 .debug_aranges
                0x00000500       0x20 ./Core/Src/driver_init/lights_init.o
 .debug_aranges
                0x00000520       0x30 ./Core/Src/driver_init/motors_init.o
 .debug_aranges
                0x00000550       0x28 ./Core/Src/stub/crc_functions.o
 .debug_aranges
                0x00000578       0x78 ./Core/Src/stub/uart_functions.o
 .debug_aranges
                0x000005f0       0x28 ./Core/Startup/startup_stm32g474retx.o
 .debug_aranges
                0x00000618      0x148 ./Drivers/STM32G4xx_HAL_Driver/Src/stm32g4xx_hal.o
 .debug_aranges
                0x00000760      0x128 ./Drivers/STM32G4xx_HAL_Driver/Src/stm32g4xx_hal_cortex.o
 .debug_aranges
                0x00000888       0x60 ./Drivers/STM32G4xx_HAL_Driver/Src/stm32g4xx_hal_crc.o
 .debug_aranges
                0x000008e8       0x30 ./Drivers/STM32G4xx_HAL_Driver/Src/stm32g4xx_hal_crc_ex.o
 .debug_aranges
                0x00000918       0x90 ./Drivers/STM32G4xx_HAL_Driver/Src/stm32g4xx_hal_dma.o
 .debug_aranges
                0x000009a8       0x58 ./Drivers/STM32G4xx_HAL_Driver/Src/stm32g4xx_hal_gpio.o
 .debug_aranges
                0x00000a00      0x140 ./Drivers/STM32G4xx_HAL_Driver/Src/stm32g4xx_hal_pwr_ex.o
 .debug_aranges
                0x00000b40       0x98 ./Drivers/STM32G4xx_HAL_Driver/Src/stm32g4xx_hal_rcc.o
 .debug_aranges
                0x00000bd8       0xb0 ./Drivers/STM32G4xx_HAL_Driver/Src/stm32g4xx_hal_rcc_ex.o
 .debug_aranges
                0x00000c88      0x3e0 ./Drivers/STM32G4xx_HAL_Driver/Src/stm32g4xx_hal_tim.o
 .debug_aranges
                0x00001068      0x240 ./Drivers/STM32G4xx_HAL_Driver/Src/stm32g4xx_hal_tim_ex.o
 .debug_aranges
                0x000012a8      0x248 ./Drivers/STM32G4xx_HAL_Driver/Src/stm32g4xx_hal_uart.o
 .debug_aranges
                0x000014f0       0xa8 ./Drivers/STM32G4xx_HAL_Driver/Src/stm32g4xx_hal_uart_ex.o

.debug_rnglists
                0x00000000     0x1087
 .debug_rnglists
                0x00000000       0x7f ./Core/Src/actions/ActionsModel.o
 .debug_rnglists
                0x0000007f       0x47 ./Core/Src/board1/Board1.o
 .debug_rnglists
                0x000000c6       0x2c ./Core/Src/bus/deserialize.o
 .debug_rnglists
                0x000000f2       0x2c ./Core/Src/bus/serialize.o
 .debug_rnglists
                0x0000011e       0x1f ./Core/Src/crc.o
 .debug_rnglists
                0x0000013d       0x14 ./Core/Src/gpio.o
 .debug_rnglists
                0x00000151       0x27 ./Core/Src/main.o
 .debug_rnglists
                0x00000178       0x25 ./Core/Src/rt_nonfinite.o
 .debug_rnglists
                0x0000019d       0x13 ./Core/Src/stm32g4xx_hal_msp.o
 .debug_rnglists
                0x000001b0       0x5b ./Core/Src/stm32g4xx_it.o
 .debug_rnglists
                0x0000020b       0x1a ./Core/Src/system_stm32g4xx.o
 .debug_rnglists
                0x00000225       0x6a ./Core/Src/tim.o
 .debug_rnglists
                0x0000028f       0x28 ./Core/Src/usart.o
 .debug_rnglists
                0x000002b7       0x4f ./Core/Src/driver/a4wd3_led.o
 .debug_rnglists
                0x00000306       0x1a ./Core/Src/driver/encoder.o
 .debug_rnglists
                0x00000320       0x58 ./Core/Src/driver/motor_control.o
 .debug_rnglists
                0x00000378       0x19 ./Core/Src/driver_init/encoders_init.o
 .debug_rnglists
                0x00000391       0x13 ./Core/Src/driver_init/lights_init.o
 .debug_rnglists
                0x000003a4       0x21 ./Core/Src/driver_init/motors_init.o
 .debug_rnglists
                0x000003c5       0x19 ./Core/Src/stub/crc_functions.o
 .debug_rnglists
                0x000003de       0x55 ./Core/Src/stub/uart_functions.o
 .debug_rnglists
                0x00000433       0x19 ./Core/Startup/startup_stm32g474retx.o
 .debug_rnglists
                0x0000044c       0xf1 ./Drivers/STM32G4xx_HAL_Driver/Src/stm32g4xx_hal.o
 .debug_rnglists
                0x0000053d       0xda ./Drivers/STM32G4xx_HAL_Driver/Src/stm32g4xx_hal_cortex.o
 .debug_rnglists
                0x00000617       0x47 ./Drivers/STM32G4xx_HAL_Driver/Src/stm32g4xx_hal_crc.o
 .debug_rnglists
                0x0000065e       0x20 ./Drivers/STM32G4xx_HAL_Driver/Src/stm32g4xx_hal_crc_ex.o
 .debug_rnglists
                0x0000067e       0x71 ./Drivers/STM32G4xx_HAL_Driver/Src/stm32g4xx_hal_dma.o
 .debug_rnglists
                0x000006ef       0x3f ./Drivers/STM32G4xx_HAL_Driver/Src/stm32g4xx_hal_gpio.o
 .debug_rnglists
                0x0000072e       0xf1 ./Drivers/STM32G4xx_HAL_Driver/Src/stm32g4xx_hal_pwr_ex.o
 .debug_rnglists
                0x0000081f       0x74 ./Drivers/STM32G4xx_HAL_Driver/Src/stm32g4xx_hal_rcc.o
 .debug_rnglists
                0x00000893       0x87 ./Drivers/STM32G4xx_HAL_Driver/Src/stm32g4xx_hal_rcc_ex.o
 .debug_rnglists
                0x0000091a      0x328 ./Drivers/STM32G4xx_HAL_Driver/Src/stm32g4xx_hal_tim.o
 .debug_rnglists
                0x00000c42      0x1cc ./Drivers/STM32G4xx_HAL_Driver/Src/stm32g4xx_hal_tim_ex.o
 .debug_rnglists
                0x00000e0e      0x1fa ./Drivers/STM32G4xx_HAL_Driver/Src/stm32g4xx_hal_uart.o
 .debug_rnglists
                0x00001008       0x7f ./Drivers/STM32G4xx_HAL_Driver/Src/stm32g4xx_hal_uart_ex.o

.debug_macro    0x00000000    0x298c6
 .debug_macro   0x00000000      0x2fa ./Core/Src/actions/ActionsModel.o
 .debug_macro   0x000002fa      0xad8 ./Core/Src/actions/ActionsModel.o
 .debug_macro   0x00000dd2       0x10 ./Core/Src/actions/ActionsModel.o
 .debug_macro   0x00000de2       0xa2 ./Core/Src/actions/ActionsModel.o
 .debug_macro   0x00000e84       0x22 ./Core/Src/actions/ActionsModel.o
 .debug_macro   0x00000ea6       0x5b ./Core/Src/actions/ActionsModel.o
 .debug_macro   0x00000f01       0x2a ./Core/Src/actions/ActionsModel.o
 .debug_macro   0x00000f2b       0x94 ./Core/Src/actions/ActionsModel.o
 .debug_macro   0x00000fbf       0x43 ./Core/Src/actions/ActionsModel.o
 .debug_macro   0x00001002       0x34 ./Core/Src/actions/ActionsModel.o
 .debug_macro   0x00001036      0x190 ./Core/Src/actions/ActionsModel.o
 .debug_macro   0x000011c6       0x57 ./Core/Src/actions/ActionsModel.o
 .debug_macro   0x0000121d      0x370 ./Core/Src/actions/ActionsModel.o
 .debug_macro   0x0000158d       0x16 ./Core/Src/actions/ActionsModel.o
 .debug_macro   0x000015a3       0x4a ./Core/Src/actions/ActionsModel.o
 .debug_macro   0x000015ed       0x34 ./Core/Src/actions/ActionsModel.o
 .debug_macro   0x00001621       0x10 ./Core/Src/actions/ActionsModel.o
 .debug_macro   0x00001631       0x58 ./Core/Src/actions/ActionsModel.o
 .debug_macro   0x00001689       0x8e ./Core/Src/actions/ActionsModel.o
 .debug_macro   0x00001717       0x1c ./Core/Src/actions/ActionsModel.o
 .debug_macro   0x00001733      0x185 ./Core/Src/actions/ActionsModel.o
 .debug_macro   0x000018b8      0x19b ./Core/Src/actions/ActionsModel.o
 .debug_macro   0x00001a53      0x103 ./Core/Src/actions/ActionsModel.o
 .debug_macro   0x00001b56       0x6a ./Core/Src/actions/ActionsModel.o
 .debug_macro   0x00001bc0      0x1df ./Core/Src/actions/ActionsModel.o
 .debug_macro   0x00001d9f       0x22 ./Core/Src/actions/ActionsModel.o
 .debug_macro   0x00001dc1      0x40e ./Core/Src/board1/Board1.o
 .debug_macro   0x000021cf       0x10 ./Core/Src/board1/Board1.o
 .debug_macro   0x000021df       0x16 ./Core/Src/board1/Board1.o
 .debug_macro   0x000021f5       0x22 ./Core/Src/board1/Board1.o
 .debug_macro   0x00002217       0x6a ./Core/Src/board1/Board1.o
 .debug_macro   0x00002281      0x161 ./Core/Src/board1/Board1.o
 .debug_macro   0x000023e2       0x2e ./Core/Src/board1/Board1.o
 .debug_macro   0x00002410       0x28 ./Core/Src/board1/Board1.o
 .debug_macro   0x00002438       0x1c ./Core/Src/board1/Board1.o
 .debug_macro   0x00002454       0x22 ./Core/Src/board1/Board1.o
 .debug_macro   0x00002476       0xfb ./Core/Src/board1/Board1.o
 .debug_macro   0x00002571     0x1011 ./Core/Src/board1/Board1.o
 .debug_macro   0x00003582      0x11f ./Core/Src/board1/Board1.o
 .debug_macro   0x000036a1    0x18b8c ./Core/Src/board1/Board1.o
 .debug_macro   0x0001c22d       0x6d ./Core/Src/board1/Board1.o
 .debug_macro   0x0001c29a     0x3558 ./Core/Src/board1/Board1.o
 .debug_macro   0x0001f7f2       0x56 ./Core/Src/board1/Board1.o
 .debug_macro   0x0001f848     0x171f ./Core/Src/board1/Board1.o
 .debug_macro   0x00020f67      0x600 ./Core/Src/board1/Board1.o
 .debug_macro   0x00021567      0x1b6 ./Core/Src/board1/Board1.o
 .debug_macro   0x0002171d      0x34a ./Core/Src/board1/Board1.o
 .debug_macro   0x00021a67      0x53c ./Core/Src/board1/Board1.o
 .debug_macro   0x00021fa3      0x18b ./Core/Src/board1/Board1.o
 .debug_macro   0x0002212e       0x43 ./Core/Src/board1/Board1.o
 .debug_macro   0x00022171      0x23d ./Core/Src/board1/Board1.o
 .debug_macro   0x000223ae       0xc7 ./Core/Src/board1/Board1.o
 .debug_macro   0x00022475       0x4c ./Core/Src/board1/Board1.o
 .debug_macro   0x000224c1      0x211 ./Core/Src/board1/Board1.o
 .debug_macro   0x000226d2      0x45c ./Core/Src/board1/Board1.o
 .debug_macro   0x00022b2e      0x11c ./Core/Src/board1/Board1.o
 .debug_macro   0x00022c4a      0x122 ./Core/Src/board1/Board1.o
 .debug_macro   0x00022d6c      0x3d1 ./Core/Src/board1/Board1.o
 .debug_macro   0x0002313d      0xc0b ./Core/Src/board1/Board1.o
 .debug_macro   0x00023d48      0x718 ./Core/Src/board1/Board1.o
 .debug_macro   0x00024460      0x693 ./Core/Src/board1/Board1.o
 .debug_macro   0x00024af3       0xa6 ./Core/Src/board1/Board1.o
 .debug_macro   0x00024b99      0x358 ./Core/Src/board1/Board1.o
 .debug_macro   0x00024ef1       0x10 ./Core/Src/board1/Board1.o
 .debug_macro   0x00024f01      0x175 ./Core/Src/bus/deserialize.o
 .debug_macro   0x00025076       0x8e ./Core/Src/bus/deserialize.o
 .debug_macro   0x00025104       0x51 ./Core/Src/bus/deserialize.o
 .debug_macro   0x00025155       0x61 ./Core/Src/bus/deserialize.o
 .debug_macro   0x000251b6       0x10 ./Core/Src/bus/deserialize.o
 .debug_macro   0x000251c6       0x3c ./Core/Src/bus/deserialize.o
 .debug_macro   0x00025202       0x20 ./Core/Src/bus/deserialize.o
 .debug_macro   0x00025222      0x175 ./Core/Src/bus/serialize.o
 .debug_macro   0x00025397      0x1fb ./Core/Src/crc.o
 .debug_macro   0x00025592       0x5c ./Core/Src/crc.o
 .debug_macro   0x000255ee       0xf4 ./Core/Src/crc.o
 .debug_macro   0x000256e2      0x1fb ./Core/Src/gpio.o
 .debug_macro   0x000258dd      0x455 ./Core/Src/main.o
 .debug_macro   0x00025d32       0x1c ./Core/Src/main.o
 .debug_macro   0x00025d4e       0x10 ./Core/Src/main.o
 .debug_macro   0x00025d5e       0x1c ./Core/Src/main.o
 .debug_macro   0x00025d7a       0x16 ./Core/Src/main.o
 .debug_macro   0x00025d90      0x146 ./Core/Src/main.o
 .debug_macro   0x00025ed6       0x16 ./Core/Src/main.o
 .debug_macro   0x00025eec       0x10 ./Core/Src/main.o
 .debug_macro   0x00025efc       0x16 ./Core/Src/main.o
 .debug_macro   0x00025f12       0x10 ./Core/Src/main.o
 .debug_macro   0x00025f22       0xf9 ./Core/Src/rt_nonfinite.o
 .debug_macro   0x0002601b      0x1f1 ./Core/Src/stm32g4xx_hal_msp.o
 .debug_macro   0x0002620c      0x1fb ./Core/Src/stm32g4xx_it.o
 .debug_macro   0x00026407      0x1e2 ./Core/Src/system_stm32g4xx.o
 .debug_macro   0x000265e9      0x1fb ./Core/Src/tim.o
 .debug_macro   0x000267e4      0x1fb ./Core/Src/usart.o
 .debug_macro   0x000269df      0x1ec ./Core/Src/driver/a4wd3_led.o
 .debug_macro   0x00026bcb      0x2b8 ./Core/Src/driver/encoder.o
 .debug_macro   0x00026e83      0x297 ./Core/Src/driver/motor_control.o
 .debug_macro   0x0002711a      0x205 ./Core/Src/driver_init/encoders_init.o
 .debug_macro   0x0002731f      0x209 ./Core/Src/driver_init/lights_init.o
 .debug_macro   0x00027528       0xfa ./Core/Src/driver_init/lights_init.o
 .debug_macro   0x00027622      0x206 ./Core/Src/driver_init/motors_init.o
 .debug_macro   0x00027828      0x36a ./Core/Src/stub/crc_functions.o
 .debug_macro   0x00027b92      0x35e ./Core/Src/stub/uart_functions.o
 .debug_macro   0x00027ef0       0x16 ./Core/Src/stub/uart_functions.o
 .debug_macro   0x00027f06       0x16 ./Core/Src/stub/uart_functions.o
 .debug_macro   0x00027f1c      0x230 ./Drivers/STM32G4xx_HAL_Driver/Src/stm32g4xx_hal.o
 .debug_macro   0x0002814c      0x1e2 ./Drivers/STM32G4xx_HAL_Driver/Src/stm32g4xx_hal_cortex.o
 .debug_macro   0x0002832e      0x1e2 ./Drivers/STM32G4xx_HAL_Driver/Src/stm32g4xx_hal_crc.o
 .debug_macro   0x00028510      0x1e2 ./Drivers/STM32G4xx_HAL_Driver/Src/stm32g4xx_hal_crc_ex.o
 .debug_macro   0x000286f2      0x1e2 ./Drivers/STM32G4xx_HAL_Driver/Src/stm32g4xx_hal_dma.o
 .debug_macro   0x000288d4      0x1e9 ./Drivers/STM32G4xx_HAL_Driver/Src/stm32g4xx_hal_gpio.o
 .debug_macro   0x00028abd      0x20c ./Drivers/STM32G4xx_HAL_Driver/Src/stm32g4xx_hal_pwr_ex.o
 .debug_macro   0x00028cc9      0x224 ./Drivers/STM32G4xx_HAL_Driver/Src/stm32g4xx_hal_rcc.o
 .debug_macro   0x00028eed      0x20c ./Drivers/STM32G4xx_HAL_Driver/Src/stm32g4xx_hal_rcc_ex.o
 .debug_macro   0x000290f9      0x1ea ./Drivers/STM32G4xx_HAL_Driver/Src/stm32g4xx_hal_tim.o
 .debug_macro   0x000292e3      0x1e8 ./Drivers/STM32G4xx_HAL_Driver/Src/stm32g4xx_hal_tim_ex.o
 .debug_macro   0x000294cb      0x20d ./Drivers/STM32G4xx_HAL_Driver/Src/stm32g4xx_hal_uart.o
 .debug_macro   0x000296d8      0x1ee ./Drivers/STM32G4xx_HAL_Driver/Src/stm32g4xx_hal_uart_ex.o

.debug_line     0x00000000    0x1f8fd
 .debug_line    0x00000000     0x1ba8 ./Core/Src/actions/ActionsModel.o
 .debug_line    0x00001ba8     0x125b ./Core/Src/board1/Board1.o
 .debug_line    0x00002e03      0x7e6 ./Core/Src/bus/deserialize.o
 .debug_line    0x000035e9      0x79d ./Core/Src/bus/serialize.o
 .debug_line    0x00003d86      0x7e1 ./Core/Src/crc.o
 .debug_line    0x00004567      0x7ba ./Core/Src/gpio.o
 .debug_line    0x00004d21      0xe7e ./Core/Src/main.o
 .debug_line    0x00005b9f      0x5ed ./Core/Src/rt_nonfinite.o
 .debug_line    0x0000618c      0x793 ./Core/Src/stm32g4xx_hal_msp.o
 .debug_line    0x0000691f      0x8a1 ./Core/Src/stm32g4xx_it.o
 .debug_line    0x000071c0      0x7ff ./Core/Src/system_stm32g4xx.o
 .debug_line    0x000079bf      0xc0f ./Core/Src/tim.o
 .debug_line    0x000085ce      0x907 ./Core/Src/usart.o
 .debug_line    0x00008ed5      0x906 ./Core/Src/driver/a4wd3_led.o
 .debug_line    0x000097db      0x9c1 ./Core/Src/driver/encoder.o
 .debug_line    0x0000a19c      0xba4 ./Core/Src/driver/motor_control.o
 .debug_line    0x0000ad40      0x8f0 ./Core/Src/driver_init/encoders_init.o
 .debug_line    0x0000b630      0x85b ./Core/Src/driver_init/lights_init.o
 .debug_line    0x0000be8b      0x958 ./Core/Src/driver_init/motors_init.o
 .debug_line    0x0000c7e3      0xa99 ./Core/Src/stub/crc_functions.o
 .debug_line    0x0000d27c      0xb73 ./Core/Src/stub/uart_functions.o
 .debug_line    0x0000ddef       0x7b ./Core/Startup/startup_stm32g474retx.o
 .debug_line    0x0000de6a      0xbcb ./Drivers/STM32G4xx_HAL_Driver/Src/stm32g4xx_hal.o
 .debug_line    0x0000ea35      0xd30 ./Drivers/STM32G4xx_HAL_Driver/Src/stm32g4xx_hal_cortex.o
 .debug_line    0x0000f765      0xa51 ./Drivers/STM32G4xx_HAL_Driver/Src/stm32g4xx_hal_crc.o
 .debug_line    0x000101b6      0x84f ./Drivers/STM32G4xx_HAL_Driver/Src/stm32g4xx_hal_crc_ex.o
 .debug_line    0x00010a05      0xeca ./Drivers/STM32G4xx_HAL_Driver/Src/stm32g4xx_hal_dma.o
 .debug_line    0x000118cf      0xba4 ./Drivers/STM32G4xx_HAL_Driver/Src/stm32g4xx_hal_gpio.o
 .debug_line    0x00012473      0xd2a ./Drivers/STM32G4xx_HAL_Driver/Src/stm32g4xx_hal_pwr_ex.o
 .debug_line    0x0001319d     0x104e ./Drivers/STM32G4xx_HAL_Driver/Src/stm32g4xx_hal_rcc.o
 .debug_line    0x000141eb     0x12c3 ./Drivers/STM32G4xx_HAL_Driver/Src/stm32g4xx_hal_rcc_ex.o
 .debug_line    0x000154ae     0x4064 ./Drivers/STM32G4xx_HAL_Driver/Src/stm32g4xx_hal_tim.o
 .debug_line    0x00019512     0x20d2 ./Drivers/STM32G4xx_HAL_Driver/Src/stm32g4xx_hal_tim_ex.o
 .debug_line    0x0001b5e4     0x3619 ./Drivers/STM32G4xx_HAL_Driver/Src/stm32g4xx_hal_uart.o
 .debug_line    0x0001ebfd      0xd00 ./Drivers/STM32G4xx_HAL_Driver/Src/stm32g4xx_hal_uart_ex.o

.debug_str      0x00000000   0x1008f9
 .debug_str     0x00000000   0x1008f9 ./Core/Src/actions/ActionsModel.o
                               0x9336 (size before relaxing)
 .debug_str     0x001008f9    0xf86b2 ./Core/Src/board1/Board1.o
 .debug_str     0x001008f9     0x7aaa ./Core/Src/bus/deserialize.o
 .debug_str     0x001008f9     0x7a9c ./Core/Src/bus/serialize.o
 .debug_str     0x001008f9    0xf3c98 ./Core/Src/crc.o
 .debug_str     0x001008f9    0xf3b51 ./Core/Src/gpio.o
 .debug_str     0x001008f9    0xf9bfa ./Core/Src/main.o
 .debug_str     0x001008f9     0x7233 ./Core/Src/rt_nonfinite.o
 .debug_str     0x001008f9    0xf3aa7 ./Core/Src/stm32g4xx_hal_msp.o
 .debug_str     0x001008f9    0xf42f9 ./Core/Src/stm32g4xx_it.o
 .debug_str     0x001008f9    0xf3745 ./Core/Src/system_stm32g4xx.o
 .debug_str     0x001008f9    0xf4bf9 ./Core/Src/tim.o
 .debug_str     0x001008f9    0xf49cc ./Core/Src/usart.o
 .debug_str     0x001008f9    0xf36f6 ./Core/Src/driver/a4wd3_led.o
 .debug_str     0x001008f9    0xf6e79 ./Core/Src/driver/encoder.o
 .debug_str     0x001008f9    0xf7781 ./Core/Src/driver/motor_control.o
 .debug_str     0x001008f9    0xf3e2f ./Core/Src/driver_init/encoders_init.o
 .debug_str     0x001008f9    0xf3a66 ./Core/Src/driver_init/lights_init.o
 .debug_str     0x001008f9    0xf3f0d ./Core/Src/driver_init/motors_init.o
 .debug_str     0x001008f9    0xf7756 ./Core/Src/stub/crc_functions.o
 .debug_str     0x001008f9    0xf7c8e ./Core/Src/stub/uart_functions.o
 .debug_str     0x001008f9       0x85 ./Core/Startup/startup_stm32g474retx.o
 .debug_str     0x001008f9    0xf4457 ./Drivers/STM32G4xx_HAL_Driver/Src/stm32g4xx_hal.o
 .debug_str     0x001008f9    0xf4113 ./Drivers/STM32G4xx_HAL_Driver/Src/stm32g4xx_hal_cortex.o
 .debug_str     0x001008f9    0xf37fc ./Drivers/STM32G4xx_HAL_Driver/Src/stm32g4xx_hal_crc.o
 .debug_str     0x001008f9    0xf37a2 ./Drivers/STM32G4xx_HAL_Driver/Src/stm32g4xx_hal_crc_ex.o
 .debug_str     0x001008f9    0xf3b1f ./Drivers/STM32G4xx_HAL_Driver/Src/stm32g4xx_hal_dma.o
 .debug_str     0x001008f9    0xf38d0 ./Drivers/STM32G4xx_HAL_Driver/Src/stm32g4xx_hal_gpio.o
 .debug_str     0x001008f9    0xf3c33 ./Drivers/STM32G4xx_HAL_Driver/Src/stm32g4xx_hal_pwr_ex.o
 .debug_str     0x001008f9    0xf3e64 ./Drivers/STM32G4xx_HAL_Driver/Src/stm32g4xx_hal_rcc.o
 .debug_str     0x001008f9    0xf3e8e ./Drivers/STM32G4xx_HAL_Driver/Src/stm32g4xx_hal_rcc_ex.o
 .debug_str     0x001008f9    0xf4c43 ./Drivers/STM32G4xx_HAL_Driver/Src/stm32g4xx_hal_tim.o
 .debug_str     0x001008f9    0xf48b7 ./Drivers/STM32G4xx_HAL_Driver/Src/stm32g4xx_hal_tim_ex.o
 .debug_str     0x001008f9    0xf4700 ./Drivers/STM32G4xx_HAL_Driver/Src/stm32g4xx_hal_uart.o
 .debug_str     0x001008f9    0xf3efe ./Drivers/STM32G4xx_HAL_Driver/Src/stm32g4xx_hal_uart_ex.o

.comment        0x00000000       0x43
 .comment       0x00000000       0x43 ./Core/Src/actions/ActionsModel.o
                                 0x44 (size before relaxing)
 .comment       0x00000043       0x44 ./Core/Src/board1/Board1.o