../Core/Src/actions/ActionsModel.c:157:6:ActionsMod_MovingObstacles_Init	16	static
../Core/Src/actions/ActionsModel.c:168:6:ActionsModel_MovingObstacles	24	static
../Core/Src/actions/ActionsModel.c:255:24:ActionsMo_checkSafetyFromRotate	24	static
../Core/Src/actions/ActionsModel.c:267:24:ActionsM_checkSafetyFromForward	24	static
../Core/Src/actions/ActionsModel.c:296:16:ActionsModel_areAllSpeedsZero	32	static
../Core/Src/actions/ActionsModel.c:305:16:Acti_trackGyroAngleChangeRobust	32	static
../Core/Src/actions/ActionsModel.c:332:13:enter_internal_BW_FW_SafeAction	24	static
../Core/Src/actions/ActionsModel.c:381:13:ActionsModel_BW_Forward	32	static
../Core/Src/actions/ActionsModel.c:588:13:ActionsModel_BW_RotateLeft	32	static
../Core/Src/actions/ActionsModel.c:713:13:Ac_enter_internal_FW_SafeAction	24	static
../Core/Src/actions/ActionsModel.c:762:13:ActionsModel_Backward	56	static
../Core/Src/actions/ActionsModel.c:1197:13:ActionsModel_Forward	32	static
../Core/Src/actions/ActionsModel.c:1591:13:ActionsModel_RotateLeft	24	static
../Core/Src/actions/ActionsModel.c:1864:13:ActionsModel_RotateRight	24	static
../Core/Src/actions/ActionsModel.c:2139:6:ActionsModel_Init	24	static
../Core/Src/actions/ActionsModel.c:2170:6:ActionsModel_ComputeRoverAction	56	static
../Core/Src/actions/ActionsModel.c:2536:6:ActionsModel_initialize	24	static
